Component: ARM Compiler 5.06 update 7 (build 960) Tool: armlink [4d3601]

==============================================================================

Section Cross References

    startup_stm32f103xe.o(RESET) refers to startup_stm32f103xe.o(STACK) for __initial_sp
    startup_stm32f103xe.o(RESET) refers to startup_stm32f103xe.o(.text) for Reset_Handler
    startup_stm32f103xe.o(RESET) refers to stm32f1xx_it.o(i.NMI_Handler) for NMI_Handler
    startup_stm32f103xe.o(RESET) refers to stm32f1xx_it.o(i.HardFault_Handler) for HardFault_Handler
    startup_stm32f103xe.o(RESET) refers to stm32f1xx_it.o(i.MemManage_Handler) for MemManage_Handler
    startup_stm32f103xe.o(RESET) refers to stm32f1xx_it.o(i.BusFault_Handler) for BusFault_Handler
    startup_stm32f103xe.o(RESET) refers to stm32f1xx_it.o(i.UsageFault_Handler) for UsageFault_Handler
    startup_stm32f103xe.o(RESET) refers to stm32f1xx_it.o(i.SVC_Handler) for SVC_Handler
    startup_stm32f103xe.o(RESET) refers to stm32f1xx_it.o(i.DebugMon_Handler) for DebugMon_Handler
    startup_stm32f103xe.o(RESET) refers to stm32f1xx_it.o(i.PendSV_Handler) for PendSV_Handler
    startup_stm32f103xe.o(RESET) refers to stm32f1xx_it.o(i.SysTick_Handler) for SysTick_Handler
    startup_stm32f103xe.o(RESET) refers to stm32f1xx_it.o(i.USART1_IRQHandler) for USART1_IRQHandler
    startup_stm32f103xe.o(RESET) refers to stm32f1xx_it.o(i.TIM5_IRQHandler) for TIM5_IRQHandler
    startup_stm32f103xe.o(.text) refers to system_stm32f1xx.o(i.SystemInit) for SystemInit
    startup_stm32f103xe.o(.text) refers to entry.o(.ARM.Collect$$$$00000000) for __main
    main.o(i.SystemClock_Config) refers to memseta.o(.text) for __aeabi_memclr4
    main.o(i.SystemClock_Config) refers to stm32f1xx_hal_rcc.o(i.HAL_RCC_OscConfig) for HAL_RCC_OscConfig
    main.o(i.SystemClock_Config) refers to stm32f1xx_hal_rcc.o(i.HAL_RCC_ClockConfig) for HAL_RCC_ClockConfig
    main.o(i.main) refers to stm32f1xx_hal.o(i.HAL_Init) for HAL_Init
    main.o(i.main) refers to main.o(i.SystemClock_Config) for SystemClock_Config
    main.o(i.main) refers to gpio.o(i.MX_GPIO_Init) for MX_GPIO_Init
    main.o(i.main) refers to usart.o(i.MX_USART1_UART_Init) for MX_USART1_UART_Init
    main.o(i.main) refers to tim.o(i.MX_TIM4_Init) for MX_TIM4_Init
    main.o(i.main) refers to tim.o(i.MX_TIM3_Init) for MX_TIM3_Init
    main.o(i.main) refers to tim.o(i.MX_TIM5_Init) for MX_TIM5_Init
    main.o(i.main) refers to stm32f1xx_hal_tim.o(i.HAL_TIM_Base_Start_IT) for HAL_TIM_Base_Start_IT
    main.o(i.main) refers to stm32f1xx_hal_tim.o(i.HAL_TIM_IC_Start_IT) for HAL_TIM_IC_Start_IT
    main.o(i.main) refers to printf1.o(i.__0printf$1) for __2printf
    main.o(i.main) refers to bsp_ps2.o(i.Ps2ClearData) for Ps2ClearData
    main.o(i.main) refers to bsp_ps2.o(i.Ps2GetData) for Ps2GetData
    main.o(i.main) refers to bsp_ps2.o(i.Ps2DataKey) for Ps2DataKey
    main.o(i.main) refers to bsp_ps2.o(i.Ps2CheckMode) for Ps2CheckMode
    main.o(i.main) refers to bsp_ps2.o(i.Ps2_DisLinkStatus) for Ps2_DisLinkStatus
    main.o(i.main) refers to bsp_ps2.o(i.Ps2GetAnalogValue) for Ps2GetAnalogValue
    main.o(i.main) refers to motor.o(i.MotorControl_Ps2) for MotorControl_Ps2
    main.o(i.main) refers to stm32f1xx_hal.o(i.HAL_Delay) for HAL_Delay
    main.o(i.main) refers to tim.o(.bss) for htim5
    gpio.o(i.MX_GPIO_Init) refers to stm32f1xx_hal_gpio.o(i.HAL_GPIO_WritePin) for HAL_GPIO_WritePin
    gpio.o(i.MX_GPIO_Init) refers to stm32f1xx_hal_gpio.o(i.HAL_GPIO_Init) for HAL_GPIO_Init
    tim.o(i.HAL_TIM_Base_MspDeInit) refers to stm32f1xx_hal_gpio.o(i.HAL_GPIO_DeInit) for HAL_GPIO_DeInit
    tim.o(i.HAL_TIM_Base_MspDeInit) refers to stm32f1xx_hal_cortex.o(i.HAL_NVIC_DisableIRQ) for HAL_NVIC_DisableIRQ
    tim.o(i.HAL_TIM_Base_MspInit) refers to stm32f1xx_hal_gpio.o(i.HAL_GPIO_Init) for HAL_GPIO_Init
    tim.o(i.HAL_TIM_Base_MspInit) refers to stm32f1xx_hal_cortex.o(i.HAL_NVIC_SetPriority) for HAL_NVIC_SetPriority
    tim.o(i.HAL_TIM_Base_MspInit) refers to stm32f1xx_hal_cortex.o(i.HAL_NVIC_EnableIRQ) for HAL_NVIC_EnableIRQ
    tim.o(i.HAL_TIM_Base_MspInit) refers to stm32f1xx_hal_tim.o(i.HAL_TIM_Base_Start_IT) for HAL_TIM_Base_Start_IT
    tim.o(i.HAL_TIM_Base_MspInit) refers to stm32f1xx_hal_tim.o(i.HAL_TIM_IC_Start_IT) for HAL_TIM_IC_Start_IT
    tim.o(i.HAL_TIM_Base_MspInit) refers to tim.o(.bss) for .bss
    tim.o(i.HAL_TIM_MspPostInit) refers to stm32f1xx_hal_gpio.o(i.HAL_GPIO_Init) for HAL_GPIO_Init
    tim.o(i.MX_TIM3_Init) refers to memseta.o(.text) for __aeabi_memclr4
    tim.o(i.MX_TIM3_Init) refers to stm32f1xx_hal_tim.o(i.HAL_TIM_Base_Init) for HAL_TIM_Base_Init
    tim.o(i.MX_TIM3_Init) refers to main.o(i.Error_Handler) for Error_Handler
    tim.o(i.MX_TIM3_Init) refers to stm32f1xx_hal_tim.o(i.HAL_TIM_ConfigClockSource) for HAL_TIM_ConfigClockSource
    tim.o(i.MX_TIM3_Init) refers to stm32f1xx_hal_tim.o(i.HAL_TIM_PWM_Init) for HAL_TIM_PWM_Init
[...]
    Removing stm32f1xx_hal_flash.o(i.HAL_FLASH_OB_Launch), (4 bytes).
    Removing stm32f1xx_hal_flash.o(i.HAL_FLASH_OB_Lock), (20 bytes).
    Removing stm32f1xx_hal_flash.o(i.HAL_FLASH_OB_Unlock), (36 bytes).
    Removing stm32f1xx_hal_flash.o(i.HAL_FLASH_OperationErrorCallback), (2 bytes).
    Removing stm32f1xx_hal_flash.o(i.HAL_FLASH_Program), (128 bytes).
    Removing stm32f1xx_hal_flash.o(i.HAL_FLASH_Program_IT), (100 bytes).
    Removing stm32f1xx_hal_flash.o(i.HAL_FLASH_Unlock), (40 bytes).
    Removing stm32f1xx_hal_flash.o(.bss), (32 bytes).
    Removing stm32f1xx_hal_flash_ex.o(.rev16_text), (4 bytes).
    Removing stm32f1xx_hal_flash_ex.o(.revsh_text), (4 bytes).
    Removing stm32f1xx_hal_flash_ex.o(.rrx_text), (6 bytes).
    Removing stm32f1xx_hal_flash_ex.o(i.FLASH_MassErase), (36 bytes).
    Removing stm32f1xx_hal_flash_ex.o(i.FLASH_OB_DisableWRP), (176 bytes).
    Removing stm32f1xx_hal_flash_ex.o(i.FLASH_OB_EnableWRP), (176 bytes).
    Removing stm32f1xx_hal_flash_ex.o(i.FLASH_OB_GetRDP), (24 bytes).
    Removing stm32f1xx_hal_flash_ex.o(i.FLASH_OB_RDP_LevelConfig), (100 bytes).
    Removing stm32f1xx_hal_flash_ex.o(i.FLASH_PageErase), (36 bytes).
    Removing stm32f1xx_hal_flash_ex.o(i.HAL_FLASHEx_Erase), (168 bytes).
    Removing stm32f1xx_hal_flash_ex.o(i.HAL_FLASHEx_Erase_IT), (84 bytes).
    Removing stm32f1xx_hal_flash_ex.o(i.HAL_FLASHEx_OBErase), (84 bytes).
    Removing stm32f1xx_hal_flash_ex.o(i.HAL_FLASHEx_OBGetConfig), (36 bytes).
    Removing stm32f1xx_hal_flash_ex.o(i.HAL_FLASHEx_OBGetUserData), (32 bytes).
    Removing stm32f1xx_hal_flash_ex.o(i.HAL_FLASHEx_OBProgram), (200 bytes).
    Removing stm32f1xx_hal_exti.o(.rev16_text), (4 bytes).
    Removing stm32f1xx_hal_exti.o(.revsh_text), (4 bytes).
    Removing stm32f1xx_hal_exti.o(.rrx_text), (6 bytes).
    Removing stm32f1xx_hal_exti.o(i.HAL_EXTI_ClearConfigLine), (104 bytes).
    Removing stm32f1xx_hal_exti.o(i.HAL_EXTI_ClearPending), (20 bytes).
    Removing stm32f1xx_hal_exti.o(i.HAL_EXTI_GenerateSWI), (20 bytes).
    Removing stm32f1xx_hal_exti.o(i.HAL_EXTI_GetConfigLine), (144 bytes).
    Removing stm32f1xx_hal_exti.o(i.HAL_EXTI_GetHandle), (12 bytes).
    Removing stm32f1xx_hal_exti.o(i.HAL_EXTI_GetPending), (24 bytes).
    Removing stm32f1xx_hal_exti.o(i.HAL_EXTI_IRQHandler), (36 bytes).
    Removing stm32f1xx_hal_exti.o(i.HAL_EXTI_RegisterCallback), (14 bytes).
    Removing stm32f1xx_hal_exti.o(i.HAL_EXTI_SetConfigLine), (164 bytes).
    Removing stm32f1xx_hal_uart.o(.rev16_text), (4 bytes).
    Removing stm32f1xx_hal_uart.o(.revsh_text), (4 bytes).
    Removing stm32f1xx_hal_uart.o(.rrx_text), (6 bytes).
    Removing stm32f1xx_hal_uart.o(i.HAL_HalfDuplex_EnableReceiver), (50 bytes).
    Removing stm32f1xx_hal_uart.o(i.HAL_HalfDuplex_EnableTransmitter), (50 bytes).
    Removing stm32f1xx_hal_uart.o(i.HAL_HalfDuplex_Init), (108 bytes).
    Removing stm32f1xx_hal_uart.o(i.HAL_LIN_Init), (128 bytes).
    Removing stm32f1xx_hal_uart.o(i.HAL_LIN_SendBreak), (46 bytes).
    Removing stm32f1xx_hal_uart.o(i.HAL_MultiProcessor_EnterMuteMode), (46 bytes).
    Removing stm32f1xx_hal_uart.o(i.HAL_MultiProcessor_ExitMuteMode), (46 bytes).
    Removing stm32f1xx_hal_uart.o(i.HAL_MultiProcessor_Init), (142 bytes).
    Removing stm32f1xx_hal_uart.o(i.HAL_UARTEx_ReceiveToIdle), (254 bytes).
    Removing stm32f1xx_hal_uart.o(i.HAL_UARTEx_ReceiveToIdle_DMA), (74 bytes).
    Removing stm32f1xx_hal_uart.o(i.HAL_UARTEx_ReceiveToIdle_IT), (74 bytes).
    Removing stm32f1xx_hal_uart.o(i.HAL_UART_Abort), (156 bytes).
    Removing stm32f1xx_hal_uart.o(i.HAL_UART_AbortCpltCallback), (2 bytes).
    Removing stm32f1xx_hal_uart.o(i.HAL_UART_AbortReceive), (106 bytes).
    Removing stm32f1xx_hal_uart.o(i.HAL_UART_AbortReceiveCpltCallback), (2 bytes).
    Removing stm32f1xx_hal_uart.o(i.HAL_UART_AbortReceive_IT), (112 bytes).
    Removing stm32f1xx_hal_uart.o(i.HAL_UART_AbortTransmit), (78 bytes).
    Removing stm32f1xx_hal_uart.o(i.HAL_UART_AbortTransmitCpltCallback), (2 bytes).
    Removing stm32f1xx_hal_uart.o(i.HAL_UART_AbortTransmit_IT), (84 bytes).
    Removing stm32f1xx_hal_uart.o(i.HAL_UART_Abort_IT), (188 bytes).
    Removing stm32f1xx_hal_uart.o(i.HAL_UART_DMAPause), (102 bytes).
    Removing stm32f1xx_hal_uart.o(i.HAL_UART_DMAResume), (94 bytes).
    Removing stm32f1xx_hal_uart.o(i.HAL_UART_DMAStop), (88 bytes).
    Removing stm32f1xx_hal_uart.o(i.HAL_UART_DeInit), (52 bytes).
    Removing stm32f1xx_hal_uart.o(i.HAL_UART_GetError), (4 bytes).
    Removing stm32f1xx_hal_uart.o(i.HAL_UART_GetState), (10 bytes).
    Removing stm32f1xx_hal_uart.o(i.HAL_UART_MspDeInit), (2 bytes).
    Removing stm32f1xx_hal_uart.o(i.HAL_UART_MspInit), (2 bytes).
    Removing stm32f1xx_hal_uart.o(i.HAL_UART_Receive), (192 bytes).
    Removing stm32f1xx_hal_uart.o(i.HAL_UART_Receive_DMA), (42 bytes).
    Removing stm32f1xx_hal_uart.o(i.HAL_UART_RxCpltCallback), (2 bytes).
    Removing stm32f1xx_hal_uart.o(i.HAL_UART_RxHalfCpltCallback), (2 bytes).
    Removing stm32f1xx_hal_uart.o(i.HAL_UART_Transmit_DMA), (128 bytes).
    Removing stm32f1xx_hal_uart.o(i.HAL_UART_Transmit_IT), (62 bytes).
    Removing stm32f1xx_hal_uart.o(i.HAL_UART_TxHalfCpltCallback), (2 bytes).
    Removing stm32f1xx_hal_uart.o(i.UART_DMAError), (74 bytes).
    Removing stm32f1xx_hal_uart.o(i.UART_DMAReceiveCplt), (90 bytes).
    Removing stm32f1xx_hal_uart.o(i.UART_DMARxAbortCallback), (44 bytes).
    Removing stm32f1xx_hal_uart.o(i.UART_DMARxHalfCplt), (26 bytes).
    Removing stm32f1xx_hal_uart.o(i.UART_DMARxOnlyAbortCallback), (22 bytes).
    Removing stm32f1xx_hal_uart.o(i.UART_DMATransmitCplt), (46 bytes).
    Removing stm32f1xx_hal_uart.o(i.UART_DMATxAbortCallback), (44 bytes).
    Removing stm32f1xx_hal_uart.o(i.UART_DMATxHalfCplt), (10 bytes).
    Removing stm32f1xx_hal_uart.o(i.UART_DMATxOnlyAbortCallback), (20 bytes).
    Removing stm32f1xx_hal_uart.o(i.UART_EndTxTransfer), (18 bytes).
    Removing stm32f1xx_hal_uart.o(i.UART_Start_Receive_DMA), (112 bytes).
    Removing system_stm32f1xx.o(.rev16_text), (4 bytes).
    Removing system_stm32f1xx.o(.revsh_text), (4 bytes).
    Removing system_stm32f1xx.o(.rrx_text), (6 bytes).
    Removing system_stm32f1xx.o(i.SystemCoreClockUpdate), (104 bytes).
    Removing bsp_servo.o(.rev16_text), (4 bytes).
    Removing bsp_servo.o(.revsh_text), (4 bytes).
    Removing bsp_servo.o(.rrx_text), (6 bytes).
    Removing bsp_servo.o(i.Servo_Control), (136 bytes).
    Removing bsp_servo.o(i.pulse_modify), (48 bytes).
    Removing bsp_encoder.o(.rev16_text), (4 bytes).
    Removing bsp_encoder.o(.revsh_text), (4 bytes).
    Removing bsp_encoder.o(.rrx_text), (6 bytes).
    Removing bsp_motor.o(.rev16_text), (4 bytes).
    Removing bsp_motor.o(.revsh_text), (4 bytes).
    Removing bsp_motor.o(.rrx_text), (6 bytes).
    Removing bsp_led.o(.rev16_text), (4 bytes).
    Removing bsp_led.o(.revsh_text), (4 bytes).
    Removing bsp_led.o(.rrx_text), (6 bytes).
    Removing bsp_led.o(i.led_off), (16 bytes).
    Removing bsp_led.o(i.led_on), (16 bytes).
    Removing bsp_led.o(i.led_toggle), (52 bytes).
    Removing bsp_ps2.o(.rev16_text), (4 bytes).
    Removing bsp_ps2.o(.revsh_text), (4 bytes).
    Removing bsp_ps2.o(.rrx_text), (6 bytes).
    Removing motor.o(.rev16_text), (4 bytes).
    Removing motor.o(.revsh_text), (4 bytes).
    Removing motor.o(.rrx_text), (6 bytes).
    Removing pid.o(.rev16_text), (4 bytes).
    Removing pid.o(.revsh_text), (4 bytes).
    Removing pid.o(.rrx_text), (6 bytes).
    Removing pid.o(i.bsp_InitPid), (68 bytes).
    Removing dadd.o(.text), (334 bytes).
    Removing dscalb.o(.text), (46 bytes).
    Removing dflti.o(.text), (34 bytes).
    Removing dfixi.o(.text), (62 bytes).
    Removing dfixul.o(.text), (48 bytes).
    Removing cdrcmple.o(.text), (48 bytes).

392 unused section(s) (total 25708 bytes) removed from the image.

==============================================================================

Image Symbol Table

    Local Symbols

    Symbol Name                              Value     Ov Type        Size  Object(Section)

    ../Core/Src/gpio.c                       0x00000000   Number         0  gpio.o ABSOLUTE
    ../Core/Src/main.c                       0x00000000   Number         0  main.o ABSOLUTE
    ../Core/Src/stm32f1xx_hal_msp.c          0x00000000   Number         0  stm32f1xx_hal_msp.o ABSOLUTE
    ../Core/Src/stm32f1xx_it.c               0x00000000   Number         0  stm32f1xx_it.o ABSOLUTE
    ../Core/Src/system_stm32f1xx.c           0x00000000   Number         0  system_stm32f1xx.o ABSOLUTE
    ../Core/Src/tim.c                        0x00000000   Number         0  tim.o ABSOLUTE
    ../Core/Src/usart.c                      0x00000000   Number         0  usart.o ABSOLUTE
    ../Drivers/STM32F1xx_HAL_Driver/Src/stm32f1xx_hal.c 0x00000000   Number         0  stm32f1xx_hal.o ABSOLUTE
    ../Drivers/STM32F1xx_HAL_Driver/Src/stm32f1xx_hal_cortex.c 0x00000000   Number         0  stm32f1xx_hal_cortex.o ABSOLUTE
    ../Drivers/STM32F1xx_HAL_Driver/Src/stm32f1xx_hal_dma.c 0x00000000   Number         0  stm32f1xx_hal_dma.o ABSOLUTE
    ../Drivers/STM32F1xx_HAL_Driver/Src/stm32f1xx_hal_exti.c 0x00000000   Number         0  stm32f1xx_hal_exti.o ABSOLUTE
    ../Drivers/STM32F1xx_HAL_Driver/Src/stm32f1xx_hal_flash.c 0x00000000   Number         0  stm32f1xx_hal_flash.o ABSOLUTE
    ../Drivers/STM32F1xx_HAL_Driver/Src/stm32f1xx_hal_flash_ex.c 0x00000000   Number         0  stm32f1xx_hal_flash_ex.o ABSOLUTE
    ../Drivers/STM32F1xx_HAL_Driver/Src/stm32f1xx_hal_gpio.c 0x00000000   Number         0  stm32f1xx_hal_gpio.o ABSOLUTE
    ../Drivers/STM32F1xx_HAL_Driver/Src/stm32f1xx_hal_gpio_ex.c 0x00000000   Number         0  stm32f1xx_hal_gpio_ex.o ABSOLUTE
    ../Drivers/STM32F1xx_HAL_Driver/Src/stm32f1xx_hal_pwr.c 0x00000000   Number         0  stm32f1xx_hal_pwr.o ABSOLUTE
    ../Drivers/STM32F1xx_HAL_Driver/Src/stm32f1xx_hal_rcc.c 0x00000000   Number         0  stm32f1xx_hal_rcc.o ABSOLUTE
    ../Drivers/STM32F1xx_HAL_Driver/Src/stm32f1xx_hal_rcc_ex.c 0x00000000   Number         0  stm32f1xx_hal_rcc_ex.o ABSOLUTE
    ../Drivers/STM32F1xx_HAL_Driver/Src/stm32f1xx_hal_tim.c 0x00000000   Number         0  stm32f1xx_hal_tim.o ABSOLUTE
    ../Drivers/STM32F1xx_HAL_Driver/Src/stm32f1xx_hal_tim_ex.c 0x00000000   Number         0  stm32f1xx_hal_tim_ex.o ABSOLUTE
    ../Drivers/STM32F1xx_HAL_Driver/Src/stm32f1xx_hal_uart.c 0x00000000   Number         0  stm32f1xx_hal_uart.o ABSOLUTE
    ../clib/microlib/division.c              0x00000000   Number         0  uidiv.o ABSOLUTE
    ../clib/microlib/division.c              0x00000000   Number         0  uldiv.o ABSOLUTE
    ../clib/microlib/init/entry.s            0x00000000   Number         0  entry12b.o ABSOLUTE
    ../clib/microlib/init/entry.s            0x00000000   Number         0  entry12a.o ABSOLUTE
    ../clib/microlib/init/entry.s            0x00000000   Number         0  entry9a.o ABSOLUTE
    ../clib/microlib/init/entry.s            0x00000000   Number         0  entry11b.o ABSOLUTE
    ../clib/microlib/init/entry.s            0x00000000   Number         0  entry.o ABSOLUTE
    ../clib/microlib/init/entry.s            0x00000000   Number         0  entry8b.o ABSOLUTE
    ../clib/microlib/init/entry.s            0x00000000   Number         0  entry8a.o ABSOLUTE
    ../clib/microlib/init/entry.s            0x00000000   Number         0  entry7b.o ABSOLUTE
    ../clib/microlib/init/entry.s            0x00000000   Number         0  entry9b.o ABSOLUTE
    ../clib/microlib/init/entry.s            0x00000000   Number         0  entry7a.o ABSOLUTE
    ../clib/microlib/init/entry.s            0x00000000   Number         0  entry5.o ABSOLUTE
    ../clib/microlib/init/entry.s            0x00000000   Number         0  entry10a.o ABSOLUTE
    ../clib/microlib/init/entry.s            0x00000000   Number         0  entry10b.o ABSOLUTE
    ../clib/microlib/init/entry.s            0x00000000   Number         0  entry2.o ABSOLUTE
    ../clib/microlib/init/entry.s            0x00000000   Number         0  entry11a.o ABSOLUTE
    ../clib/microlib/longlong.c              0x00000000   Number         0  llushr.o ABSOLUTE
    ../clib/microlib/longlong.c              0x00000000   Number         0  llshl.o ABSOLUTE
    ../clib/microlib/longlong.c              0x00000000   Number         0  llsshr.o ABSOLUTE
    ../clib/microlib/printf/printf.c         0x00000000   Number         0  printf7.o ABSOLUTE
    ../clib/microlib/printf/printf.c         0x00000000   Number         0  printf6.o ABSOLUTE
    ../clib/microlib/printf/printf.c         0x00000000   Number         0  printf5.o ABSOLUTE
    ../clib/microlib/printf/printf.c         0x00000000   Number         0  printf4.o ABSOLUTE
    ../clib/microlib/printf/printf.c         0x00000000   Number         0  printf3.o ABSOLUTE
    ../clib/microlib/printf/printf.c         0x00000000   Number         0  printf2.o ABSOLUTE
    ../clib/microlib/printf/printf.c         0x00000000   Number         0  printf1.o ABSOLUTE
    ../clib/microlib/printf/printf.c         0x00000000   Number         0  printfb.o ABSOLUTE
    ../clib/microlib/printf/printf.c         0x00000000   Number         0  printf0.o ABSOLUTE
    ../clib/microlib/printf/printf.c         0x00000000   Number         0  printfa.o ABSOLUTE
    ../clib/microlib/printf/printf.c         0x00000000   Number         0  printf8.o ABSOLUTE
    ../clib/microlib/printf/stubs.s          0x00000000   Number         0  stubs.o ABSOLUTE
    ../clib/microlib/stdio/streams.c         0x00000000   Number         0  stdout.o ABSOLUTE
    ../clib/microlib/string/memset.c         0x00000000   Number         0  memseta.o ABSOLUTE
    ../clib/microlib/stubs.s                 0x00000000   Number         0  iusefp.o ABSOLUTE
    ../fplib/microlib/fpadd.c                0x00000000   Number         0  dadd.o ABSOLUTE
    ../fplib/microlib/fpadd.c                0x00000000   Number         0  fadd.o ABSOLUTE
    ../fplib/microlib/fpdiv.c                0x00000000   Number         0  fdiv.o ABSOLUTE
    ../fplib/microlib/fpdiv.c                0x00000000   Number         0  ddiv.o ABSOLUTE
    ../fplib/microlib/fpepilogue.c           0x00000000   Number         0  fepilogue.o ABSOLUTE
    ../fplib/microlib/fpepilogue.c           0x00000000   Number         0  depilogue.o ABSOLUTE
    ../fplib/microlib/fpfix.c                0x00000000   Number         0  ffixi.o ABSOLUTE
    ../fplib/microlib/fpfix.c                0x00000000   Number         0  dfixi.o ABSOLUTE
    ../fplib/microlib/fpfix.c                0x00000000   Number         0  dfixui.o ABSOLUTE
    ../fplib/microlib/fpfix.c                0x00000000   Number         0  dfixul.o ABSOLUTE
    ../fplib/microlib/fpflt.c                0x00000000   Number         0  dflti.o ABSOLUTE
    ../fplib/microlib/fpflt.c                0x00000000   Number         0  fflti.o ABSOLUTE
    ../fplib/microlib/fpflt.c                0x00000000   Number         0  dfltui.o ABSOLUTE
    ../fplib/microlib/fpmul.c                0x00000000   Number         0  fmul.o ABSOLUTE
    ../fplib/microlib/fpmul.c                0x00000000   Number         0  dmul.o ABSOLUTE
    ../fplib/microlib/fpscalb.c              0x00000000   Number         0  dscalb.o ABSOLUTE
    ..\Core\Src\gpio.c                       0x00000000   Number         0  gpio.o ABSOLUTE
    ..\Core\Src\main.c                       0x00000000   Number         0  main.o ABSOLUTE
    ..\Core\Src\stm32f1xx_hal_msp.c          0x00000000   Number         0  stm32f1xx_hal_msp.o ABSOLUTE
    ..\Core\Src\stm32f1xx_it.c               0x00000000   Number         0  stm32f1xx_it.o ABSOLUTE
    ..\Core\Src\system_stm32f1xx.c           0x00000000   Number         0  system_stm32f1xx.o ABSOLUTE
    ..\Core\Src\tim.c                        0x00000000   Number         0  tim.o ABSOLUTE
    ..\Core\Src\usart.c                      0x00000000   Number         0  usart.o ABSOLUTE
    ..\Drivers\STM32F1xx_HAL_Driver\Src\stm32f1xx_hal.c 0x00000000   Number         0  stm32f1xx_hal.o ABSOLUTE
    ..\Drivers\STM32F1xx_HAL_Driver\Src\stm32f1xx_hal_cortex.c 0x00000000   Number         0  stm32f1xx_hal_cortex.o ABSOLUTE
    ..\Drivers\STM32F1xx_HAL_Driver\Src\stm32f1xx_hal_dma.c 0x00000000   Number         0  stm32f1xx_hal_dma.o ABSOLUTE
    ..\Drivers\STM32F1xx_HAL_Driver\Src\stm32f1xx_hal_exti.c 0x00000000   Number         0  stm32f1xx_hal_exti.o ABSOLUTE
    ..\Drivers\STM32F1xx_HAL_Driver\Src\stm32f1xx_hal_flash.c 0x00000000   Number         0  stm32f1xx_hal_flash.o ABSOLUTE
    ..\Drivers\STM32F1xx_HAL_Driver\Src\stm32f1xx_hal_flash_ex.c 0x00000000   Number         0  stm32f1xx_hal_flash_ex.o ABSOLUTE
    ..\Drivers\STM32F1xx_HAL_Driver\Src\stm32f1xx_hal_gpio.c 0x00000000   Number         0  stm32f1xx_hal_gpio.o ABSOLUTE
    ..\Drivers\STM32F1xx_HAL_Driver\Src\stm32f1xx_hal_gpio_ex.c 0x00000000   Number         0  stm32f1xx_hal_gpio_ex.o ABSOLUTE
    ..\Drivers\STM32F1xx_HAL_Driver\Src\stm32f1xx_hal_pwr.c 0x00000000   Number         0  stm32f1xx_hal_pwr.o ABSOLUTE
    ..\Drivers\STM32F1xx_HAL_Driver\Src\stm32f1xx_hal_rcc.c 0x00000000   Number         0  stm32f1xx_hal_rcc.o ABSOLUTE
    ..\Drivers\STM32F1xx_HAL_Driver\Src\stm32f1xx_hal_rcc_ex.c 0x00000000   Number         0  stm32f1xx_hal_rcc_ex.o ABSOLUTE
    ..\Drivers\STM32F1xx_HAL_Driver\Src\stm32f1xx_hal_tim.c 0x00000000   Number         0  stm32f1xx_hal_tim.o ABSOLUTE
    ..\Drivers\STM32F1xx_HAL_Driver\Src\stm32f1xx_hal_tim_ex.c 0x00000000   Number         0  stm32f1xx_hal_tim_ex.o ABSOLUTE
    ..\Drivers\STM32F1xx_HAL_Driver\Src\stm32f1xx_hal_uart.c 0x00000000   Number         0  stm32f1xx_hal_uart.o ABSOLUTE
    ..\User\app\src\motor.c                  0x00000000   Number         0  motor.o ABSOLUTE
    ..\User\app\src\pid.c                    0x00000000   Number         0  pid.o ABSOLUTE
    ..\User\bsp\src\bsp_encoder.c            0x00000000   Number         0  bsp_encoder.o ABSOLUTE
    ..\User\bsp\src\bsp_led.c                0x00000000   Number         0  bsp_led.o ABSOLUTE
    ..\User\bsp\src\bsp_motor.c              0x00000000   Number         0  bsp_motor.o ABSOLUTE
    ..\User\bsp\src\bsp_ps2.c                0x00000000   Number         0  bsp_ps2.o ABSOLUTE
    ..\User\servo\bsp_servo.c                0x00000000   Number         0  bsp_servo.o ABSOLUTE
    ..\\User\\app\\src\\motor.c              0x00000000   Number         0  motor.o ABSOLUTE
    ..\\User\\app\\src\\pid.c                0x00000000   Number         0  pid.o ABSOLUTE
    ..\\User\\bsp\\src\\bsp_encoder.c        0x00000000   Number         0  bsp_encoder.o ABSOLUTE
    ..\\User\\bsp\\src\\bsp_led.c            0x00000000   Number         0  bsp_led.o ABSOLUTE
    ..\\User\\bsp\\src\\bsp_motor.c          0x00000000   Number         0  bsp_motor.o ABSOLUTE
    ..\\User\\bsp\\src\\bsp_ps2.c            0x00000000   Number         0  bsp_ps2.o ABSOLUTE
    ..\\User\\servo\\bsp_servo.c             0x00000000   Number         0  bsp_servo.o ABSOLUTE
    cdrcmple.s                               0x00000000   Number         0  cdrcmple.o ABSOLUTE
    dc.s                                     0x00000000   Number         0  dc.o ABSOLUTE
    handlers.s                               0x00000000   Number         0  handlers.o ABSOLUTE
    init.s                                   0x00000000   Number         0  init.o ABSOLUTE
    startup_stm32f103xe.s                    0x00000000   Number         0  startup_stm32f103xe.o ABSOLUTE
    RESET                                    0x08000000   Section      304  startup_stm32f103xe.o(RESET)
    .ARM.Collect$$$$00000000                 0x08000130   Section        0  entry.o(.ARM.Collect$$$$00000000)
    .ARM.Collect$$$$00000001                 0x08000130   Section        4  entry2.o(.ARM.Collect$$$$00000001)
    .ARM.Collect$$$$00000004                 0x08000134   Section        4  entry5.o(.ARM.Collect$$$$00000004)
    .ARM.Collect$$$$00000008                 0x08000138   Section        0  entry7b.o(.ARM.Collect$$$$00000008)
    .ARM.Collect$$$$0000000A                 0x08000138   Section        0  entry8b.o(.ARM.Collect$$$$0000000A)
    .ARM.Collect$$$$0000000B                 0x08000138   Section        8  entry9a.o(.ARM.Collect$$$$0000000B)
    .ARM.Collect$$$$0000000E                 0x08000140   Section        4  entry12b.o(.ARM.Collect$$$$0000000E)
    .ARM.Collect$$$$0000000F                 0x08000144   Section        0  entry10a.o(.ARM.Collect$$$$0000000F)
    .ARM.Collect$$$$00000011                 0x08000144   Section        0  entry11a.o(.ARM.Collect$$$$00000011)
    .ARM.Collect$$$$00002712                 0x08000144   Section        4  entry2.o(.ARM.Collect$$$$00002712)
    __lit__00000000                          0x08000144   Data           4  entry2.o(.ARM.Collect$$$$00002712)
    .text                                    0x08000148   Section       36  startup_stm32f103xe.o(.text)
    .text                                    0x0800016c   Section        0  llushr.o(.text)
    .text                                    0x0800018c   Section        0  memseta.o(.text)
    .text                                    0x080001b0   Section        0  fadd.o(.text)
    .text                                    0x08000260   Section        0  fmul.o(.text)
    .text                                    0x080002c4   Section        0  fdiv.o(.text)
    .text                                    0x08000340   Section        0  dmul.o(.text)
    .text                                    0x08000424   Section        0  ddiv.o(.text)
    .text                                    0x08000502   Section        0  fflti.o(.text)
    .text                                    0x08000514   Section        0  dfltui.o(.text)
    .text                                    0x0800052e   Section        0  ffixi.o(.text)
    .text                                    0x08000560   Section        0  dfixui.o(.text)
    .text                                    0x08000592   Section        0  uidiv.o(.text)
    .text                                    0x080005be   Section        0  llshl.o(.text)
    .text                                    0x080005dc   Section        0  fepilogue.o(.text)
    .text                                    0x080005dc   Section        0  iusefp.o(.text)
    .text                                    0x0800064a   Section        0  depilogue.o(.text)
    .text                                    0x08000704   Section       36  init.o(.text)
    i.BusFault_Handler                       0x08000728   Section        0  stm32f1xx_it.o(i.BusFault_Handler)
    i.DebugMon_Handler                       0x0800072a   Section        0  stm32f1xx_it.o(i.DebugMon_Handler)
    i.Error_Handler                          0x0800072c   Section        0  main.o(i.Error_Handler)
    i.GetSpeedInfo                           0x08000730   Section        0  bsp_encoder.o(i.GetSpeedInfo)
    i.HAL_DMA_Abort                          0x08000794   Section        0  stm32f1xx_hal_dma.o(i.HAL_DMA_Abort)
    i.HAL_DMA_Abort_IT                       0x080007dc   Section        0  stm32f1xx_hal_dma.o(i.HAL_DMA_Abort_IT)
    i.HAL_Delay                              0x0800090c   Section        0  stm32f1xx_hal.o(i.HAL_Delay)
    i.HAL_GPIO_Init                          0x08000930   Section        0  stm32f1xx_hal_gpio.o(i.HAL_GPIO_Init)
    i.HAL_GPIO_ReadPin                       0x08000b28   Section        0  stm32f1xx_hal_gpio.o(i.HAL_GPIO_ReadPin)
    i.HAL_GPIO_WritePin                      0x08000b32   Section        0  stm32f1xx_hal_gpio.o(i.HAL_GPIO_WritePin)
    i.HAL_GetTick                            0x08000b3c   Section        0  stm32f1xx_hal.o(i.HAL_GetTick)
    i.HAL_IncTick                            0x08000b48   Section        0  stm32f1xx_hal.o(i.HAL_IncTick)
    i.HAL_Init                               0x08000b58   Section        0  stm32f1xx_hal.o(i.HAL_Init)
    i.HAL_InitTick                           0x08000b7c   Section        0  stm32f1xx_hal.o(i.HAL_InitTick)
    i.HAL_MspInit                            0x08000bbc   Section        0  stm32f1xx_hal_msp.o(i.HAL_MspInit)
    i.HAL_NVIC_EnableIRQ                     0x08000bf8   Section        0  stm32f1xx_hal_cortex.o(i.HAL_NVIC_EnableIRQ)
    i.HAL_NVIC_SetPriority                   0x08000c14   Section        0  stm32f1xx_hal_cortex.o(i.HAL_NVIC_SetPriority)
    i.HAL_NVIC_SetPriorityGrouping           0x08000c54   Section        0  stm32f1xx_hal_cortex.o(i.HAL_NVIC_SetPriorityGrouping)
    i.HAL_RCC_ClockConfig                    0x08000c78   Section        0  stm32f1xx_hal_rcc.o(i.HAL_RCC_ClockConfig)
    i.HAL_RCC_GetPCLK1Freq                   0x08000da4   Section        0  stm32f1xx_hal_rcc.o(i.HAL_RCC_GetPCLK1Freq)
    i.HAL_RCC_GetPCLK2Freq                   0x08000dc4   Section        0  stm32f1xx_hal_rcc.o(i.HAL_RCC_GetPCLK2Freq)
    i.HAL_RCC_GetSysClockFreq                0x08000de4   Section        0  stm32f1xx_hal_rcc.o(i.HAL_RCC_GetSysClockFreq)
    i.HAL_RCC_OscConfig                      0x08000e50   Section        0  stm32f1xx_hal_rcc.o(i.HAL_RCC_OscConfig)
    i.HAL_SYSTICK_Config                     0x08001170   Section        0  stm32f1xx_hal_cortex.o(i.HAL_SYSTICK_Config)
    i.HAL_TIMEx_BreakCallback                0x08001198   Section        0  stm32f1xx_hal_tim_ex.o(i.HAL_TIMEx_BreakCallback)
    i.HAL_TIMEx_CommutCallback               0x0800119a   Section        0  stm32f1xx_hal_tim_ex.o(i.HAL_TIMEx_CommutCallback)
    i.HAL_TIMEx_MasterConfigSynchronization  0x0800119c   Section        0  stm32f1xx_hal_tim_ex.o(i.HAL_TIMEx_MasterConfigSynchronization)
    i.HAL_TIM_Base_Init                      0x08001218   Section        0  stm32f1xx_hal_tim.o(i.HAL_TIM_Base_Init)
    i.HAL_TIM_Base_MspInit                   0x08001274   Section        0  tim.o(i.HAL_TIM_Base_MspInit)
    i.HAL_TIM_Base_Start_IT                  0x08001338   Section        0  stm32f1xx_hal_tim.o(i.HAL_TIM_Base_Start_IT)
    i.HAL_TIM_ConfigClockSource              0x080013a4   Section        0  stm32f1xx_hal_tim.o(i.HAL_TIM_ConfigClockSource)
    i.HAL_TIM_IC_CaptureCallback             0x0800147c   Section        0  stm32f1xx_it.o(i.HAL_TIM_IC_CaptureCallback)
    i.HAL_TIM_IC_ConfigChannel               0x08001574   Section        0  stm32f1xx_hal_tim.o(i.HAL_TIM_IC_ConfigChannel)
    i.HAL_TIM_IC_Init                        0x08001682   Section        0  stm32f1xx_hal_tim.o(i.HAL_TIM_IC_Init)
    i.HAL_TIM_IC_MspInit                     0x080016dc   Section        0  stm32f1xx_hal_tim.o(i.HAL_TIM_IC_MspInit)
    i.HAL_TIM_IC_Start_IT                    0x080016e0   Section        0  stm32f1xx_hal_tim.o(i.HAL_TIM_IC_Start_IT)
    i.HAL_TIM_IRQHandler                     0x080017d4   Section        0  stm32f1xx_hal_tim.o(i.HAL_TIM_IRQHandler)
    i.HAL_TIM_MspPostInit                    0x0800193c   Section        0  tim.o(i.HAL_TIM_MspPostInit)
    i.HAL_TIM_OC_DelayElapsedCallback        0x080019b8   Section        0  stm32f1xx_hal_tim.o(i.HAL_TIM_OC_DelayElapsedCallback)
    i.HAL_TIM_PWM_ConfigChannel              0x080019ba   Section        0  stm32f1xx_hal_tim.o(i.HAL_TIM_PWM_ConfigChannel)
    i.HAL_TIM_PWM_Init                       0x08001a80   Section        0  stm32f1xx_hal_tim.o(i.HAL_TIM_PWM_Init)
    i.HAL_TIM_PWM_MspInit                    0x08001ada   Section        0  stm32f1xx_hal_tim.o(i.HAL_TIM_PWM_MspInit)
    i.HAL_TIM_PWM_PulseFinishedCallback      0x08001adc   Section        0  stm32f1xx_hal_tim.o(i.HAL_TIM_PWM_PulseFinishedCallback)
    i.HAL_TIM_PWM_Start                      0x08001ae0   Section        0  stm32f1xx_hal_tim.o(i.HAL_TIM_PWM_Start)
    i.HAL_TIM_PeriodElapsedCallback          0x08001b94   Section        0  stm32f1xx_it.o(i.HAL_TIM_PeriodElapsedCallback)
    i.HAL_TIM_TriggerCallback                0x08001bdc   Section        0  stm32f1xx_hal_tim.o(i.HAL_TIM_TriggerCallback)
    i.HAL_UARTEx_RxEventCallback             0x08001bde   Section        0  stm32f1xx_hal_uart.o(i.HAL_UARTEx_RxEventCallback)
    i.HAL_UART_ErrorCallback                 0x08001be0   Section        0  stm32f1xx_hal_uart.o(i.HAL_UART_ErrorCallback)
    i.HAL_UART_IRQHandler                    0x08001be4   Section        0  stm32f1xx_hal_uart.o(i.HAL_UART_IRQHandler)
    i.HAL_UART_Init                          0x08001df0   Section        0  stm32f1xx_hal_uart.o(i.HAL_UART_Init)
    i.HAL_UART_MspInit                       0x08001e54   Section        0  usart.o(i.HAL_UART_MspInit)
    i.HAL_UART_Receive_IT                    0x08001ed4   Section        0  stm32f1xx_hal_uart.o(i.HAL_UART_Receive_IT)
    i.HAL_UART_RxCpltCallback                0x08001f00   Section        0  usart.o(i.HAL_UART_RxCpltCallback)
    i.HAL_UART_Transmit                      0x08001f6c   Section        0  stm32f1xx_hal_uart.o(i.HAL_UART_Transmit)
    i.HAL_UART_TxCpltCallback                0x0800201e   Section        0  stm32f1xx_hal_uart.o(i.HAL_UART_TxCpltCallback)
    i.HardFault_Handler                      0x08002020   Section        0  stm32f1xx_it.o(i.HardFault_Handler)
    i.MX_GPIO_Init                           0x08002024   Section        0  gpio.o(i.MX_GPIO_Init)
    i.MX_TIM3_Init                           0x080020f8   Section        0  tim.o(i.MX_TIM3_Init)
    i.MX_TIM4_Init                           0x0800219c   Section        0  tim.o(i.MX_TIM4_Init)
    i.MX_TIM5_Init                           0x0800228c   Section        0  tim.o(i.MX_TIM5_Init)
    i.MX_USART1_UART_Init                    0x08002354   Section        0  usart.o(i.MX_USART1_UART_Init)
    i.MemManage_Handler                      0x08002398   Section        0  stm32f1xx_it.o(i.MemManage_Handler)
    i.MotoASetSpeed                          0x0800239c   Section        0  bsp_motor.o(i.MotoASetSpeed)
    i.MotoBSetSpeed                          0x080023c0   Section        0  bsp_motor.o(i.MotoBSetSpeed)
    i.MotoCSetSpeed                          0x080023e4   Section        0  bsp_motor.o(i.MotoCSetSpeed)
    i.MotoDSetSpeed                          0x08002408   Section        0  bsp_motor.o(i.MotoDSetSpeed)
    i.MotorA_Backward                        0x0800242c   Section        0  bsp_motor.o(i.MotorA_Backward)
    i.MotorA_Forward                         0x0800244c   Section        0  bsp_motor.o(i.MotorA_Forward)
    i.MotorB_Backward                        0x0800246c   Section        0  bsp_motor.o(i.MotorB_Backward)
    i.MotorB_Forward                         0x0800248c   Section        0  bsp_motor.o(i.MotorB_Forward)
    i.MotorC_Backward                        0x080024ac   Section        0  bsp_motor.o(i.MotorC_Backward)
    i.MotorC_Forward                         0x080024cc   Section        0  bsp_motor.o(i.MotorC_Forward)
    i.MotorControl                           0x080024ec   Section        0  motor.o(i.MotorControl)
    i.MotorControl_Ps2                       0x08002698   Section        0  motor.o(i.MotorControl_Ps2)
    i.MotorD_Backward                        0x080026fc   Section        0  bsp_motor.o(i.MotorD_Backward)
    i.MotorD_Forward                         0x0800271c   Section        0  bsp_motor.o(i.MotorD_Forward)
    i.NMI_Handler                            0x08002740   Section        0  stm32f1xx_it.o(i.NMI_Handler)
    i.PID_Param_SetZero                      0x08002744   Section        0  pid.o(i.PID_Param_SetZero)
    i.PendSV_Handler                         0x08002764   Section        0  stm32f1xx_it.o(i.PendSV_Handler)
    i.Ps2CheckMode                           0x08002768   Section        0  bsp_ps2.o(i.Ps2CheckMode)
    i.Ps2ClearData                           0x0800277c   Section        0  bsp_ps2.o(i.Ps2ClearData)
    i.Ps2Cmd                                 0x08002794   Section        0  bsp_ps2.o(i.Ps2Cmd)
    i.Ps2DataKey                             0x08002824   Section        0  bsp_ps2.o(i.Ps2DataKey)
    i.Ps2GetAnalogValue                      0x0800285c   Section        0  bsp_ps2.o(i.Ps2GetAnalogValue)
    i.Ps2GetData                             0x08002874   Section        0  bsp_ps2.o(i.Ps2GetData)
    i.Ps2_DisLinkStatus                      0x08002920   Section        0  bsp_ps2.o(i.Ps2_DisLinkStatus)
    i.SVC_Handler                            0x08002958   Section        0  stm32f1xx_it.o(i.SVC_Handler)
    i.SysTick_Handler                        0x0800295a   Section        0  stm32f1xx_it.o(i.SysTick_Handler)
    i.SystemClock_Config                     0x0800295e   Section        0  main.o(i.SystemClock_Config)
    i.SystemInit                             0x080029c2   Section        0  system_stm32f1xx.o(i.SystemInit)
    i.TIM5_IRQHandler                        0x080029c4   Section        0  stm32f1xx_it.o(i.TIM5_IRQHandler)
    i.TIM_Base_SetConfig                     0x080029d0   Section        0  stm32f1xx_hal_tim.o(i.TIM_Base_SetConfig)
    i.TIM_CCxChannelCmd                      0x08002a5c   Section        0  stm32f1xx_hal_tim.o(i.TIM_CCxChannelCmd)
    i.TIM_ETR_SetConfig                      0x08002a76   Section        0  stm32f1xx_hal_tim.o(i.TIM_ETR_SetConfig)
    i.TIM_ITRx_SetConfig                     0x08002a8a   Section        0  stm32f1xx_hal_tim.o(i.TIM_ITRx_SetConfig)
    TIM_ITRx_SetConfig                       0x08002a8b   Thumb Code    16  stm32f1xx_hal_tim.o(i.TIM_ITRx_SetConfig)
    i.TIM_OC1_SetConfig                      0x08002a9c   Section        0  stm32f1xx_hal_tim.o(i.TIM_OC1_SetConfig)
    TIM_OC1_SetConfig                        0x08002a9d   Thumb Code    88  stm32f1xx_hal_tim.o(i.TIM_OC1_SetConfig)
    i.TIM_OC2_SetConfig                      0x08002afc   Section        0  stm32f1xx_hal_tim.o(i.TIM_OC2_SetConfig)
    i.TIM_OC3_SetConfig                      0x08002b68   Section        0  stm32f1xx_hal_tim.o(i.TIM_OC3_SetConfig)
    TIM_OC3_SetConfig                        0x08002b69   Thumb Code    96  stm32f1xx_hal_tim.o(i.TIM_OC3_SetConfig)
    i.TIM_OC4_SetConfig                      0x08002bd0   Section        0  stm32f1xx_hal_tim.o(i.TIM_OC4_SetConfig)
    TIM_OC4_SetConfig                        0x08002bd1   Thumb Code    70  stm32f1xx_hal_tim.o(i.TIM_OC4_SetConfig)
    i.TIM_TI1_ConfigInputStage               0x08002c20   Section        0  stm32f1xx_hal_tim.o(i.TIM_TI1_ConfigInputStage)
    TIM_TI1_ConfigInputStage                 0x08002c21   Thumb Code    34  stm32f1xx_hal_tim.o(i.TIM_TI1_ConfigInputStage)
    i.TIM_TI1_SetConfig                      0x08002c44   Section        0  stm32f1xx_hal_tim.o(i.TIM_TI1_SetConfig)
    i.TIM_TI2_ConfigInputStage               0x08002cb0   Section        0  stm32f1xx_hal_tim.o(i.TIM_TI2_ConfigInputStage)
    TIM_TI2_ConfigInputStage                 0x08002cb1   Thumb Code    36  stm32f1xx_hal_tim.o(i.TIM_TI2_ConfigInputStage)
    i.TIM_TI2_SetConfig                      0x08002cd4   Section        0  stm32f1xx_hal_tim.o(i.TIM_TI2_SetConfig)
    TIM_TI2_SetConfig                        0x08002cd5   Thumb Code    54  stm32f1xx_hal_tim.o(i.TIM_TI2_SetConfig)
    i.UART_DMAAbortOnError                   0x08002d0a   Section        0  stm32f1xx_hal_uart.o(i.UART_DMAAbortOnError)
    UART_DMAAbortOnError                     0x08002d0b   Thumb Code    16  stm32f1xx_hal_uart.o(i.UART_DMAAbortOnError)
    i.UART_EndRxTransfer                     0x08002d1a   Section        0  stm32f1xx_hal_uart.o(i.UART_EndRxTransfer)
    UART_EndRxTransfer                       0x08002d1b   Thumb Code    48  stm32f1xx_hal_uart.o(i.UART_EndRxTransfer)
    i.UART_Receive_IT                        0x08002d4a   Section        0  stm32f1xx_hal_uart.o(i.UART_Receive_IT)
    UART_Receive_IT                          0x08002d4b   Thumb Code   182  stm32f1xx_hal_uart.o(i.UART_Receive_IT)
    i.UART_SetConfig                         0x08002e00   Section        0  stm32f1xx_hal_uart.o(i.UART_SetConfig)
    UART_SetConfig                           0x08002e01   Thumb Code   178  stm32f1xx_hal_uart.o(i.UART_SetConfig)
    i.UART_Start_Receive_IT                  0x08002eb8   Section        0  stm32f1xx_hal_uart.o(i.UART_Start_Receive_IT)
    i.UART_WaitOnFlagUntilTimeout            0x08002eee   Section        0  stm32f1xx_hal_uart.o(i.UART_WaitOnFlagUntilTimeout)
    UART_WaitOnFlagUntilTimeout              0x08002eef   Thumb Code   100  stm32f1xx_hal_uart.o(i.UART_WaitOnFlagUntilTimeout)
    i.USART1_IRQHandler                      0x08002f54   Section        0  stm32f1xx_it.o(i.USART1_IRQHandler)
    i.UsageFault_Handler                     0x08002f60   Section        0  stm32f1xx_it.o(i.UsageFault_Handler)
    i.__0printf$1                            0x08002f64   Section        0  printf1.o(i.__0printf$1)
    i.__NVIC_SetPriority                     0x08002f84   Section        0  stm32f1xx_hal_cortex.o(i.__NVIC_SetPriority)
    __NVIC_SetPriority                       0x08002f85   Thumb Code    32  stm32f1xx_hal_cortex.o(i.__NVIC_SetPriority)
    i.__scatterload_copy                     0x08002fa4   Section       14  handlers.o(i.__scatterload_copy)
    i.__scatterload_null                     0x08002fb2   Section        2  handlers.o(i.__scatterload_null)
    i.__scatterload_zeroinit                 0x08002fb4   Section       14  handlers.o(i.__scatterload_zeroinit)
    i._printf_core                           0x08002fc4   Section        0  printf1.o(i._printf_core)
    _printf_core                             0x08002fc5   Thumb Code   336  printf1.o(i._printf_core)
    i.charToint                              0x08003118   Section        0  usart.o(i.charToint)
    i.fputc                                  0x08003154   Section        0  usart.o(i.fputc)
    i.main                                   0x0800316c   Section        0  main.o(i.main)
    i.wheelSpeedPidCalc                      0x08003224   Section        0  pid.o(i.wheelSpeedPidCalc)
    .constdata                               0x080032dc   Section       16  system_stm32f1xx.o(.constdata)
    .constdata                               0x080032ec   Section        8  system_stm32f1xx.o(.constdata)
    .data                                    0x20000000   Section       24  usart.o(.data)
    .data                                    0x20000018   Section       12  stm32f1xx_hal.o(.data)
    .data                                    0x20000024   Section        4  system_stm32f1xx.o(.data)
    .data                                    0x20000028   Section        8  bsp_encoder.o(.data)
    .data                                    0x20000030   Section       36  bsp_ps2.o(.data)
    s_Ps2Key                                 0x20000032   Data           2  bsp_ps2.o(.data)
    MASK                                     0x20000034   Data          32  bsp_ps2.o(.data)
    .data                                    0x20000054   Section        4  stdout.o(.data)
    .bss                                     0x20000058   Section      216  tim.o(.bss)
    .bss                                     0x20000130   Section       84  usart.o(.bss)
    s_EncodeValue                            0x20000130   Data          16  usart.o(.bss)
    .bss                                     0x20000184   Section       16  stm32f1xx_it.o(.bss)
    s_EncodeValue                            0x20000184   Data          16  stm32f1xx_it.o(.bss)
    .bss                                     0x20000194   Section       16  bsp_encoder.o(.bss)
    .bss                                     0x200001a4   Section        9  bsp_ps2.o(.bss)
    .bss                                     0x200001b0   Section       80  pid.o(.bss)
    tPidSpeedA                               0x200001b0   Data          20  pid.o(.bss)
    tPidSpeedB                               0x200001c4   Data          20  pid.o(.bss)
    tPidSpeedC                               0x200001d8   Data          20  pid.o(.bss)
    tPidSpeedD                               0x200001ec   Data          20  pid.o(.bss)
    STACK                                    0x20000200   Section     1024  startup_stm32f103xe.o(STACK)

    Global Symbols

    Symbol Name                              Value     Ov Type        Size  Object(Section)

    BuildAttributes$$THM_ISAv4$P$D$K$B$S$PE$A:L22UL41UL21$X:L11$S22US41US21$IEEE1$IW$USESV6$~STKCKD$USESV7$~SHL$OTIME$ROPI$EBA8$MICROLIB$REQ8$PRES8$EABIv2 0x00000000   Number         0  anon$$obj.o ABSOLUTE
    __ARM_use_no_argv                        0x00000000   Number         0  main.o ABSOLUTE
    _printf_a                                0x00000000   Number         0  stubs.o ABSOLUTE
    _printf_c                                0x00000000   Number         0  stubs.o ABSOLUTE
    _printf_charcount                        0x00000000   Number         0  stubs.o ABSOLUTE
    _printf_d                                0x00000000   Number         0  stubs.o ABSOLUTE
    _printf_e                                0x00000000   Number         0  stubs.o ABSOLUTE
    _printf_f                                0x00000000   Number         0  stubs.o ABSOLUTE
    _printf_flags                            0x00000000   Number         0  stubs.o ABSOLUTE
    _printf_fp_dec                           0x00000000   Number         0  stubs.o ABSOLUTE
    _printf_fp_hex                           0x00000000   Number         0  stubs.o ABSOLUTE
    _printf_g                                0x00000000   Number         0  stubs.o ABSOLUTE
    _printf_i                                0x00000000   Number         0  stubs.o ABSOLUTE
    _printf_int_dec                          0x00000000   Number         0  stubs.o ABSOLUTE
    _printf_l                                0x00000000   Number         0  stubs.o ABSOLUTE
    _printf_lc                               0x00000000   Number         0  stubs.o ABSOLUTE
    _printf_ll                               0x00000000   Number         0  stubs.o ABSOLUTE
    _printf_lld                              0x00000000   Number         0  stubs.o ABSOLUTE
    _printf_lli                              0x00000000   Number         0  stubs.o ABSOLUTE
    _printf_llo                              0x00000000   Number         0  stubs.o ABSOLUTE
    _printf_llu                              0x00000000   Number         0  stubs.o ABSOLUTE
    _printf_llx                              0x00000000   Number         0  stubs.o ABSOLUTE
    _printf_longlong_dec                     0x00000000   Number         0  stubs.o ABSOLUTE
    _printf_longlong_hex                     0x00000000   Number         0  stubs.o ABSOLUTE
    _printf_longlong_oct                     0x00000000   Number         0  stubs.o ABSOLUTE
    _printf_ls                               0x00000000   Number         0  stubs.o ABSOLUTE
    _printf_mbtowc                           0x00000000   Number         0  stubs.o ABSOLUTE
    _printf_n                                0x00000000   Number         0  stubs.o ABSOLUTE
    _printf_o                                0x00000000   Number         0  stubs.o ABSOLUTE
    _printf_p                                0x00000000   Number         0  stubs.o ABSOLUTE
    _printf_percent                          0x00000000   Number         0  stubs.o ABSOLUTE
    _printf_pre_padding                      0x00000000   Number         0  stubs.o ABSOLUTE
    _printf_return_value                     0x00000000   Number         0  stubs.o ABSOLUTE
    _printf_s                                0x00000000   Number         0  stubs.o ABSOLUTE
    _printf_sizespec                         0x00000000   Number         0  stubs.o ABSOLUTE
    _printf_str                              0x00000000   Number         0  stubs.o ABSOLUTE
    _printf_truncate_signed                  0x00000000   Number         0  stubs.o ABSOLUTE
    _printf_truncate_unsigned                0x00000000   Number         0  stubs.o ABSOLUTE
    _printf_u                                0x00000000   Number         0  stubs.o ABSOLUTE
    _printf_wc                               0x00000000   Number         0  stubs.o ABSOLUTE
    _printf_wctomb                           0x00000000   Number         0  stubs.o ABSOLUTE
    _printf_widthprec                        0x00000000   Number         0  stubs.o ABSOLUTE
    _printf_x                                0x00000000   Number         0  stubs.o ABSOLUTE
    __arm_fini_                               - Undefined Weak Reference
    __cpp_initialize__aeabi_                  - Undefined Weak Reference
    __cxa_finalize                            - Undefined Weak Reference
    __decompress                              - Undefined Weak Reference
    _clock_init                               - Undefined Weak Reference
    _microlib_exit                            - Undefined Weak Reference
    __Vectors_Size                           0x00000130   Number         0  startup_stm32f103xe.o ABSOLUTE
    __Vectors                                0x08000000   Data           4  startup_stm32f103xe.o(RESET)
    __Vectors_End                            0x08000130   Data           0  startup_stm32f103xe.o(RESET)
    __main                                   0x08000131   Thumb Code     0  entry.o(.ARM.Collect$$$$00000000)
    _main_stk                                0x08000131   Thumb Code     0  entry2.o(.ARM.Collect$$$$00000001)
    _main_scatterload                        0x08000135   Thumb Code     0  entry5.o(.ARM.Collect$$$$00000004)
    __main_after_scatterload                 0x08000139   Thumb Code     0  entry5.o(.ARM.Collect$$$$00000004)
    _main_clock                              0x08000139   Thumb Code     0  entry7b.o(.ARM.Collect$$$$00000008)
    _main_cpp_init                           0x08000139   Thumb Code     0  entry8b.o(.ARM.Collect$$$$0000000A)
    _main_init                               0x08000139   Thumb Code     0  entry9a.o(.ARM.Collect$$$$0000000B)
    __rt_lib_shutdown_fini                   0x08000141   Thumb Code     0  entry12b.o(.ARM.Collect$$$$0000000E)
    __rt_final_cpp                           0x08000145   Thumb Code     0  entry10a.o(.ARM.Collect$$$$0000000F)
    __rt_final_exit                          0x08000145   Thumb Code     0  entry11a.o(.ARM.Collect$$$$00000011)
    Reset_Handler                            0x08000149   Thumb Code     8  startup_stm32f103xe.o(.text)
    ADC1_2_IRQHandler                        0x08000163   Thumb Code     0  startup_stm32f103xe.o(.text)
    ADC3_IRQHandler                          0x08000163   Thumb Code     0  startup_stm32f103xe.o(.text)
    CAN1_RX1_IRQHandler                      0x08000163   Thumb Code     0  startup_stm32f103xe.o(.text)
    CAN1_SCE_IRQHandler                      0x08000163   Thumb Code     0  startup_stm32f103xe.o(.text)
    DMA1_Channel1_IRQHandler                 0x08000163   Thumb Code     0  startup_stm32f103xe.o(.text)
    DMA1_Channel2_IRQHandler                 0x08000163   Thumb Code     0  startup_stm32f103xe.o(.text)
    DMA1_Channel3_IRQHandler                 0x08000163   Thumb Code     0  startup_stm32f103xe.o(.text)
    DMA1_Channel4_IRQHandler                 0x08000163   Thumb Code     0  startup_stm32f103xe.o(.text)
    DMA1_Channel5_IRQHandler                 0x08000163   Thumb Code     0  startup_stm32f103xe.o(.text)
    DMA1_Channel6_IRQHandler                 0x08000163   Thumb Code     0  startup_stm32f103xe.o(.text)
    DMA1_Channel7_IRQHandler                 0x08000163   Thumb Code     0  startup_stm32f103xe.o(.text)
    DMA2_Channel1_IRQHandler                 0x08000163   Thumb Code     0  startup_stm32f103xe.o(.text)
    DMA2_Channel2_IRQHandler                 0x08000163   Thumb Code     0  startup_stm32f103xe.o(.text)
    DMA2_Channel3_IRQHandler                 0x08000163   Thumb Code     0  startup_stm32f103xe.o(.text)
    DMA2_Channel4_5_IRQHandler               0x08000163   Thumb Code     0  startup_stm32f103xe.o(.text)
    EXTI0_IRQHandler                         0x08000163   Thumb Code     0  startup_stm32f103xe.o(.text)
    EXTI15_10_IRQHandler                     0x08000163   Thumb Code     0  startup_stm32f103xe.o(.text)
    EXTI1_IRQHandler                         0x08000163   Thumb Code     0  startup_stm32f103xe.o(.text)
    EXTI2_IRQHandler                         0x08000163   Thumb Code     0  startup_stm32f103xe.o(.text)
    EXTI3_IRQHandler                         0x08000163   Thumb Code     0  startup_stm32f103xe.o(.text)
    EXTI4_IRQHandler                         0x08000163   Thumb Code     0  startup_stm32f103xe.o(.text)
    EXTI9_5_IRQHandler                       0x08000163   Thumb Code     0  startup_stm32f103xe.o(.text)
    FLASH_IRQHandler                         0x08000163   Thumb Code     0  startup_stm32f103xe.o(.text)
    FSMC_IRQHandler                          0x08000163   Thumb Code     0  startup_stm32f103xe.o(.text)
    I2C1_ER_IRQHandler                       0x08000163   Thumb Code     0  startup_stm32f103xe.o(.text)
    I2C1_EV_IRQHandler                       0x08000163   Thumb Code     0  startup_stm32f103xe.o(.text)
    I2C2_ER_IRQHandler                       0x08000163   Thumb Code     0  startup_stm32f103xe.o(.text)
    I2C2_EV_IRQHandler                       0x08000163   Thumb Code     0  startup_stm32f103xe.o(.text)
    PVD_IRQHandler                           0x08000163   Thumb Code     0  startup_stm32f103xe.o(.text)
    RCC_IRQHandler                           0x08000163   Thumb Code     0  startup_stm32f103xe.o(.text)
    RTC_Alarm_IRQHandler                     0x08000163   Thumb Code     0  startup_stm32f103xe.o(.text)
    RTC_IRQHandler                           0x08000163   Thumb Code     0  startup_stm32f103xe.o(.text)
    SDIO_IRQHandler                          0x08000163   Thumb Code     0  startup_stm32f103xe.o(.text)
    SPI1_IRQHandler                          0x08000163   Thumb Code     0  startup_stm32f103xe.o(.text)
    SPI2_IRQHandler                          0x08000163   Thumb Code     0  startup_stm32f103xe.o(.text)
    SPI3_IRQHandler                          0x08000163   Thumb Code     0  startup_stm32f103xe.o(.text)
    TAMPER_IRQHandler                        0x08000163   Thumb Code     0  startup_stm32f103xe.o(.text)
    TIM1_BRK_IRQHandler                      0x08000163   Thumb Code     0  startup_stm32f103xe.o(.text)
    TIM1_CC_IRQHandler                       0x08000163   Thumb Code     0  startup_stm32f103xe.o(.text)
    TIM1_TRG_COM_IRQHandler                  0x08000163   Thumb Code     0  startup_stm32f103xe.o(.text)
    TIM1_UP_IRQHandler                       0x08000163   Thumb Code     0  startup_stm32f103xe.o(.text)
    TIM2_IRQHandler                          0x08000163   Thumb Code     0  startup_stm32f103xe.o(.text)
    TIM3_IRQHandler                          0x08000163   Thumb Code     0  startup_stm32f103xe.o(.text)
    TIM4_IRQHandler                          0x08000163   Thumb Code     0  startup_stm32f103xe.o(.text)
    TIM6_IRQHandler                          0x08000163   Thumb Code     0  startup_stm32f103xe.o(.text)
    TIM7_IRQHandler                          0x08000163   Thumb Code     0  startup_stm32f103xe.o(.text)
    TIM8_BRK_IRQHandler                      0x08000163   Thumb Code     0  startup_stm32f103xe.o(.text)
    TIM8_CC_IRQHandler                       0x08000163   Thumb Code     0  startup_stm32f103xe.o(.text)
    TIM8_TRG_COM_IRQHandler                  0x08000163   Thumb Code     0  startup_stm32f103xe.o(.text)
    TIM8_UP_IRQHandler                       0x08000163   Thumb Code     0  startup_stm32f103xe.o(.text)
    UART4_IRQHandler                         0x08000163   Thumb Code     0  startup_stm32f103xe.o(.text)
    UART5_IRQHandler                         0x08000163   Thumb Code     0  startup_stm32f103xe.o(.text)
    USART2_IRQHandler                        0x08000163   Thumb Code     0  startup_stm32f103xe.o(.text)
    USART3_IRQHandler                        0x08000163   Thumb Code     0  startup_stm32f103xe.o(.text)
    USBWakeUp_IRQHandler                     0x08000163   Thumb Code     0  startup_stm32f103xe.o(.text)
    USB_HP_CAN1_TX_IRQHandler                0x08000163   Thumb Code     0  startup_stm32f103xe.o(.text)
    USB_LP_CAN1_RX0_IRQHandler               0x08000163   Thumb Code     0  startup_stm32f103xe.o(.text)
    WWDG_IRQHandler                          0x08000163   Thumb Code     0  startup_stm32f103xe.o(.text)
    __aeabi_llsr                             0x0800016d   Thumb Code    32  llushr.o(.text)
    _ll_ushift_r                             0x0800016d   Thumb Code     0  llushr.o(.text)
    __aeabi_memset                           0x0800018d   Thumb Code    14  memseta.o(.text)
    __aeabi_memset4                          0x0800018d   Thumb Code     0  memseta.o(.text)
    __aeabi_memset8                          0x0800018d   Thumb Code     0  memseta.o(.text)
    __aeabi_memclr                           0x0800019b   Thumb Code     4  memseta.o(.text)
    __aeabi_memclr4                          0x0800019b   Thumb Code     0  memseta.o(.text)
    __aeabi_memclr8                          0x0800019b   Thumb Code     0  memseta.o(.text)
    _memset$wrapper                          0x0800019f   Thumb Code    18  memseta.o(.text)
    __aeabi_fadd                             0x080001b1   Thumb Code   164  fadd.o(.text)
    __aeabi_fsub                             0x08000255   Thumb Code     6  fadd.o(.text)
    __aeabi_frsub                            0x0800025b   Thumb Code     6  fadd.o(.text)
    __aeabi_fmul                             0x08000261   Thumb Code   100  fmul.o(.text)
    __aeabi_fdiv                             0x080002c5   Thumb Code   124  fdiv.o(.text)
    __aeabi_dmul                             0x08000341   Thumb Code   228  dmul.o(.text)
    __aeabi_ddiv                             0x08000425   Thumb Code   222  ddiv.o(.text)
    __aeabi_i2f                              0x08000503   Thumb Code    18  fflti.o(.text)
    __aeabi_ui2d                             0x08000515   Thumb Code    26  dfltui.o(.text)
    __aeabi_f2iz                             0x0800052f   Thumb Code    50  ffixi.o(.text)
    __aeabi_d2uiz                            0x08000561   Thumb Code    50  dfixui.o(.text)
    __aeabi_uidiv                            0x08000593   Thumb Code     0  uidiv.o(.text)
    __aeabi_uidivmod                         0x08000593   Thumb Code    44  uidiv.o(.text)
    __aeabi_llsl                             0x080005bf   Thumb Code    30  llshl.o(.text)
    _ll_shift_l                              0x080005bf   Thumb Code     0  llshl.o(.text)
    __I$use$fp                               0x080005dd   Thumb Code     0  iusefp.o(.text)
    _float_round                             0x080005dd   Thumb Code    18  fepilogue.o(.text)
    _float_epilogue                          0x080005ef   Thumb Code    92  fepilogue.o(.text)
    _double_round                            0x0800064b   Thumb Code    30  depilogue.o(.text)
    _double_epilogue                         0x08000669   Thumb Code   156  depilogue.o(.text)
    __scatterload                            0x08000705   Thumb Code    28  init.o(.text)
    __scatterload_rt2                        0x08000705   Thumb Code     0  init.o(.text)
    BusFault_Handler                         0x08000729   Thumb Code     2  stm32f1xx_it.o(i.BusFault_Handler)
    DebugMon_Handler                         0x0800072b   Thumb Code     2  stm32f1xx_it.o(i.DebugMon_Handler)
    Error_Handler                            0x0800072d   Thumb Code     4  main.o(i.Error_Handler)
    GetSpeedInfo                             0x08000731   Thumb Code    62  bsp_encoder.o(i.GetSpeedInfo)
    HAL_DMA_Abort                            0x08000795   Thumb Code    70  stm32f1xx_hal_dma.o(i.HAL_DMA_Abort)
    HAL_DMA_Abort_IT                         0x080007dd   Thumb Code   296  stm32f1xx_hal_dma.o(i.HAL_DMA_Abort_IT)
    HAL_Delay                                0x0800090d   Thumb Code    32  stm32f1xx_hal.o(i.HAL_Delay)
    HAL_GPIO_Init                            0x08000931   Thumb Code   462  stm32f1xx_hal_gpio.o(i.HAL_GPIO_Init)
    HAL_GPIO_ReadPin                         0x08000b29   Thumb Code    10  stm32f1xx_hal_gpio.o(i.HAL_GPIO_ReadPin)
    HAL_GPIO_WritePin                        0x08000b33   Thumb Code    10  stm32f1xx_hal_gpio.o(i.HAL_GPIO_WritePin)
    HAL_GetTick                              0x08000b3d   Thumb Code     6  stm32f1xx_hal.o(i.HAL_GetTick)
    HAL_IncTick                              0x08000b49   Thumb Code    12  stm32f1xx_hal.o(i.HAL_IncTick)
    HAL_Init                                 0x08000b59   Thumb Code    32  stm32f1xx_hal.o(i.HAL_Init)
    HAL_InitTick                             0x08000b7d   Thumb Code    54  stm32f1xx_hal.o(i.HAL_InitTick)
    HAL_MspInit                              0x08000bbd   Thumb Code    52  stm32f1xx_hal_msp.o(i.HAL_MspInit)
    HAL_NVIC_EnableIRQ                       0x08000bf9   Thumb Code    26  stm32f1xx_hal_cortex.o(i.HAL_NVIC_EnableIRQ)
    HAL_NVIC_SetPriority                     0x08000c15   Thumb Code    60  stm32f1xx_hal_cortex.o(i.HAL_NVIC_SetPriority)
    HAL_NVIC_SetPriorityGrouping             0x08000c55   Thumb Code    26  stm32f1xx_hal_cortex.o(i.HAL_NVIC_SetPriorityGrouping)
    HAL_RCC_ClockConfig                      0x08000c79   Thumb Code   280  stm32f1xx_hal_rcc.o(i.HAL_RCC_ClockConfig)
    HAL_RCC_GetPCLK1Freq                     0x08000da5   Thumb Code    20  stm32f1xx_hal_rcc.o(i.HAL_RCC_GetPCLK1Freq)
    HAL_RCC_GetPCLK2Freq                     0x08000dc5   Thumb Code    20  stm32f1xx_hal_rcc.o(i.HAL_RCC_GetPCLK2Freq)
    HAL_RCC_GetSysClockFreq                  0x08000de5   Thumb Code    74  stm32f1xx_hal_rcc.o(i.HAL_RCC_GetSysClockFreq)
    HAL_RCC_OscConfig                        0x08000e51   Thumb Code   778  stm32f1xx_hal_rcc.o(i.HAL_RCC_OscConfig)
    HAL_SYSTICK_Config                       0x08001171   Thumb Code    40  stm32f1xx_hal_cortex.o(i.HAL_SYSTICK_Config)
    HAL_TIMEx_BreakCallback                  0x08001199   Thumb Code     2  stm32f1xx_hal_tim_ex.o(i.HAL_TIMEx_BreakCallback)
    HAL_TIMEx_CommutCallback                 0x0800119b   Thumb Code     2  stm32f1xx_hal_tim_ex.o(i.HAL_TIMEx_CommutCallback)
    HAL_TIMEx_MasterConfigSynchronization    0x0800119d   Thumb Code   104  stm32f1xx_hal_tim_ex.o(i.HAL_TIMEx_MasterConfigSynchronization)
    HAL_TIM_Base_Init                        0x08001219   Thumb Code    90  stm32f1xx_hal_tim.o(i.HAL_TIM_Base_Init)
    HAL_TIM_Base_MspInit                     0x08001275   Thumb Code   172  tim.o(i.HAL_TIM_Base_MspInit)
    HAL_TIM_Base_Start_IT                    0x08001339   Thumb Code    88  stm32f1xx_hal_tim.o(i.HAL_TIM_Base_Start_IT)
    HAL_TIM_ConfigClockSource                0x080013a5   Thumb Code   214  stm32f1xx_hal_tim.o(i.HAL_TIM_ConfigClockSource)
    HAL_TIM_IC_CaptureCallback               0x0800147d   Thumb Code   230  stm32f1xx_it.o(i.HAL_TIM_IC_CaptureCallback)
    HAL_TIM_IC_ConfigChannel                 0x08001575   Thumb Code   270  stm32f1xx_hal_tim.o(i.HAL_TIM_IC_ConfigChannel)
    HAL_TIM_IC_Init                          0x08001683   Thumb Code    90  stm32f1xx_hal_tim.o(i.HAL_TIM_IC_Init)
    HAL_TIM_IC_MspInit                       0x080016dd   Thumb Code     2  stm32f1xx_hal_tim.o(i.HAL_TIM_IC_MspInit)
    HAL_TIM_IC_Start_IT                      0x080016e1   Thumb Code   224  stm32f1xx_hal_tim.o(i.HAL_TIM_IC_Start_IT)
    HAL_TIM_IRQHandler                       0x080017d5   Thumb Code   358  stm32f1xx_hal_tim.o(i.HAL_TIM_IRQHandler)
    HAL_TIM_MspPostInit                      0x0800193d   Thumb Code   102  tim.o(i.HAL_TIM_MspPostInit)
    HAL_TIM_OC_DelayElapsedCallback          0x080019b9   Thumb Code     2  stm32f1xx_hal_tim.o(i.HAL_TIM_OC_DelayElapsedCallback)
    HAL_TIM_PWM_ConfigChannel                0x080019bb   Thumb Code   198  stm32f1xx_hal_tim.o(i.HAL_TIM_PWM_ConfigChannel)
    HAL_TIM_PWM_Init                         0x08001a81   Thumb Code    90  stm32f1xx_hal_tim.o(i.HAL_TIM_PWM_Init)
    HAL_TIM_PWM_MspInit                      0x08001adb   Thumb Code     2  stm32f1xx_hal_tim.o(i.HAL_TIM_PWM_MspInit)
    HAL_TIM_PWM_PulseFinishedCallback        0x08001add   Thumb Code     2  stm32f1xx_hal_tim.o(i.HAL_TIM_PWM_PulseFinishedCallback)
    HAL_TIM_PWM_Start                        0x08001ae1   Thumb Code   160  stm32f1xx_hal_tim.o(i.HAL_TIM_PWM_Start)
    HAL_TIM_PeriodElapsedCallback            0x08001b95   Thumb Code    64  stm32f1xx_it.o(i.HAL_TIM_PeriodElapsedCallback)
    HAL_TIM_TriggerCallback                  0x08001bdd   Thumb Code     2  stm32f1xx_hal_tim.o(i.HAL_TIM_TriggerCallback)
    HAL_UARTEx_RxEventCallback               0x08001bdf   Thumb Code     2  stm32f1xx_hal_uart.o(i.HAL_UARTEx_RxEventCallback)
    HAL_UART_ErrorCallback                   0x08001be1   Thumb Code     2  stm32f1xx_hal_uart.o(i.HAL_UART_ErrorCallback)
    HAL_UART_IRQHandler                      0x08001be5   Thumb Code   520  stm32f1xx_hal_uart.o(i.HAL_UART_IRQHandler)
    HAL_UART_Init                            0x08001df1   Thumb Code    98  stm32f1xx_hal_uart.o(i.HAL_UART_Init)
    HAL_UART_MspInit                         0x08001e55   Thumb Code   116  usart.o(i.HAL_UART_MspInit)
    HAL_UART_Receive_IT                      0x08001ed5   Thumb Code    42  stm32f1xx_hal_uart.o(i.HAL_UART_Receive_IT)
    HAL_UART_RxCpltCallback                  0x08001f01   Thumb Code    90  usart.o(i.HAL_UART_RxCpltCallback)
    HAL_UART_Transmit                        0x08001f6d   Thumb Code   178  stm32f1xx_hal_uart.o(i.HAL_UART_Transmit)
    HAL_UART_TxCpltCallback                  0x0800201f   Thumb Code     2  stm32f1xx_hal_uart.o(i.HAL_UART_TxCpltCallback)
    HardFault_Handler                        0x08002021   Thumb Code     2  stm32f1xx_it.o(i.HardFault_Handler)
    MX_GPIO_Init                             0x08002025   Thumb Code   196  gpio.o(i.MX_GPIO_Init)
    MX_TIM3_Init                             0x080020f9   Thumb Code   156  tim.o(i.MX_TIM3_Init)
    MX_TIM4_Init                             0x0800219d   Thumb Code   232  tim.o(i.MX_TIM4_Init)
    MX_TIM5_Init                             0x0800228d   Thumb Code   192  tim.o(i.MX_TIM5_Init)
    MX_USART1_UART_Init                      0x08002355   Thumb Code    54  usart.o(i.MX_USART1_UART_Init)
    MemManage_Handler                        0x08002399   Thumb Code     2  stm32f1xx_it.o(i.MemManage_Handler)
    MotoASetSpeed                            0x0800239d   Thumb Code    32  bsp_motor.o(i.MotoASetSpeed)
    MotoBSetSpeed                            0x080023c1   Thumb Code    32  bsp_motor.o(i.MotoBSetSpeed)
    MotoCSetSpeed                            0x080023e5   Thumb Code    32  bsp_motor.o(i.MotoCSetSpeed)
    MotoDSetSpeed                            0x08002409   Thumb Code    32  bsp_motor.o(i.MotoDSetSpeed)
    MotorA_Backward                          0x0800242d   Thumb Code    28  bsp_motor.o(i.MotorA_Backward)
    MotorA_Forward                           0x0800244d   Thumb Code    28  bsp_motor.o(i.MotorA_Forward)
    MotorB_Backward                          0x0800246d   Thumb Code    28  bsp_motor.o(i.MotorB_Backward)
    MotorB_Forward                           0x0800248d   Thumb Code    28  bsp_motor.o(i.MotorB_Forward)
    MotorC_Backward                          0x080024ad   Thumb Code    28  bsp_motor.o(i.MotorC_Backward)
    MotorC_Forward                           0x080024cd   Thumb Code    28  bsp_motor.o(i.MotorC_Forward)
    MotorControl                             0x080024ed   Thumb Code   346  motor.o(i.MotorControl)
    MotorControl_Ps2                         0x08002699   Thumb Code    98  motor.o(i.MotorControl_Ps2)
    MotorD_Backward                          0x080026fd   Thumb Code    28  bsp_motor.o(i.MotorD_Backward)
    MotorD_Forward                           0x0800271d   Thumb Code    30  bsp_motor.o(i.MotorD_Forward)
    NMI_Handler                              0x08002741   Thumb Code     2  stm32f1xx_it.o(i.NMI_Handler)
    PID_Param_SetZero                        0x08002745   Thumb Code    28  pid.o(i.PID_Param_SetZero)
    PendSV_Handler                           0x08002765   Thumb Code     2  stm32f1xx_it.o(i.PendSV_Handler)
    Ps2CheckMode                             0x08002769   Thumb Code    16  bsp_ps2.o(i.Ps2CheckMode)
    Ps2ClearData                             0x0800277d   Thumb Code    18  bsp_ps2.o(i.Ps2ClearData)
    Ps2Cmd                                   0x08002795   Thumb Code   134  bsp_ps2.o(i.Ps2Cmd)
    Ps2DataKey                               0x08002825   Thumb Code    48  bsp_ps2.o(i.Ps2DataKey)
    Ps2GetAnalogValue                        0x0800285d   Thumb Code    20  bsp_ps2.o(i.Ps2GetAnalogValue)
    Ps2GetData                               0x08002875   Thumb Code   158  bsp_ps2.o(i.Ps2GetData)
    Ps2_DisLinkStatus                        0x08002921   Thumb Code    52  bsp_ps2.o(i.Ps2_DisLinkStatus)
    SVC_Handler                              0x08002959   Thumb Code     2  stm32f1xx_it.o(i.SVC_Handler)
    SysTick_Handler                          0x0800295b   Thumb Code     4  stm32f1xx_it.o(i.SysTick_Handler)
    SystemClock_Config                       0x0800295f   Thumb Code   100  main.o(i.SystemClock_Config)
    SystemInit                               0x080029c3   Thumb Code     2  system_stm32f1xx.o(i.SystemInit)
    TIM5_IRQHandler                          0x080029c5   Thumb Code     6  stm32f1xx_it.o(i.TIM5_IRQHandler)
    TIM_Base_SetConfig                       0x080029d1   Thumb Code   120  stm32f1xx_hal_tim.o(i.TIM_Base_SetConfig)
    TIM_CCxChannelCmd                        0x08002a5d   Thumb Code    26  stm32f1xx_hal_tim.o(i.TIM_CCxChannelCmd)
    TIM_ETR_SetConfig                        0x08002a77   Thumb Code    20  stm32f1xx_hal_tim.o(i.TIM_ETR_SetConfig)
    TIM_OC2_SetConfig                        0x08002afd   Thumb Code    98  stm32f1xx_hal_tim.o(i.TIM_OC2_SetConfig)
    TIM_TI1_SetConfig                        0x08002c45   Thumb Code    88  stm32f1xx_hal_tim.o(i.TIM_TI1_SetConfig)
    UART_Start_Receive_IT                    0x08002eb9   Thumb Code    54  stm32f1xx_hal_uart.o(i.UART_Start_Receive_IT)
    USART1_IRQHandler                        0x08002f55   Thumb Code     6  stm32f1xx_it.o(i.USART1_IRQHandler)
    UsageFault_Handler                       0x08002f61   Thumb Code     2  stm32f1xx_it.o(i.UsageFault_Handler)
    __0printf$1                              0x08002f65   Thumb Code    22  printf1.o(i.__0printf$1)
    __1printf$1                              0x08002f65   Thumb Code     0  printf1.o(i.__0printf$1)
    __2printf                                0x08002f65   Thumb Code     0  printf1.o(i.__0printf$1)
    __scatterload_copy                       0x08002fa5   Thumb Code    14  handlers.o(i.__scatterload_copy)
    __scatterload_null                       0x08002fb3   Thumb Code     2  handlers.o(i.__scatterload_null)
    __scatterload_zeroinit                   0x08002fb5   Thumb Code    14  handlers.o(i.__scatterload_zeroinit)
    charToint                                0x08003119   Thumb Code    58  usart.o(i.charToint)
    fputc                                    0x08003155   Thumb Code    20  usart.o(i.fputc)
    main                                     0x0800316d   Thumb Code   146  main.o(i.main)
    wheelSpeedPidCalc                        0x08003225   Thumb Code   170  pid.o(i.wheelSpeedPidCalc)
    AHBPrescTable                            0x080032dc   Data          16  system_stm32f1xx.o(.constdata)
    APBPrescTable                            0x080032ec   Data           8  system_stm32f1xx.o(.constdata)
    Region$$Table$$Base                      0x080032f4   Number         0  anon$$obj.o(Region$$Table)
    Region$$Table$$Limit                     0x08003314   Number         0  anon$$obj.o(Region$$Table)
    res                                      0x20000000   Data           1  usart.o(.data)
    rx_array1                                0x20000004   Data          20  usart.o(.data)
    uwTickFreq                               0x20000018   Data           1  stm32f1xx_hal.o(.data)
    uwTickPrio                               0x2000001c   Data           4  stm32f1xx_hal.o(.data)
    uwTick                                   0x20000020   Data           4  stm32f1xx_hal.o(.data)
    SystemCoreClock                          0x20000024   Data           4  system_stm32f1xx.o(.data)
    g_WheelSpeed                             0x20000028   Data           8  bsp_encoder.o(.data)
    g_Ps2Cmd                                 0x20000030   Data           2  bsp_ps2.o(.data)
    __stdout                                 0x20000054   Data           4  stdout.o(.data)
    htim3                                    0x20000058   Data          72  tim.o(.bss)
    htim4                                    0x200000a0   Data          72  tim.o(.bss)
    htim5                                    0x200000e8   Data          72  tim.o(.bss)
    huart1                                   0x20000140   Data          68  usart.o(.bss)
    g_EncoderValue                           0x20000194   Data          16  bsp_encoder.o(.bss)
    g_Ps2Data                                0x200001a4   Data           9  bsp_ps2.o(.bss)
    __initial_sp                             0x20000600   Data           0  startup_stm32f103xe.o(STACK)



==============================================================================

Memory Map of the image

  Image Entry point : 0x08000131

  Load Region LR_IROM1 (Base: 0x08000000, Size: 0x0000336c, Max: 0x00040000, ABSOLUTE)

    Execution Region ER_IROM1 (Exec base: 0x08000000, Load base: 0x08000000, Size: 0x00003314, Max: 0x00040000, ABSOLUTE)

    Exec Addr    Load Addr    Size         Type   Attr      Idx    E Section Name        Object

    0x08000000   0x08000000   0x00000130   Data   RO            3    RESET               startup_stm32f103xe.o
    0x08000130   0x08000130   0x00000000   Code   RO         3201  * .ARM.Collect$$$$00000000  mc_w.l(entry.o)
    0x08000130   0x08000130   0x00000004   Code   RO         3495    .ARM.Collect$$$$00000001  mc_w.l(entry2.o)
    0x08000134   0x08000134   0x00000004   Code   RO         3498    .ARM.Collect$$$$00000004  mc_w.l(entry5.o)
    0x08000138   0x08000138   0x00000000   Code   RO         3500    .ARM.Collect$$$$00000008  mc_w.l(entry7b.o)
    0x08000138   0x08000138   0x00000000   Code   RO         3502    .ARM.Collect$$$$0000000A  mc_w.l(entry8b.o)
    0x08000138   0x08000138   0x00000008   Code   RO         3503    .ARM.Collect$$$$0000000B  mc_w.l(entry9a.o)
    0x08000140   0x08000140   0x00000004   Code   RO         3510    .ARM.Collect$$$$0000000E  mc_w.l(entry12b.o)
    0x08000144   0x08000144   0x00000000   Code   RO         3505    .ARM.Collect$$$$0000000F  mc_w.l(entry10a.o)
    0x08000144   0x08000144   0x00000000   Code   RO         3507    .ARM.Collect$$$$00000011  mc_w.l(entry11a.o)
    0x08000144   0x08000144   0x00000004   Code   RO         3496    .ARM.Collect$$$$00002712  mc_w.l(entry2.o)
    0x08000148   0x08000148   0x00000024   Code   RO            4    .text               startup_stm32f103xe.o
    0x0800016c   0x0800016c   0x00000020   Code   RO         3204    .text               mc_w.l(llushr.o)
    0x0800018c   0x0800018c   0x00000024   Code   RO         3206    .text               mc_w.l(memseta.o)
    0x080001b0   0x080001b0   0x000000b0   Code   RO         3469    .text               mf_w.l(fadd.o)
    0x08000260   0x08000260   0x00000064   Code   RO         3471    .text               mf_w.l(fmul.o)
    0x080002c4   0x080002c4   0x0000007c   Code   RO         3473    .text               mf_w.l(fdiv.o)
    0x08000340   0x08000340   0x000000e4   Code   RO         3477    .text               mf_w.l(dmul.o)
    0x08000424   0x08000424   0x000000de   Code   RO         3479    .text               mf_w.l(ddiv.o)
    0x08000502   0x08000502   0x00000012   Code   RO         3483    .text               mf_w.l(fflti.o)
    0x08000514   0x08000514   0x0000001a   Code   RO         3487    .text               mf_w.l(dfltui.o)
    0x0800052e   0x0800052e   0x00000032   Code   RO         3489    .text               mf_w.l(ffixi.o)
    0x08000560   0x08000560   0x00000032   Code   RO         3493    .text               mf_w.l(dfixui.o)
    0x08000592   0x08000592   0x0000002c   Code   RO         3512    .text               mc_w.l(uidiv.o)
    0x080005be   0x080005be   0x0000001e   Code   RO         3516    .text               mc_w.l(llshl.o)
    0x080005dc   0x080005dc   0x00000000   Code   RO         3520    .text               mc_w.l(iusefp.o)
    0x080005dc   0x080005dc   0x0000006e   Code   RO         3521    .text               mf_w.l(fepilogue.o)
    0x0800064a   0x0800064a   0x000000ba   Code   RO         3523    .text               mf_w.l(depilogue.o)
    0x08000704   0x08000704   0x00000024   Code   RO         3529    .text               mc_w.l(init.o)
    0x08000728   0x08000728   0x00000002   Code   RO          347    i.BusFault_Handler  stm32f1xx_it.o
    0x0800072a   0x0800072a   0x00000002   Code   RO          348    i.DebugMon_Handler  stm32f1xx_it.o
    0x0800072c   0x0800072c   0x00000004   Code   RO           13    i.Error_Handler     main.o
    0x08000730   0x08000730   0x00000064   Code   RO         2889    i.GetSpeedInfo      bsp_encoder.o
    0x08000794   0x08000794   0x00000046   Code   RO         1868    i.HAL_DMA_Abort     stm32f1xx_hal_dma.o
    0x080007da   0x080007da   0x00000002   PAD
    0x080007dc   0x080007dc   0x00000130   Code   RO         1869    i.HAL_DMA_Abort_IT  stm32f1xx_hal_dma.o
    0x0800090c   0x0800090c   0x00000024   Code   RO         1496    i.HAL_Delay         stm32f1xx_hal.o
    0x08000930   0x08000930   0x000001f8   Code   RO         1804    i.HAL_GPIO_Init     stm32f1xx_hal_gpio.o
    0x08000b28   0x08000b28   0x0000000a   Code   RO         1806    i.HAL_GPIO_ReadPin  stm32f1xx_hal_gpio.o
    0x08000b32   0x08000b32   0x0000000a   Code   RO         1808    i.HAL_GPIO_WritePin  stm32f1xx_hal_gpio.o
    0x08000b3c   0x08000b3c   0x0000000c   Code   RO         1500    i.HAL_GetTick       stm32f1xx_hal.o
    0x08000b48   0x08000b48   0x00000010   Code   RO         1506    i.HAL_IncTick       stm32f1xx_hal.o
    0x08000b58   0x08000b58   0x00000024   Code   RO         1507    i.HAL_Init          stm32f1xx_hal.o
    0x08000b7c   0x08000b7c   0x00000040   Code   RO         1508    i.HAL_InitTick      stm32f1xx_hal.o
    0x08000bbc   0x08000bbc   0x0000003c   Code   RO          456    i.HAL_MspInit       stm32f1xx_hal_msp.o
    0x08000bf8   0x08000bf8   0x0000001a   Code   RO         1964    i.HAL_NVIC_EnableIRQ  stm32f1xx_hal_cortex.o
    0x08000c12   0x08000c12   0x00000002   PAD
    0x08000c14   0x08000c14   0x00000040   Code   RO         1970    i.HAL_NVIC_SetPriority  stm32f1xx_hal_cortex.o
    0x08000c54   0x08000c54   0x00000024   Code   RO         1971    i.HAL_NVIC_SetPriorityGrouping  stm32f1xx_hal_cortex.o
    0x08000c78   0x08000c78   0x0000012c   Code   RO         1664    i.HAL_RCC_ClockConfig  stm32f1xx_hal_rcc.o
    0x08000da4   0x08000da4   0x00000020   Code   RO         1671    i.HAL_RCC_GetPCLK1Freq  stm32f1xx_hal_rcc.o
    0x08000dc4   0x08000dc4   0x00000020   Code   RO         1672    i.HAL_RCC_GetPCLK2Freq  stm32f1xx_hal_rcc.o
    0x08000de4   0x08000de4   0x0000006c   Code   RO         1673    i.HAL_RCC_GetSysClockFreq  stm32f1xx_hal_rcc.o
    0x08000e50   0x08000e50   0x00000320   Code   RO         1676    i.HAL_RCC_OscConfig  stm32f1xx_hal_rcc.o
    0x08001170   0x08001170   0x00000028   Code   RO         1975    i.HAL_SYSTICK_Config  stm32f1xx_hal_cortex.o
    0x08001198   0x08001198   0x00000002   Code   RO         1222    i.HAL_TIMEx_BreakCallback  stm32f1xx_hal_tim_ex.o
    0x0800119a   0x0800119a   0x00000002   Code   RO         1223    i.HAL_TIMEx_CommutCallback  stm32f1xx_hal_tim_ex.o
    0x0800119c   0x0800119c   0x0000007c   Code   RO         1241    i.HAL_TIMEx_MasterConfigSynchronization  stm32f1xx_hal_tim_ex.o
    0x08001218   0x08001218   0x0000005a   Code   RO          518    i.HAL_TIM_Base_Init  stm32f1xx_hal_tim.o
    0x08001272   0x08001272   0x00000002   PAD
    0x08001274   0x08001274   0x000000c4   Code   RO          209    i.HAL_TIM_Base_MspInit  tim.o
    0x08001338   0x08001338   0x0000006c   Code   RO          523    i.HAL_TIM_Base_Start_IT  stm32f1xx_hal_tim.o
    0x080013a4   0x080013a4   0x000000d6   Code   RO          527    i.HAL_TIM_ConfigClockSource  stm32f1xx_hal_tim.o
    0x0800147a   0x0800147a   0x00000002   PAD
    0x0800147c   0x0800147c   0x000000f8   Code   RO          349    i.HAL_TIM_IC_CaptureCallback  stm32f1xx_it.o
    0x08001574   0x08001574   0x0000010e   Code   RO          554    i.HAL_TIM_IC_ConfigChannel  stm32f1xx_hal_tim.o
    0x08001682   0x08001682   0x0000005a   Code   RO          557    i.HAL_TIM_IC_Init   stm32f1xx_hal_tim.o
    0x080016dc   0x080016dc   0x00000002   Code   RO          559    i.HAL_TIM_IC_MspInit  stm32f1xx_hal_tim.o
    0x080016de   0x080016de   0x00000002   PAD
    0x080016e0   0x080016e0   0x000000f4   Code   RO          562    i.HAL_TIM_IC_Start_IT  stm32f1xx_hal_tim.o
    0x080017d4   0x080017d4   0x00000166   Code   RO          566    i.HAL_TIM_IRQHandler  stm32f1xx_hal_tim.o
    0x0800193a   0x0800193a   0x00000002   PAD
    0x0800193c   0x0800193c   0x0000007c   Code   RO          210    i.HAL_TIM_MspPostInit  tim.o
    0x080019b8   0x080019b8   0x00000002   Code   RO          569    i.HAL_TIM_OC_DelayElapsedCallback  stm32f1xx_hal_tim.o
    0x080019ba   0x080019ba   0x000000c6   Code   RO          590    i.HAL_TIM_PWM_ConfigChannel  stm32f1xx_hal_tim.o
    0x08001a80   0x08001a80   0x0000005a   Code   RO          593    i.HAL_TIM_PWM_Init  stm32f1xx_hal_tim.o
    0x08001ada   0x08001ada   0x00000002   Code   RO          595    i.HAL_TIM_PWM_MspInit  stm32f1xx_hal_tim.o
    0x08001adc   0x08001adc   0x00000002   Code   RO          596    i.HAL_TIM_PWM_PulseFinishedCallback  stm32f1xx_hal_tim.o
    0x08001ade   0x08001ade   0x00000002   PAD
    0x08001ae0   0x08001ae0   0x000000b4   Code   RO          598    i.HAL_TIM_PWM_Start  stm32f1xx_hal_tim.o
    0x08001b94   0x08001b94   0x00000048   Code   RO          350    i.HAL_TIM_PeriodElapsedCallback  stm32f1xx_it.o
    0x08001bdc   0x08001bdc   0x00000002   Code   RO          609    i.HAL_TIM_TriggerCallback  stm32f1xx_hal_tim.o
    0x08001bde   0x08001bde   0x00000002   Code   RO         2475    i.HAL_UARTEx_RxEventCallback  stm32f1xx_hal_uart.o
    0x08001be0   0x08001be0   0x00000002   Code   RO         2489    i.HAL_UART_ErrorCallback  stm32f1xx_hal_uart.o
    0x08001be2   0x08001be2   0x00000002   PAD
    0x08001be4   0x08001be4   0x0000020c   Code   RO         2492    i.HAL_UART_IRQHandler  stm32f1xx_hal_uart.o
    0x08001df0   0x08001df0   0x00000062   Code   RO         2493    i.HAL_UART_Init     stm32f1xx_hal_uart.o
    0x08001e52   0x08001e52   0x00000002   PAD
    0x08001e54   0x08001e54   0x00000080   Code   RO          269    i.HAL_UART_MspInit  usart.o
    0x08001ed4   0x08001ed4   0x0000002a   Code   RO         2498    i.HAL_UART_Receive_IT  stm32f1xx_hal_uart.o
    0x08001efe   0x08001efe   0x00000002   PAD
    0x08001f00   0x08001f00   0x0000006c   Code   RO          270    i.HAL_UART_RxCpltCallback  usart.o
    0x08001f6c   0x08001f6c   0x000000b2   Code   RO         2501    i.HAL_UART_Transmit  stm32f1xx_hal_uart.o
    0x0800201e   0x0800201e   0x00000002   Code   RO         2504    i.HAL_UART_TxCpltCallback  stm32f1xx_hal_uart.o
    0x08002020   0x08002020   0x00000002   Code   RO          351    i.HardFault_Handler  stm32f1xx_it.o
    0x08002022   0x08002022   0x00000002   PAD
    0x08002024   0x08002024   0x000000d4   Code   RO          181    i.MX_GPIO_Init      gpio.o
    0x080020f8   0x080020f8   0x000000a4   Code   RO          211    i.MX_TIM3_Init      tim.o
    0x0800219c   0x0800219c   0x000000f0   Code   RO          212    i.MX_TIM4_Init      tim.o
    0x0800228c   0x0800228c   0x000000c8   Code   RO          213    i.MX_TIM5_Init      tim.o
    0x08002354   0x08002354   0x00000044   Code   RO          271    i.MX_USART1_UART_Init  usart.o
    0x08002398   0x08002398   0x00000002   Code   RO          352    i.MemManage_Handler  stm32f1xx_it.o
    0x0800239a   0x0800239a   0x00000002   PAD
    0x0800239c   0x0800239c   0x00000024   Code   RO         2933    i.MotoASetSpeed     bsp_motor.o
    0x080023c0   0x080023c0   0x00000024   Code   RO         2934    i.MotoBSetSpeed     bsp_motor.o
    0x080023e4   0x080023e4   0x00000024   Code   RO         2935    i.MotoCSetSpeed     bsp_motor.o
    0x08002408   0x08002408   0x00000024   Code   RO         2936    i.MotoDSetSpeed     bsp_motor.o
    0x0800242c   0x0800242c   0x00000020   Code   RO         2937    i.MotorA_Backward   bsp_motor.o
    0x0800244c   0x0800244c   0x00000020   Code   RO         2938    i.MotorA_Forward    bsp_motor.o
    0x0800246c   0x0800246c   0x00000020   Code   RO         2939    i.MotorB_Backward   bsp_motor.o
    0x0800248c   0x0800248c   0x00000020   Code   RO         2940    i.MotorB_Forward    bsp_motor.o
    0x080024ac   0x080024ac   0x00000020   Code   RO         2941    i.MotorC_Backward   bsp_motor.o
    0x080024cc   0x080024cc   0x00000020   Code   RO         2942    i.MotorC_Forward    bsp_motor.o
    0x080024ec   0x080024ec   0x000001ac   Code   RO         3126    i.MotorControl      motor.o
    0x08002698   0x08002698   0x00000062   Code   RO         3127    i.MotorControl_Ps2  motor.o
    0x080026fa   0x080026fa   0x00000002   PAD
    0x080026fc   0x080026fc   0x00000020   Code   RO         2943    i.MotorD_Backward   bsp_motor.o
    0x0800271c   0x0800271c   0x00000024   Code   RO         2944    i.MotorD_Forward    bsp_motor.o
    0x08002740   0x08002740   0x00000002   Code   RO          353    i.NMI_Handler       stm32f1xx_it.o
    0x08002742   0x08002742   0x00000002   PAD
    0x08002744   0x08002744   0x00000020   Code   RO         3163    i.PID_Param_SetZero  pid.o
    0x08002764   0x08002764   0x00000002   Code   RO          354    i.PendSV_Handler    stm32f1xx_it.o
    0x08002766   0x08002766   0x00000002   PAD
    0x08002768   0x08002768   0x00000014   Code   RO         3059    i.Ps2CheckMode      bsp_ps2.o
    0x0800277c   0x0800277c   0x00000018   Code   RO         3060    i.Ps2ClearData      bsp_ps2.o
    0x08002794   0x08002794   0x00000090   Code   RO         3061    i.Ps2Cmd            bsp_ps2.o
    0x08002824   0x08002824   0x00000038   Code   RO         3062    i.Ps2DataKey        bsp_ps2.o
    0x0800285c   0x0800285c   0x00000018   Code   RO         3063    i.Ps2GetAnalogValue  bsp_ps2.o
    0x08002874   0x08002874   0x000000ac   Code   RO         3064    i.Ps2GetData        bsp_ps2.o
    0x08002920   0x08002920   0x00000038   Code   RO         3065    i.Ps2_DisLinkStatus  bsp_ps2.o
    0x08002958   0x08002958   0x00000002   Code   RO          355    i.SVC_Handler       stm32f1xx_it.o
    0x0800295a   0x0800295a   0x00000004   Code   RO          356    i.SysTick_Handler   stm32f1xx_it.o
    0x0800295e   0x0800295e   0x00000064   Code   RO           14    i.SystemClock_Config  main.o
    0x080029c2   0x080029c2   0x00000002   Code   RO         2822    i.SystemInit        system_stm32f1xx.o
    0x080029c4   0x080029c4   0x0000000c   Code   RO          357    i.TIM5_IRQHandler   stm32f1xx_it.o
    0x080029d0   0x080029d0   0x0000008c   Code   RO          611    i.TIM_Base_SetConfig  stm32f1xx_hal_tim.o
    0x08002a5c   0x08002a5c   0x0000001a   Code   RO          612    i.TIM_CCxChannelCmd  stm32f1xx_hal_tim.o
    0x08002a76   0x08002a76   0x00000014   Code   RO          622    i.TIM_ETR_SetConfig  stm32f1xx_hal_tim.o
    0x08002a8a   0x08002a8a   0x00000010   Code   RO          623    i.TIM_ITRx_SetConfig  stm32f1xx_hal_tim.o
    0x08002a9a   0x08002a9a   0x00000002   PAD
    0x08002a9c   0x08002a9c   0x00000060   Code   RO          624    i.TIM_OC1_SetConfig  stm32f1xx_hal_tim.o
    0x08002afc   0x08002afc   0x0000006c   Code   RO          625    i.TIM_OC2_SetConfig  stm32f1xx_hal_tim.o
    0x08002b68   0x08002b68   0x00000068   Code   RO          626    i.TIM_OC3_SetConfig  stm32f1xx_hal_tim.o
    0x08002bd0   0x08002bd0   0x00000050   Code   RO          627    i.TIM_OC4_SetConfig  stm32f1xx_hal_tim.o
    0x08002c20   0x08002c20   0x00000022   Code   RO          629    i.TIM_TI1_ConfigInputStage  stm32f1xx_hal_tim.o
    0x08002c42   0x08002c42   0x00000002   PAD
    0x08002c44   0x08002c44   0x0000006c   Code   RO          630    i.TIM_TI1_SetConfig  stm32f1xx_hal_tim.o
    0x08002cb0   0x08002cb0   0x00000024   Code   RO          631    i.TIM_TI2_ConfigInputStage  stm32f1xx_hal_tim.o
    0x08002cd4   0x08002cd4   0x00000036   Code   RO          632    i.TIM_TI2_SetConfig  stm32f1xx_hal_tim.o
    0x08002d0a   0x08002d0a   0x00000010   Code   RO         2506    i.UART_DMAAbortOnError  stm32f1xx_hal_uart.o
    0x08002d1a   0x08002d1a   0x00000030   Code   RO         2516    i.UART_EndRxTransfer  stm32f1xx_hal_uart.o
    0x08002d4a   0x08002d4a   0x000000b6   Code   RO         2518    i.UART_Receive_IT   stm32f1xx_hal_uart.o
    0x08002e00   0x08002e00   0x000000b8   Code   RO         2519    i.UART_SetConfig    stm32f1xx_hal_uart.o
    0x08002eb8   0x08002eb8   0x00000036   Code   RO         2521    i.UART_Start_Receive_IT  stm32f1xx_hal_uart.o
    0x08002eee   0x08002eee   0x00000064   Code   RO         2522    i.UART_WaitOnFlagUntilTimeout  stm32f1xx_hal_uart.o
    0x08002f52   0x08002f52   0x00000002   PAD
    0x08002f54   0x08002f54   0x0000000c   Code   RO          358    i.USART1_IRQHandler  stm32f1xx_it.o
    0x08002f60   0x08002f60   0x00000002   Code   RO          359    i.UsageFault_Handler  stm32f1xx_it.o
    0x08002f62   0x08002f62   0x00000002   PAD
    0x08002f64   0x08002f64   0x00000020   Code   RO         3253    i.__0printf$1       mc_w.l(printf1.o)
    0x08002f84   0x08002f84   0x00000020   Code   RO         1977    i.__NVIC_SetPriority  stm32f1xx_hal_cortex.o
    0x08002fa4   0x08002fa4   0x0000000e   Code   RO         3533    i.__scatterload_copy  mc_w.l(handlers.o)
    0x08002fb2   0x08002fb2   0x00000002   Code   RO         3534    i.__scatterload_null  mc_w.l(handlers.o)
    0x08002fb4   0x08002fb4   0x0000000e   Code   RO         3535    i.__scatterload_zeroinit  mc_w.l(handlers.o)
    0x08002fc2   0x08002fc2   0x00000002   PAD
    0x08002fc4   0x08002fc4   0x00000154   Code   RO         3260    i._printf_core      mc_w.l(printf1.o)
    0x08003118   0x08003118   0x0000003a   Code   RO          272    i.charToint         usart.o
    0x08003152   0x08003152   0x00000002   PAD
    0x08003154   0x08003154   0x00000018   Code   RO          274    i.fputc             usart.o
    0x0800316c   0x0800316c   0x000000b8   Code   RO           15    i.main              main.o
    0x08003224   0x08003224   0x000000b8   Code   RO         3165    i.wheelSpeedPidCalc  pid.o
    0x080032dc   0x080032dc   0x00000010   Data   RO         2823    .constdata          system_stm32f1xx.o
    0x080032ec   0x080032ec   0x00000008   Data   RO         2824    .constdata          system_stm32f1xx.o
    0x080032f4   0x080032f4   0x00000020   Data   RO         3531    Region$$Table       anon$$obj.o


    Execution Region RW_IRAM1 (Exec base: 0x20000000, Load base: 0x08003314, Size: 0x00000600, Max: 0x0000c000, ABSOLUTE)

    Exec Addr    Load Addr    Size         Type   Attr      Idx    E Section Name        Object

    0x20000000   0x08003314   0x00000018   Data   RW          276    .data               usart.o
    0x20000018   0x0800332c   0x0000000c   Data   RW         1514    .data               stm32f1xx_hal.o
    0x20000024   0x08003338   0x00000004   Data   RW         2825    .data               system_stm32f1xx.o
    0x20000028   0x0800333c   0x00000008   Data   RW         2891    .data               bsp_encoder.o
    0x20000030   0x08003344   0x00000024   Data   RW         3067    .data               bsp_ps2.o
    0x20000054   0x08003368   0x00000004   Data   RW         3511    .data               mc_w.l(stdout.o)
    0x20000058        -       0x000000d8   Zero   RW          214    .bss                tim.o
    0x20000130        -       0x00000054   Zero   RW          275    .bss                usart.o
    0x20000184        -       0x00000010   Zero   RW          360    .bss                stm32f1xx_it.o
    0x20000194        -       0x00000010   Zero   RW         2890    .bss                bsp_encoder.o
    0x200001a4        -       0x00000009   Zero   RW         3066    .bss                bsp_ps2.o
    0x200001ad   0x0800336c   0x00000003   PAD
    0x200001b0        -       0x00000050   Zero   RW         3166    .bss                pid.o
    0x20000200        -       0x00000400   Zero   RW            1    STACK               startup_stm32f103xe.o


==============================================================================

Image component sizes


      Code (inc. data)   RO Data    RW Data    ZI Data      Debug   Object Name

       100         38          0          8         16       2097   bsp_encoder.o
       404         50          0          0          0       6530   bsp_motor.o
       496         50          0         36          9       5922   bsp_ps2.o
       212         16          0          0          0        995   gpio.o
       288         38          0          0          0     493832   main.o
       526         82          0          0          0       2694   motor.o
       216         18          0          0         80       2504   pid.o
        36          8        304          0       1024        804   startup_stm32f103xe.o
       164         28          0         12          0       6529   stm32f1xx_hal.o
       198         14          0          0          0      28959   stm32f1xx_hal_cortex.o
       374          8          0          0          0       1839   stm32f1xx_hal_dma.o
       524         42          0          0          0       3535   stm32f1xx_hal_gpio.o
        60          8          0          0          0        874   stm32f1xx_hal_msp.o
      1272        100          0          0          0       5204   stm32f1xx_hal_rcc.o
      2674        136          0          0          0      20345   stm32f1xx_hal_tim.o
       128         20          0          0          0       2377   stm32f1xx_hal_tim_ex.o
      1432         10          0          0          0      10548   stm32f1xx_hal_uart.o
       364         38          0          0         16       7556   stm32f1xx_it.o
         2          0         24          4          0       1119   system_stm32f1xx.o
       924         70          0          0        216       4114   tim.o
       386         48          0         24         84       4948   usart.o

    ----------------------------------------------------------------------
     10820        822        360         84       1448     613325   Object Totals
         0          0         32          0          0          0   (incl. Generated)
        40          0          0          0          3          0   (incl. Padding)

    ----------------------------------------------------------------------

      Code (inc. data)   RO Data    RW Data    ZI Data      Debug   Library Member Name

         0          0          0          0          0          0   entry.o
         0          0          0          0          0          0   entry10a.o
         0          0          0          0          0          0   entry11a.o
         4          0          0          0          0          0   entry12b.o
         8          4          0          0          0          0   entry2.o
         4          0          0          0          0          0   entry5.o
         0          0          0          0          0          0   entry7b.o
         0          0          0          0          0          0   entry8b.o
         8          4          0          0          0          0   entry9a.o
        30          0          0          0          0          0   handlers.o
        36          8          0          0          0         68   init.o
         0          0          0          0          0          0   iusefp.o
        30          0          0          0          0         68   llshl.o
        32          0          0          0          0         68   llushr.o
        36          0          0          0          0        108   memseta.o
       372         14          0          0          0        184   printf1.o
         0          0          0          4          0          0   stdout.o
        44          0          0          0          0         80   uidiv.o
       222          0          0          0          0        100   ddiv.o
       186          0          0          0          0        176   depilogue.o
        50          0          0          0          0         76   dfixui.o
        26          0          0          0          0         76   dfltui.o
       228          0          0          0          0         96   dmul.o
       176          0          0          0          0        140   fadd.o
       124          0          0          0          0         88   fdiv.o
       110          0          0          0          0        168   fepilogue.o
        50          0          0          0          0         68   ffixi.o
        18          0          0          0          0         68   fflti.o
       100          0          0          0          0         76   fmul.o

    ----------------------------------------------------------------------
      1896         30          0          4          0       1708   Library Totals
         2          0          0          0          0          0   (incl. Padding)

    ----------------------------------------------------------------------

      Code (inc. data)   RO Data    RW Data    ZI Data      Debug   Library Name

       604         30          0          4          0        576   mc_w.l
      1290          0          0          0          0       1132   mf_w.l

    ----------------------------------------------------------------------
      1896         30          0          4          0       1708   Library Totals

    ----------------------------------------------------------------------

==============================================================================


      Code (inc. data)   RO Data    RW Data    ZI Data      Debug   

     12716        852        360         88       1448     608529   Grand Totals
     12716        852        360         88       1448     608529   ELF Image Totals
     12716        852        360         88          0          0   ROM Totals

==============================================================================

    Total RO  Size (Code + RO Data)                13076 (  12.77kB)
    Total RW  Size (RW Data + ZI Data)              1536 (   1.50kB)
    Total ROM Size (Code + RO Data + RW Data)      13164 (  12.86kB)

==============================================================================

