Component: Arm Compiler for Embedded 6.19 Tool: armlink [5e73cb00]

==============================================================================

Section Cross References

    startup_stm32f103xe.o(RESET) refers to startup_stm32f103xe.o(STACK) for __initial_sp
    startup_stm32f103xe.o(RESET) refers to startup_stm32f103xe.o(.text) for Reset_Handler
    startup_stm32f103xe.o(RESET) refers to stm32f1xx_it.o(.text.NMI_Handler) for NMI_Handler
    startup_stm32f103xe.o(RESET) refers to stm32f1xx_it.o(.text.HardFault_Handler) for HardFault_Handler
    startup_stm32f103xe.o(RESET) refers to stm32f1xx_it.o(.text.MemManage_Handler) for MemManage_Handler
    startup_stm32f103xe.o(RESET) refers to stm32f1xx_it.o(.text.BusFault_Handler) for BusFault_Handler
    startup_stm32f103xe.o(RESET) refers to stm32f1xx_it.o(.text.UsageFault_Handler) for UsageFault_Handler
    startup_stm32f103xe.o(RESET) refers to stm32f1xx_it.o(.text.SVC_Handler) for SVC_Handler
    startup_stm32f103xe.o(RESET) refers to stm32f1xx_it.o(.text.DebugMon_Handler) for DebugMon_Handler
    startup_stm32f103xe.o(RESET) refers to stm32f1xx_it.o(.text.PendSV_Handler) for PendSV_Handler
    startup_stm32f103xe.o(RESET) refers to stm32f1xx_it.o(.text.SysTick_Handler) for SysTick_Handler
    startup_stm32f103xe.o(RESET) refers to stm32f1xx_it.o(.text.USART1_IRQHandler) for USART1_IRQHandler
    startup_stm32f103xe.o(RESET) refers to stm32f1xx_it.o(.text.TIM5_IRQHandler) for TIM5_IRQHandler
    startup_stm32f103xe.o(.text) refers to system_stm32f1xx.o(.text.SystemInit) for SystemInit
    startup_stm32f103xe.o(.text) refers to entry.o(.ARM.Collect$$$$00000000) for __main
    main.o(.text.main) refers to stm32f1xx_hal.o(.text.HAL_Init) for HAL_Init
    main.o(.text.main) refers to stm32f1xx_hal_rcc.o(.text.HAL_RCC_OscConfig) for HAL_RCC_OscConfig
    main.o(.text.main) refers to stm32f1xx_hal_rcc.o(.text.HAL_RCC_ClockConfig) for HAL_RCC_ClockConfig
    main.o(.text.main) refers to gpio.o(.text.MX_GPIO_Init) for MX_GPIO_Init
    main.o(.text.main) refers to usart.o(.text.MX_USART1_UART_Init) for MX_USART1_UART_Init
    main.o(.text.main) refers to tim.o(.text.MX_TIM4_Init) for MX_TIM4_Init
    main.o(.text.main) refers to tim.o(.text.MX_TIM3_Init) for MX_TIM3_Init
    main.o(.text.main) refers to tim.o(.text.MX_TIM5_Init) for MX_TIM5_Init
    main.o(.text.main) refers to tim.o(.text.MX_TIM6_Init) for MX_TIM6_Init
    main.o(.text.main) refers to tim.o(.bss.htim5) for htim5
    main.o(.text.main) refers to stm32f1xx_hal_tim.o(.text.HAL_TIM_Base_Start_IT) for HAL_TIM_Base_Start_IT
    main.o(.text.main) refers to stm32f1xx_hal_tim.o(.text.HAL_TIM_IC_Start_IT) for HAL_TIM_IC_Start_IT
    main.o(.text.main) refers to pid.o(.text.bsp_InitPid) for bsp_InitPid
    main.o(.text.main) refers to puts.o(i.puts) for puts
    main.o(.text.main) refers to ps2.o(.bss..L_MergedGlobals) for PS2_Data
    main.o(.text.main) refers to ps2.o(.text.PS2_Read_Data) for PS2_Read_Data
    main.o(.text.main) refers to printf1.o(i.__0printf$1) for __2printf
    main.o(.text.main) refers to chasis_control.o(.text.Chasis_Speed) for Chasis_Speed
    main.o(.text.main) refers to chasis_control.o(.text.Speed_Synchronization) for Speed_Synchronization
    main.o(.text.main) refers to chasis_control.o(.text.Speed_PID_Calculate) for Speed_PID_Calculate
    main.o(.text.main) refers to chasis_control.o(.text.Chasis_Control) for Chasis_Control
    main.o(.text.main) refers to bsp_servo.o(.text.Angle_Control_PS2_Gate) for Angle_Control_PS2_Gate
    main.o(.text.main) refers to bsp_servo.o(.text.Servo_Control_Gate) for Servo_Control_Gate
    main.o(.text.main) refers to bsp_servo.o(.text.Angle_Control_PS2_Baffle) for Angle_Control_PS2_Baffle
    main.o(.text.main) refers to bsp_servo.o(.text.Servo_Control_Baffle) for Servo_Control_Baffle
    main.o(.text.main) refers to stm32f1xx_hal.o(.text.HAL_Delay) for HAL_Delay
    main.o(.ARM.exidx.text.main) refers to main.o(.text.main) for [Anonymous Symbol]
    main.o(.text.SystemClock_Config) refers to stm32f1xx_hal_rcc.o(.text.HAL_RCC_OscConfig) for HAL_RCC_OscConfig
    main.o(.text.SystemClock_Config) refers to stm32f1xx_hal_rcc.o(.text.HAL_RCC_ClockConfig) for HAL_RCC_ClockConfig
    main.o(.ARM.exidx.text.SystemClock_Config) refers to main.o(.text.SystemClock_Config) for [Anonymous Symbol]
    main.o(.ARM.exidx.text.Error_Handler) refers to main.o(.text.Error_Handler) for [Anonymous Symbol]
    gpio.o(.text.MX_GPIO_Init) refers to stm32f1xx_hal_gpio.o(.text.HAL_GPIO_WritePin) for HAL_GPIO_WritePin
    gpio.o(.text.MX_GPIO_Init) refers to stm32f1xx_hal_gpio.o(.text.HAL_GPIO_Init) for HAL_GPIO_Init
    gpio.o(.ARM.exidx.text.MX_GPIO_Init) refers to gpio.o(.text.MX_GPIO_Init) for [Anonymous Symbol]
    tim.o(.text.MX_TIM3_Init) refers to tim.o(.bss.htim3) for htim3
    tim.o(.text.MX_TIM3_Init) refers to stm32f1xx_hal_tim.o(.text.HAL_TIM_Base_Init) for HAL_TIM_Base_Init
[...]
    Removing stm32f1xx_hal_flash_ex.o(.text.HAL_FLASHEx_OBGetConfig), (42 bytes).
    Removing stm32f1xx_hal_flash_ex.o(.ARM.exidx.text.HAL_FLASHEx_OBGetConfig), (8 bytes).
    Removing stm32f1xx_hal_flash_ex.o(.text.HAL_FLASHEx_OBGetUserData), (34 bytes).
    Removing stm32f1xx_hal_flash_ex.o(.ARM.exidx.text.HAL_FLASHEx_OBGetUserData), (8 bytes).
    Removing stm32f1xx_hal_exti.o(.text), (0 bytes).
    Removing stm32f1xx_hal_exti.o(.text.HAL_EXTI_SetConfigLine), (180 bytes).
    Removing stm32f1xx_hal_exti.o(.ARM.exidx.text.HAL_EXTI_SetConfigLine), (8 bytes).
    Removing stm32f1xx_hal_exti.o(.text.HAL_EXTI_GetConfigLine), (150 bytes).
    Removing stm32f1xx_hal_exti.o(.ARM.exidx.text.HAL_EXTI_GetConfigLine), (8 bytes).
    Removing stm32f1xx_hal_exti.o(.text.HAL_EXTI_ClearConfigLine), (136 bytes).
    Removing stm32f1xx_hal_exti.o(.ARM.exidx.text.HAL_EXTI_ClearConfigLine), (8 bytes).
    Removing stm32f1xx_hal_exti.o(.text.HAL_EXTI_RegisterCallback), (12 bytes).
    Removing stm32f1xx_hal_exti.o(.ARM.exidx.text.HAL_EXTI_RegisterCallback), (8 bytes).
    Removing stm32f1xx_hal_exti.o(.text.HAL_EXTI_GetHandle), (12 bytes).
    Removing stm32f1xx_hal_exti.o(.ARM.exidx.text.HAL_EXTI_GetHandle), (8 bytes).
    Removing stm32f1xx_hal_exti.o(.text.HAL_EXTI_IRQHandler), (42 bytes).
    Removing stm32f1xx_hal_exti.o(.ARM.exidx.text.HAL_EXTI_IRQHandler), (8 bytes).
    Removing stm32f1xx_hal_exti.o(.text.HAL_EXTI_GetPending), (28 bytes).
    Removing stm32f1xx_hal_exti.o(.ARM.exidx.text.HAL_EXTI_GetPending), (8 bytes).
    Removing stm32f1xx_hal_exti.o(.text.HAL_EXTI_ClearPending), (24 bytes).
    Removing stm32f1xx_hal_exti.o(.ARM.exidx.text.HAL_EXTI_ClearPending), (8 bytes).
    Removing stm32f1xx_hal_exti.o(.text.HAL_EXTI_GenerateSWI), (24 bytes).
    Removing stm32f1xx_hal_exti.o(.ARM.exidx.text.HAL_EXTI_GenerateSWI), (8 bytes).
    Removing stm32f1xx_hal_uart.o(.text), (0 bytes).
    Removing stm32f1xx_hal_uart.o(.ARM.exidx.text.HAL_UART_Init), (8 bytes).
    Removing stm32f1xx_hal_uart.o(.text.HAL_UART_MspInit), (2 bytes).
    Removing stm32f1xx_hal_uart.o(.ARM.exidx.text.HAL_UART_MspInit), (8 bytes).
    Removing stm32f1xx_hal_uart.o(.text.HAL_HalfDuplex_Init), (232 bytes).
    Removing stm32f1xx_hal_uart.o(.ARM.exidx.text.HAL_HalfDuplex_Init), (8 bytes).
    Removing stm32f1xx_hal_uart.o(.text.HAL_LIN_Init), (246 bytes).
    Removing stm32f1xx_hal_uart.o(.ARM.exidx.text.HAL_LIN_Init), (8 bytes).
    Removing stm32f1xx_hal_uart.o(.text.HAL_MultiProcessor_Init), (256 bytes).
    Removing stm32f1xx_hal_uart.o(.ARM.exidx.text.HAL_MultiProcessor_Init), (8 bytes).
    Removing stm32f1xx_hal_uart.o(.text.HAL_UART_DeInit), (54 bytes).
    Removing stm32f1xx_hal_uart.o(.ARM.exidx.text.HAL_UART_DeInit), (8 bytes).
    Removing stm32f1xx_hal_uart.o(.text.HAL_UART_MspDeInit), (2 bytes).
    Removing stm32f1xx_hal_uart.o(.ARM.exidx.text.HAL_UART_MspDeInit), (8 bytes).
    Removing stm32f1xx_hal_uart.o(.ARM.exidx.text.HAL_UART_Transmit), (8 bytes).
    Removing stm32f1xx_hal_uart.o(.text.HAL_UART_Receive), (306 bytes).
    Removing stm32f1xx_hal_uart.o(.ARM.exidx.text.HAL_UART_Receive), (8 bytes).
    Removing stm32f1xx_hal_uart.o(.text.HAL_UART_Transmit_IT), (68 bytes).
    Removing stm32f1xx_hal_uart.o(.ARM.exidx.text.HAL_UART_Transmit_IT), (8 bytes).
    Removing stm32f1xx_hal_uart.o(.ARM.exidx.text.HAL_UART_Receive_IT), (8 bytes).
    Removing stm32f1xx_hal_uart.o(.text.UART_Start_Receive_IT), (50 bytes).
    Removing stm32f1xx_hal_uart.o(.ARM.exidx.text.UART_Start_Receive_IT), (8 bytes).
    Removing stm32f1xx_hal_uart.o(.text.HAL_UART_Transmit_DMA), (124 bytes).
    Removing stm32f1xx_hal_uart.o(.ARM.exidx.text.HAL_UART_Transmit_DMA), (8 bytes).
    Removing stm32f1xx_hal_uart.o(.text.UART_DMATransmitCplt), (38 bytes).
    Removing stm32f1xx_hal_uart.o(.ARM.exidx.text.UART_DMATransmitCplt), (8 bytes).
    Removing stm32f1xx_hal_uart.o(.text.UART_DMATxHalfCplt), (6 bytes).
    Removing stm32f1xx_hal_uart.o(.ARM.exidx.text.UART_DMATxHalfCplt), (8 bytes).
    Removing stm32f1xx_hal_uart.o(.text.UART_DMAError), (108 bytes).
    Removing stm32f1xx_hal_uart.o(.ARM.exidx.text.UART_DMAError), (8 bytes).
    Removing stm32f1xx_hal_uart.o(.text.HAL_UART_Receive_DMA), (164 bytes).
    Removing stm32f1xx_hal_uart.o(.ARM.exidx.text.HAL_UART_Receive_DMA), (8 bytes).
    Removing stm32f1xx_hal_uart.o(.text.UART_Start_Receive_DMA), (114 bytes).
    Removing stm32f1xx_hal_uart.o(.ARM.exidx.text.UART_Start_Receive_DMA), (8 bytes).
    Removing stm32f1xx_hal_uart.o(.text.HAL_UART_DMAPause), (88 bytes).
    Removing stm32f1xx_hal_uart.o(.ARM.exidx.text.HAL_UART_DMAPause), (8 bytes).
    Removing stm32f1xx_hal_uart.o(.text.HAL_UART_DMAResume), (104 bytes).
    Removing stm32f1xx_hal_uart.o(.ARM.exidx.text.HAL_UART_DMAResume), (8 bytes).
    Removing stm32f1xx_hal_uart.o(.text.HAL_UART_DMAStop), (132 bytes).
    Removing stm32f1xx_hal_uart.o(.ARM.exidx.text.HAL_UART_DMAStop), (8 bytes).
    Removing stm32f1xx_hal_uart.o(.text.HAL_UARTEx_ReceiveToIdle), (462 bytes).
    Removing stm32f1xx_hal_uart.o(.ARM.exidx.text.HAL_UARTEx_ReceiveToIdle), (8 bytes).
    Removing stm32f1xx_hal_uart.o(.text.HAL_UARTEx_ReceiveToIdle_IT), (132 bytes).
    Removing stm32f1xx_hal_uart.o(.ARM.exidx.text.HAL_UARTEx_ReceiveToIdle_IT), (8 bytes).
    Removing stm32f1xx_hal_uart.o(.text.HAL_UARTEx_ReceiveToIdle_DMA), (192 bytes).
    Removing stm32f1xx_hal_uart.o(.ARM.exidx.text.HAL_UARTEx_ReceiveToIdle_DMA), (8 bytes).
    Removing stm32f1xx_hal_uart.o(.text.HAL_UART_Abort), (146 bytes).
    Removing stm32f1xx_hal_uart.o(.ARM.exidx.text.HAL_UART_Abort), (8 bytes).
    Removing stm32f1xx_hal_uart.o(.text.HAL_UART_AbortTransmit), (72 bytes).
    Removing stm32f1xx_hal_uart.o(.ARM.exidx.text.HAL_UART_AbortTransmit), (8 bytes).
    Removing stm32f1xx_hal_uart.o(.text.HAL_UART_AbortReceive), (98 bytes).
    Removing stm32f1xx_hal_uart.o(.ARM.exidx.text.HAL_UART_AbortReceive), (8 bytes).
    Removing stm32f1xx_hal_uart.o(.text.HAL_UART_Abort_IT), (180 bytes).
    Removing stm32f1xx_hal_uart.o(.ARM.exidx.text.HAL_UART_Abort_IT), (8 bytes).
    Removing stm32f1xx_hal_uart.o(.text.UART_DMATxAbortCallback), (42 bytes).
    Removing stm32f1xx_hal_uart.o(.ARM.exidx.text.UART_DMATxAbortCallback), (8 bytes).
    Removing stm32f1xx_hal_uart.o(.text.UART_DMARxAbortCallback), (42 bytes).
    Removing stm32f1xx_hal_uart.o(.ARM.exidx.text.UART_DMARxAbortCallback), (8 bytes).
    Removing stm32f1xx_hal_uart.o(.text.HAL_UART_AbortCpltCallback), (2 bytes).
    Removing stm32f1xx_hal_uart.o(.ARM.exidx.text.HAL_UART_AbortCpltCallback), (8 bytes).
    Removing stm32f1xx_hal_uart.o(.text.HAL_UART_AbortTransmit_IT), (100 bytes).
    Removing stm32f1xx_hal_uart.o(.ARM.exidx.text.HAL_UART_AbortTransmit_IT), (8 bytes).
    Removing stm32f1xx_hal_uart.o(.text.UART_DMATxOnlyAbortCallback), (16 bytes).
    Removing stm32f1xx_hal_uart.o(.ARM.exidx.text.UART_DMATxOnlyAbortCallback), (8 bytes).
    Removing stm32f1xx_hal_uart.o(.text.HAL_UART_AbortTransmitCpltCallback), (2 bytes).
    Removing stm32f1xx_hal_uart.o(.ARM.exidx.text.HAL_UART_AbortTransmitCpltCallback), (8 bytes).
    Removing stm32f1xx_hal_uart.o(.text.HAL_UART_AbortReceive_IT), (134 bytes).
    Removing stm32f1xx_hal_uart.o(.ARM.exidx.text.HAL_UART_AbortReceive_IT), (8 bytes).
    Removing stm32f1xx_hal_uart.o(.text.UART_DMARxOnlyAbortCallback), (18 bytes).
    Removing stm32f1xx_hal_uart.o(.ARM.exidx.text.UART_DMARxOnlyAbortCallback), (8 bytes).
    Removing stm32f1xx_hal_uart.o(.text.HAL_UART_AbortReceiveCpltCallback), (2 bytes).
    Removing stm32f1xx_hal_uart.o(.ARM.exidx.text.HAL_UART_AbortReceiveCpltCallback), (8 bytes).
    Removing stm32f1xx_hal_uart.o(.ARM.exidx.text.HAL_UART_IRQHandler), (8 bytes).
    Removing stm32f1xx_hal_uart.o(.ARM.exidx.text.UART_Receive_IT), (8 bytes).
    Removing stm32f1xx_hal_uart.o(.ARM.exidx.text.UART_DMAAbortOnError), (8 bytes).
    Removing stm32f1xx_hal_uart.o(.ARM.exidx.text.HAL_UART_ErrorCallback), (8 bytes).
    Removing stm32f1xx_hal_uart.o(.ARM.exidx.text.HAL_UARTEx_RxEventCallback), (8 bytes).
    Removing stm32f1xx_hal_uart.o(.ARM.exidx.text.HAL_UART_TxCpltCallback), (8 bytes).
    Removing stm32f1xx_hal_uart.o(.text.HAL_UART_TxHalfCpltCallback), (2 bytes).
    Removing stm32f1xx_hal_uart.o(.ARM.exidx.text.HAL_UART_TxHalfCpltCallback), (8 bytes).
    Removing stm32f1xx_hal_uart.o(.text.HAL_UART_RxCpltCallback), (2 bytes).
    Removing stm32f1xx_hal_uart.o(.ARM.exidx.text.HAL_UART_RxCpltCallback), (8 bytes).
    Removing stm32f1xx_hal_uart.o(.text.HAL_UART_RxHalfCpltCallback), (2 bytes).
    Removing stm32f1xx_hal_uart.o(.ARM.exidx.text.HAL_UART_RxHalfCpltCallback), (8 bytes).
    Removing stm32f1xx_hal_uart.o(.text.HAL_LIN_SendBreak), (44 bytes).
    Removing stm32f1xx_hal_uart.o(.ARM.exidx.text.HAL_LIN_SendBreak), (8 bytes).
    Removing stm32f1xx_hal_uart.o(.text.HAL_MultiProcessor_EnterMuteMode), (44 bytes).
    Removing stm32f1xx_hal_uart.o(.ARM.exidx.text.HAL_MultiProcessor_EnterMuteMode), (8 bytes).
    Removing stm32f1xx_hal_uart.o(.text.HAL_MultiProcessor_ExitMuteMode), (44 bytes).
    Removing stm32f1xx_hal_uart.o(.ARM.exidx.text.HAL_MultiProcessor_ExitMuteMode), (8 bytes).
    Removing stm32f1xx_hal_uart.o(.text.HAL_HalfDuplex_EnableTransmitter), (44 bytes).
    Removing stm32f1xx_hal_uart.o(.ARM.exidx.text.HAL_HalfDuplex_EnableTransmitter), (8 bytes).
    Removing stm32f1xx_hal_uart.o(.text.HAL_HalfDuplex_EnableReceiver), (46 bytes).
    Removing stm32f1xx_hal_uart.o(.ARM.exidx.text.HAL_HalfDuplex_EnableReceiver), (8 bytes).
    Removing stm32f1xx_hal_uart.o(.text.HAL_UART_GetState), (14 bytes).
    Removing stm32f1xx_hal_uart.o(.ARM.exidx.text.HAL_UART_GetState), (8 bytes).
    Removing stm32f1xx_hal_uart.o(.text.HAL_UART_GetError), (4 bytes).
    Removing stm32f1xx_hal_uart.o(.ARM.exidx.text.HAL_UART_GetError), (8 bytes).
    Removing stm32f1xx_hal_uart.o(.text.UART_DMAReceiveCplt), (76 bytes).
    Removing stm32f1xx_hal_uart.o(.ARM.exidx.text.UART_DMAReceiveCplt), (8 bytes).
    Removing stm32f1xx_hal_uart.o(.text.UART_DMARxHalfCplt), (20 bytes).
    Removing stm32f1xx_hal_uart.o(.ARM.exidx.text.UART_DMARxHalfCplt), (8 bytes).
    Removing system_stm32f1xx.o(.text), (0 bytes).
    Removing system_stm32f1xx.o(.ARM.exidx.text.SystemInit), (8 bytes).
    Removing system_stm32f1xx.o(.text.SystemCoreClockUpdate), (112 bytes).
    Removing system_stm32f1xx.o(.ARM.exidx.text.SystemCoreClockUpdate), (8 bytes).
    Removing bsp_servo.o(.text), (0 bytes).
    Removing bsp_servo.o(.text.pulse_modify), (26 bytes).
    Removing bsp_servo.o(.ARM.exidx.text.pulse_modify), (8 bytes).
    Removing bsp_servo.o(.text.Servo_Control_UART), (100 bytes).
    Removing bsp_servo.o(.ARM.exidx.text.Servo_Control_UART), (8 bytes).
    Removing bsp_servo.o(.text.pulse_modify_Gate1), (14 bytes).
    Removing bsp_servo.o(.ARM.exidx.text.pulse_modify_Gate1), (8 bytes).
    Removing bsp_servo.o(.text.pulse_modify_Gate2), (14 bytes).
    Removing bsp_servo.o(.ARM.exidx.text.pulse_modify_Gate2), (8 bytes).
    Removing bsp_servo.o(.ARM.exidx.text.Servo_Control_Gate), (8 bytes).
    Removing bsp_servo.o(.ARM.exidx.text.Angle_Control_PS2_Gate), (8 bytes).
    Removing bsp_servo.o(.text.pulse_modify_Baffle3), (14 bytes).
    Removing bsp_servo.o(.ARM.exidx.text.pulse_modify_Baffle3), (8 bytes).
    Removing bsp_servo.o(.text.pulse_modify_Baffle4), (14 bytes).
    Removing bsp_servo.o(.ARM.exidx.text.pulse_modify_Baffle4), (8 bytes).
    Removing bsp_servo.o(.ARM.exidx.text.Servo_Control_Baffle), (8 bytes).
    Removing bsp_servo.o(.ARM.exidx.text.Angle_Control_PS2_Baffle), (8 bytes).
    Removing bsp_servo.o(.rodata.str1.1), (28 bytes).
    Removing bsp_encoder.o(.text), (0 bytes).
    Removing bsp_encoder.o(.ARM.exidx.text.GetSpeedInfo), (8 bytes).
    Removing bsp_motor.o(.text), (0 bytes).
    Removing bsp_motor.o(.text.MotorA_Forward), (34 bytes).
    Removing bsp_motor.o(.ARM.exidx.text.MotorA_Forward), (8 bytes).
    Removing bsp_motor.o(.text.MotorA_Backward), (34 bytes).
    Removing bsp_motor.o(.ARM.exidx.text.MotorA_Backward), (8 bytes).
    Removing bsp_motor.o(.text.MotorB_Forward), (34 bytes).
    Removing bsp_motor.o(.ARM.exidx.text.MotorB_Forward), (8 bytes).
    Removing bsp_motor.o(.text.MotorB_Backward), (34 bytes).
    Removing bsp_motor.o(.ARM.exidx.text.MotorB_Backward), (8 bytes).
    Removing bsp_motor.o(.text.MotorC_Forward), (34 bytes).
    Removing bsp_motor.o(.ARM.exidx.text.MotorC_Forward), (8 bytes).
    Removing bsp_motor.o(.text.MotorC_Backward), (34 bytes).
    Removing bsp_motor.o(.ARM.exidx.text.MotorC_Backward), (8 bytes).
    Removing bsp_motor.o(.text.MotorD_Forward), (38 bytes).
    Removing bsp_motor.o(.ARM.exidx.text.MotorD_Forward), (8 bytes).
    Removing bsp_motor.o(.text.MotorD_Backward), (38 bytes).
    Removing bsp_motor.o(.ARM.exidx.text.MotorD_Backward), (8 bytes).
    Removing bsp_motor.o(.ARM.exidx.text.MotoASetSpeed), (8 bytes).
    Removing bsp_motor.o(.ARM.exidx.text.MotoBSetSpeed), (8 bytes).
    Removing bsp_motor.o(.ARM.exidx.text.MotoCSetSpeed), (8 bytes).
    Removing bsp_motor.o(.ARM.exidx.text.MotoDSetSpeed), (8 bytes).
    Removing bsp_led.o(.text), (0 bytes).
    Removing bsp_led.o(.text.led_on), (18 bytes).
    Removing bsp_led.o(.ARM.exidx.text.led_on), (8 bytes).
    Removing bsp_led.o(.text.led_off), (18 bytes).
    Removing bsp_led.o(.ARM.exidx.text.led_off), (8 bytes).
    Removing bsp_led.o(.text.led_toggle), (54 bytes).
    Removing bsp_led.o(.ARM.exidx.text.led_toggle), (8 bytes).
    Removing ps2.o(.text), (0 bytes).
    Removing ps2.o(.text.PS2_CS), (24 bytes).
    Removing ps2.o(.ARM.exidx.text.PS2_CS), (8 bytes).
    Removing ps2.o(.text.PS2_CLK), (24 bytes).
    Removing ps2.o(.ARM.exidx.text.PS2_CLK), (8 bytes).
    Removing ps2.o(.text.PS2_DO), (24 bytes).
    Removing ps2.o(.ARM.exidx.text.PS2_DO), (8 bytes).
    Removing ps2.o(.text.PS2_Read_DI), (14 bytes).
    Removing ps2.o(.ARM.exidx.text.PS2_Read_DI), (8 bytes).
    Removing ps2.o(.text.PS2_Delay), (22 bytes).
    Removing ps2.o(.ARM.exidx.text.PS2_Delay), (8 bytes).
    Removing ps2.o(.ARM.exidx.text.PS2_ReadWrite_Byte), (8 bytes).
    Removing ps2.o(.ARM.exidx.text.PS2_Decode), (8 bytes).
    Removing ps2.o(.ARM.exidx.text.PS2_Read_Data), (8 bytes).
    Removing pid.o(.text), (0 bytes).
    Removing pid.o(.ARM.exidx.text.bsp_InitPid), (8 bytes).
    Removing pid.o(.text.wheelSpeedPidCalc), (232 bytes).
    Removing pid.o(.ARM.exidx.text.wheelSpeedPidCalc), (8 bytes).
    Removing pid.o(.ARM.exidx.text.PID_Param_SetZero), (8 bytes).
    Removing chasis_control.o(.text), (0 bytes).
    Removing chasis_control.o(.ARM.exidx.text.Chasis_Control), (8 bytes).
    Removing chasis_control.o(.ARM.exidx.text.Chasis_Speed), (8 bytes).
    Removing chasis_control.o(.ARM.exidx.text.Speed_Synchronization), (8 bytes).
    Removing chasis_control.o(.ARM.exidx.text.Speed_PID_Calculate), (8 bytes).
    Removing fadd.o(.text), (176 bytes).
    Removing fmul.o(.text), (100 bytes).
    Removing fdiv.o(.text), (124 bytes).
    Removing fcmplt.o(.text), (28 bytes).
    Removing fcmpge.o(.text), (28 bytes).
    Removing fcmpgt.o(.text), (28 bytes).
    Removing fflti.o(.text), (18 bytes).
    Removing ffixi.o(.text), (50 bytes).
    Removing fepilogue.o(.text), (110 bytes).
    Removing dfixul.o(.text), (48 bytes).
    Removing cdrcmple.o(.text), (48 bytes).

773 unused section(s) (total 37696 bytes) removed from the image.

==============================================================================

Image Symbol Table

    Local Symbols

    Symbol Name                              Value     Ov Type        Size  Object(Section)

    ../clib/division.s                       0x00000000   Number         0  aeabi_sdiv.o ABSOLUTE
    ../clib/microlib/division.c              0x00000000   Number         0  uidiv.o ABSOLUTE
    ../clib/microlib/division.c              0x00000000   Number         0  uldiv.o ABSOLUTE
    ../clib/microlib/init/entry.s            0x00000000   Number         0  entry.o ABSOLUTE
    ../clib/microlib/init/entry.s            0x00000000   Number         0  entry2.o ABSOLUTE
    ../clib/microlib/init/entry.s            0x00000000   Number         0  entry5.o ABSOLUTE
    ../clib/microlib/init/entry.s            0x00000000   Number         0  entry7a.o ABSOLUTE
    ../clib/microlib/init/entry.s            0x00000000   Number         0  entry7b.o ABSOLUTE
    ../clib/microlib/init/entry.s            0x00000000   Number         0  entry8a.o ABSOLUTE
    ../clib/microlib/init/entry.s            0x00000000   Number         0  entry8b.o ABSOLUTE
    ../clib/microlib/init/entry.s            0x00000000   Number         0  entry9a.o ABSOLUTE
    ../clib/microlib/init/entry.s            0x00000000   Number         0  entry9b.o ABSOLUTE
    ../clib/microlib/init/entry.s            0x00000000   Number         0  entry10a.o ABSOLUTE
    ../clib/microlib/init/entry.s            0x00000000   Number         0  entry10b.o ABSOLUTE
    ../clib/microlib/init/entry.s            0x00000000   Number         0  entry11a.o ABSOLUTE
    ../clib/microlib/init/entry.s            0x00000000   Number         0  entry11b.o ABSOLUTE
    ../clib/microlib/longlong.c              0x00000000   Number         0  llshl.o ABSOLUTE
    ../clib/microlib/longlong.c              0x00000000   Number         0  llushr.o ABSOLUTE
    ../clib/microlib/longlong.c              0x00000000   Number         0  llsshr.o ABSOLUTE
    ../clib/microlib/printf/printf.c         0x00000000   Number         0  printfb.o ABSOLUTE
    ../clib/microlib/printf/printf.c         0x00000000   Number         0  printf0.o ABSOLUTE
    ../clib/microlib/printf/printf.c         0x00000000   Number         0  printf1.o ABSOLUTE
    ../clib/microlib/printf/printf.c         0x00000000   Number         0  printf2.o ABSOLUTE
    ../clib/microlib/printf/printf.c         0x00000000   Number         0  printf3.o ABSOLUTE
    ../clib/microlib/printf/printf.c         0x00000000   Number         0  printf4.o ABSOLUTE
    ../clib/microlib/printf/printf.c         0x00000000   Number         0  printf5.o ABSOLUTE
    ../clib/microlib/printf/printf.c         0x00000000   Number         0  printf6.o ABSOLUTE
    ../clib/microlib/printf/printf.c         0x00000000   Number         0  printf7.o ABSOLUTE
    ../clib/microlib/printf/printf.c         0x00000000   Number         0  printf8.o ABSOLUTE
    ../clib/microlib/printf/printf.c         0x00000000   Number         0  printfa.o ABSOLUTE
    ../clib/microlib/printf/stubs.s          0x00000000   Number         0  printfstubs.o ABSOLUTE
    ../clib/microlib/stdio/puts.c            0x00000000   Number         0  puts.o ABSOLUTE
    ../clib/microlib/stdio/puts.c            0x00000000   Number         0  puts_e.o ABSOLUTE
    ../clib/microlib/stdio/streams.c         0x00000000   Number         0  stdout.o ABSOLUTE
    ../clib/microlib/stubs.s                 0x00000000   Number         0  iusefp.o ABSOLUTE
    ../fplib/microlib/fpadd.c                0x00000000   Number         0  fadd.o ABSOLUTE
    ../fplib/microlib/fpadd.c                0x00000000   Number         0  dadd.o ABSOLUTE
    ../fplib/microlib/fpcmp.c                0x00000000   Number         0  fcmplt.o ABSOLUTE
    ../fplib/microlib/fpcmp.c                0x00000000   Number         0  fcmpge.o ABSOLUTE
    ../fplib/microlib/fpcmp.c                0x00000000   Number         0  fcmpgt.o ABSOLUTE
    ../fplib/microlib/fpcmp.c                0x00000000   Number         0  dcmplt.o ABSOLUTE
    ../fplib/microlib/fpdiv.c                0x00000000   Number         0  fdiv.o ABSOLUTE
    ../fplib/microlib/fpdiv.c                0x00000000   Number         0  ddiv.o ABSOLUTE
    ../fplib/microlib/fpepilogue.c           0x00000000   Number         0  fepilogue.o ABSOLUTE
    ../fplib/microlib/fpepilogue.c           0x00000000   Number         0  depilogue.o ABSOLUTE
    ../fplib/microlib/fpfix.c                0x00000000   Number         0  ffixi.o ABSOLUTE
    ../fplib/microlib/fpfix.c                0x00000000   Number         0  dfixi.o ABSOLUTE
    ../fplib/microlib/fpfix.c                0x00000000   Number         0  dfixul.o ABSOLUTE
    ../fplib/microlib/fpflt.c                0x00000000   Number         0  fflti.o ABSOLUTE
    ../fplib/microlib/fpflt.c                0x00000000   Number         0  dflti.o ABSOLUTE
    ../fplib/microlib/fpmul.c                0x00000000   Number         0  fmul.o ABSOLUTE
    ../fplib/microlib/fpmul.c                0x00000000   Number         0  dmul.o ABSOLUTE
    PS2.c                                    0x00000000   Number         0  ps2.o ABSOLUTE
    bsp_encoder.c                            0x00000000   Number         0  bsp_encoder.o ABSOLUTE
    bsp_led.c                                0x00000000   Number         0  bsp_led.o ABSOLUTE
    bsp_motor.c                              0x00000000   Number         0  bsp_motor.o ABSOLUTE
    bsp_servo.c                              0x00000000   Number         0  bsp_servo.o ABSOLUTE
    cdrcmple.s                               0x00000000   Number         0  cdrcmple.o ABSOLUTE
    chasis_control.c                         0x00000000   Number         0  chasis_control.o ABSOLUTE
    dc.s                                     0x00000000   Number         0  dc.o ABSOLUTE
    gpio.c                                   0x00000000   Number         0  gpio.o ABSOLUTE
    handlers.s                               0x00000000   Number         0  handlers.o ABSOLUTE
    init.s                                   0x00000000   Number         0  init.o ABSOLUTE
    main.c                                   0x00000000   Number         0  main.o ABSOLUTE
    pid.c                                    0x00000000   Number         0  pid.o ABSOLUTE
    startup_stm32f103xe.s                    0x00000000   Number         0  startup_stm32f103xe.o ABSOLUTE
    stm32f1xx_hal.c                          0x00000000   Number         0  stm32f1xx_hal.o ABSOLUTE
    stm32f1xx_hal_cortex.c                   0x00000000   Number         0  stm32f1xx_hal_cortex.o ABSOLUTE
    stm32f1xx_hal_dma.c                      0x00000000   Number         0  stm32f1xx_hal_dma.o ABSOLUTE
    stm32f1xx_hal_exti.c                     0x00000000   Number         0  stm32f1xx_hal_exti.o ABSOLUTE
    stm32f1xx_hal_flash.c                    0x00000000   Number         0  stm32f1xx_hal_flash.o ABSOLUTE
    stm32f1xx_hal_flash_ex.c                 0x00000000   Number         0  stm32f1xx_hal_flash_ex.o ABSOLUTE
    stm32f1xx_hal_gpio.c                     0x00000000   Number         0  stm32f1xx_hal_gpio.o ABSOLUTE
    stm32f1xx_hal_gpio_ex.c                  0x00000000   Number         0  stm32f1xx_hal_gpio_ex.o ABSOLUTE
    stm32f1xx_hal_msp.c                      0x00000000   Number         0  stm32f1xx_hal_msp.o ABSOLUTE
    stm32f1xx_hal_pwr.c                      0x00000000   Number         0  stm32f1xx_hal_pwr.o ABSOLUTE
    stm32f1xx_hal_rcc.c                      0x00000000   Number         0  stm32f1xx_hal_rcc.o ABSOLUTE
    stm32f1xx_hal_rcc_ex.c                   0x00000000   Number         0  stm32f1xx_hal_rcc_ex.o ABSOLUTE
    stm32f1xx_hal_tim.c                      0x00000000   Number         0  stm32f1xx_hal_tim.o ABSOLUTE
    stm32f1xx_hal_tim_ex.c                   0x00000000   Number         0  stm32f1xx_hal_tim_ex.o ABSOLUTE
    stm32f1xx_hal_uart.c                     0x00000000   Number         0  stm32f1xx_hal_uart.o ABSOLUTE
    stm32f1xx_it.c                           0x00000000   Number         0  stm32f1xx_it.o ABSOLUTE
    system_stm32f1xx.c                       0x00000000   Number         0  system_stm32f1xx.o ABSOLUTE
    tim.c                                    0x00000000   Number         0  tim.o ABSOLUTE
    usart.c                                  0x00000000   Number         0  usart.o ABSOLUTE
    RESET                                    0x08000000   Section      304  startup_stm32f103xe.o(RESET)
    .ARM.Collect$$$$00000000                 0x08000130   Section        0  entry.o(.ARM.Collect$$$$00000000)
    .ARM.Collect$$$$00000001                 0x08000130   Section        4  entry2.o(.ARM.Collect$$$$00000001)
    .ARM.Collect$$$$00000004                 0x08000134   Section        4  entry5.o(.ARM.Collect$$$$00000004)
    .ARM.Collect$$$$00000008                 0x08000138   Section        0  entry7b.o(.ARM.Collect$$$$00000008)
    .ARM.Collect$$$$0000000A                 0x08000138   Section        0  entry8b.o(.ARM.Collect$$$$0000000A)
    .ARM.Collect$$$$0000000B                 0x08000138   Section        8  entry9a.o(.ARM.Collect$$$$0000000B)
    __lit__00000000                          0x08000140   Data           4  entry2.o(.ARM.Collect$$$$00002712)
    .ARM.Collect$$$$0000000D                 0x08000140   Section        0  entry10a.o(.ARM.Collect$$$$0000000D)
    .ARM.Collect$$$$0000000F                 0x08000140   Section        0  entry11a.o(.ARM.Collect$$$$0000000F)
    .ARM.Collect$$$$00002712                 0x08000140   Section        4  entry2.o(.ARM.Collect$$$$00002712)
    .text                                    0x08000144   Section       36  startup_stm32f103xe.o(.text)
    .text                                    0x08000168   Section        0  dadd.o(.text)
    .text                                    0x080002b6   Section        0  dmul.o(.text)
    .text                                    0x0800039a   Section        0  ddiv.o(.text)
    .text                                    0x08000478   Section        0  dcmplt.o(.text)
    .text                                    0x080004ae   Section        0  dflti.o(.text)
    .text                                    0x080004d0   Section        0  dfixi.o(.text)
    .text                                    0x0800050e   Section        0  uidiv.o(.text)
    .text                                    0x0800053a   Section        0  llshl.o(.text)
    .text                                    0x08000558   Section        0  llushr.o(.text)
    .text                                    0x08000578   Section        0  llsshr.o(.text)
    .text                                    0x0800059c   Section        0  iusefp.o(.text)
    .text                                    0x0800059c   Section        0  depilogue.o(.text)
    .text                                    0x08000658   Section       36  init.o(.text)
    [Anonymous Symbol]                       0x0800067c   Section        0  bsp_servo.o(.text.Angle_Control_PS2_Baffle)
    [Anonymous Symbol]                       0x080006d0   Section        0  bsp_servo.o(.text.Angle_Control_PS2_Gate)
    [Anonymous Symbol]                       0x08000724   Section        0  stm32f1xx_it.o(.text.BusFault_Handler)
    [Anonymous Symbol]                       0x08000728   Section        0  chasis_control.o(.text.Chasis_Control)
    [Anonymous Symbol]                       0x080009d8   Section        0  chasis_control.o(.text.Chasis_Speed)
    [Anonymous Symbol]                       0x08000a3c   Section        0  stm32f1xx_it.o(.text.DebugMon_Handler)
    [Anonymous Symbol]                       0x08000a40   Section        0  main.o(.text.Error_Handler)
    [Anonymous Symbol]                       0x08000a4c   Section        0  bsp_encoder.o(.text.GetSpeedInfo)
    [Anonymous Symbol]                       0x08000ab8   Section        0  stm32f1xx_hal_dma.o(.text.HAL_DMA_Abort)
    [Anonymous Symbol]                       0x08000b00   Section        0  stm32f1xx_hal_dma.o(.text.HAL_DMA_Abort_IT)
    [Anonymous Symbol]                       0x08000c28   Section        0  stm32f1xx_hal.o(.text.HAL_Delay)
    [Anonymous Symbol]                       0x08000c50   Section        0  stm32f1xx_hal_gpio.o(.text.HAL_GPIO_Init)
    [Anonymous Symbol]                       0x08000e4c   Section        0  stm32f1xx_hal_gpio.o(.text.HAL_GPIO_ReadPin)
    [Anonymous Symbol]                       0x08000e58   Section        0  stm32f1xx_hal_gpio.o(.text.HAL_GPIO_WritePin)
    [Anonymous Symbol]                       0x08000e64   Section        0  stm32f1xx_hal.o(.text.HAL_GetTick)
    [Anonymous Symbol]                       0x08000e70   Section        0  stm32f1xx_hal.o(.text.HAL_IncTick)
    [Anonymous Symbol]                       0x08000e8c   Section        0  stm32f1xx_hal.o(.text.HAL_Init)
    [Anonymous Symbol]                       0x08000eb4   Section        0  stm32f1xx_hal.o(.text.HAL_InitTick)
    [Anonymous Symbol]                       0x08000efc   Section        0  stm32f1xx_hal_msp.o(.text.HAL_MspInit)
    [Anonymous Symbol]                       0x08000f40   Section        0  stm32f1xx_hal_cortex.o(.text.HAL_NVIC_EnableIRQ)
    [Anonymous Symbol]                       0x08000f68   Section        0  stm32f1xx_hal_cortex.o(.text.HAL_NVIC_SetPriority)
    [Anonymous Symbol]                       0x08000fc0   Section        0  stm32f1xx_hal_cortex.o(.text.HAL_NVIC_SetPriorityGrouping)
    [Anonymous Symbol]                       0x08000fe0   Section        0  stm32f1xx_hal_rcc.o(.text.HAL_RCC_ClockConfig)
    [Anonymous Symbol]                       0x080011a0   Section        0  stm32f1xx_hal_rcc.o(.text.HAL_RCC_GetPCLK1Freq)
    [Anonymous Symbol]                       0x080011c8   Section        0  stm32f1xx_hal_rcc.o(.text.HAL_RCC_GetPCLK2Freq)
    [Anonymous Symbol]                       0x080011f0   Section        0  stm32f1xx_hal_rcc.o(.text.HAL_RCC_OscConfig)
    [Anonymous Symbol]                       0x080015a4   Section        0  stm32f1xx_hal_cortex.o(.text.HAL_SYSTICK_Config)
    [Anonymous Symbol]                       0x080015d0   Section        0  stm32f1xx_hal_tim_ex.o(.text.HAL_TIMEx_BreakCallback)
    [Anonymous Symbol]                       0x080015d4   Section        0  stm32f1xx_hal_tim_ex.o(.text.HAL_TIMEx_CommutCallback)
    [Anonymous Symbol]                       0x080015d8   Section        0  stm32f1xx_hal_tim_ex.o(.text.HAL_TIMEx_MasterConfigSynchronization)
    [Anonymous Symbol]                       0x0800166c   Section        0  stm32f1xx_hal_tim.o(.text.HAL_TIM_Base_Init)
    [Anonymous Symbol]                       0x08001794   Section        0  tim.o(.text.HAL_TIM_Base_MspInit)
    [Anonymous Symbol]                       0x080018a4   Section        0  stm32f1xx_hal_tim.o(.text.HAL_TIM_Base_Start_IT)
    [Anonymous Symbol]                       0x0800192c   Section        0  stm32f1xx_hal_tim.o(.text.HAL_TIM_ConfigClockSource)
    [Anonymous Symbol]                       0x08001ac0   Section        0  stm32f1xx_it.o(.text.HAL_TIM_IC_CaptureCallback)
    [Anonymous Symbol]                       0x08001c50   Section        0  stm32f1xx_hal_tim.o(.text.HAL_TIM_IC_ConfigChannel)
    [Anonymous Symbol]                       0x08001dd8   Section        0  stm32f1xx_hal_tim.o(.text.HAL_TIM_IC_Init)
    [Anonymous Symbol]                       0x08001f00   Section        0  stm32f1xx_hal_tim.o(.text.HAL_TIM_IC_MspInit)
    [Anonymous Symbol]                       0x08001f04   Section        0  stm32f1xx_hal_tim.o(.text.HAL_TIM_IC_Start_IT)
    [Anonymous Symbol]                       0x08002060   Section        0  stm32f1xx_hal_tim.o(.text.HAL_TIM_IRQHandler)
    [Anonymous Symbol]                       0x080021d0   Section        0  stm32f1xx_hal_tim.o(.text.HAL_TIM_OC_DelayElapsedCallback)
    [Anonymous Symbol]                       0x080021d4   Section        0  stm32f1xx_hal_tim.o(.text.HAL_TIM_PWM_ConfigChannel)
    [Anonymous Symbol]                       0x08002428   Section        0  stm32f1xx_hal_tim.o(.text.HAL_TIM_PWM_Init)
    [Anonymous Symbol]                       0x08002550   Section        0  stm32f1xx_hal_tim.o(.text.HAL_TIM_PWM_MspInit)
    [Anonymous Symbol]                       0x08002554   Section        0  stm32f1xx_hal_tim.o(.text.HAL_TIM_PWM_PulseFinishedCallback)
    [Anonymous Symbol]                       0x08002558   Section        0  stm32f1xx_hal_tim.o(.text.HAL_TIM_PWM_Start)
    [Anonymous Symbol]                       0x0800263c   Section        0  stm32f1xx_it.o(.text.HAL_TIM_PeriodElapsedCallback)
    [Anonymous Symbol]                       0x08002684   Section        0  stm32f1xx_hal_tim.o(.text.HAL_TIM_TriggerCallback)
    [Anonymous Symbol]                       0x08002688   Section        0  stm32f1xx_hal_uart.o(.text.HAL_UARTEx_RxEventCallback)
    [Anonymous Symbol]                       0x0800268c   Section        0  stm32f1xx_hal_uart.o(.text.HAL_UART_ErrorCallback)
    [Anonymous Symbol]                       0x08002690   Section        0  stm32f1xx_hal_uart.o(.text.HAL_UART_IRQHandler)
    [Anonymous Symbol]                       0x08002900   Section        0  stm32f1xx_hal_uart.o(.text.HAL_UART_Init)
    [Anonymous Symbol]                       0x080029e0   Section        0  usart.o(.text.HAL_UART_MspInit)
    [Anonymous Symbol]                       0x08002a6c   Section        0  stm32f1xx_hal_uart.o(.text.HAL_UART_Receive_IT)
    [Anonymous Symbol]                       0x08002ac4   Section        0  usart.o(.text.HAL_UART_RxCpltCallback)
    [Anonymous Symbol]                       0x08002b90   Section        0  stm32f1xx_hal_uart.o(.text.HAL_UART_Transmit)
    [Anonymous Symbol]                       0x08002d34   Section        0  stm32f1xx_hal_uart.o(.text.HAL_UART_TxCpltCallback)
    [Anonymous Symbol]                       0x08002d38   Section        0  stm32f1xx_it.o(.text.HardFault_Handler)
    [Anonymous Symbol]                       0x08002d3c   Section        0  gpio.o(.text.MX_GPIO_Init)
    [Anonymous Symbol]                       0x08002e20   Section        0  tim.o(.text.MX_TIM3_Init)
    [Anonymous Symbol]                       0x08002fe4   Section        0  tim.o(.text.MX_TIM4_Init)
    [Anonymous Symbol]                       0x080031ac   Section        0  tim.o(.text.MX_TIM5_Init)
    [Anonymous Symbol]                       0x080032b0   Section        0  tim.o(.text.MX_TIM6_Init)
    [Anonymous Symbol]                       0x08003300   Section        0  usart.o(.text.MX_USART1_UART_Init)
    [Anonymous Symbol]                       0x08003348   Section        0  stm32f1xx_it.o(.text.MemManage_Handler)
    [Anonymous Symbol]                       0x0800334c   Section        0  bsp_motor.o(.text.MotoASetSpeed)
    [Anonymous Symbol]                       0x08003390   Section        0  bsp_motor.o(.text.MotoBSetSpeed)
    [Anonymous Symbol]                       0x080033d4   Section        0  bsp_motor.o(.text.MotoCSetSpeed)
    [Anonymous Symbol]                       0x08003418   Section        0  bsp_motor.o(.text.MotoDSetSpeed)
    [Anonymous Symbol]                       0x08003460   Section        0  stm32f1xx_it.o(.text.NMI_Handler)
    [Anonymous Symbol]                       0x08003464   Section        0  pid.o(.text.PID_Param_SetZero)
    [Anonymous Symbol]                       0x08003480   Section        0  ps2.o(.text.PS2_Decode)
    [Anonymous Symbol]                       0x08003560   Section        0  ps2.o(.text.PS2_ReadWrite_Byte)
    [Anonymous Symbol]                       0x08003604   Section        0  ps2.o(.text.PS2_Read_Data)
    [Anonymous Symbol]                       0x0800367c   Section        0  stm32f1xx_it.o(.text.PendSV_Handler)
    [Anonymous Symbol]                       0x08003680   Section        0  stm32f1xx_it.o(.text.SVC_Handler)
    [Anonymous Symbol]                       0x08003684   Section        0  bsp_servo.o(.text.Servo_Control_Baffle)
    [Anonymous Symbol]                       0x08003730   Section        0  bsp_servo.o(.text.Servo_Control_Gate)
    [Anonymous Symbol]                       0x080037dc   Section        0  chasis_control.o(.text.Speed_PID_Calculate)
    [Anonymous Symbol]                       0x080037f0   Section        0  chasis_control.o(.text.Speed_Synchronization)
    [Anonymous Symbol]                       0x0800380c   Section        0  stm32f1xx_it.o(.text.SysTick_Handler)
    [Anonymous Symbol]                       0x08003810   Section        0  system_stm32f1xx.o(.text.SystemInit)
    [Anonymous Symbol]                       0x08003814   Section        0  stm32f1xx_it.o(.text.TIM5_IRQHandler)
    UART_DMAAbortOnError                     0x08003821   Thumb Code    12  stm32f1xx_hal_uart.o(.text.UART_DMAAbortOnError)
    [Anonymous Symbol]                       0x08003820   Section        0  stm32f1xx_hal_uart.o(.text.UART_DMAAbortOnError)
    UART_Receive_IT                          0x0800382d   Thumb Code   182  stm32f1xx_hal_uart.o(.text.UART_Receive_IT)
    [Anonymous Symbol]                       0x0800382c   Section        0  stm32f1xx_hal_uart.o(.text.UART_Receive_IT)
    [Anonymous Symbol]                       0x080038e4   Section        0  stm32f1xx_it.o(.text.USART1_IRQHandler)
    [Anonymous Symbol]                       0x080038f0   Section        0  stm32f1xx_it.o(.text.UsageFault_Handler)
    [Anonymous Symbol]                       0x080038f4   Section        0  pid.o(.text.bsp_InitPid)
    [Anonymous Symbol]                       0x08003938   Section        0  usart.o(.text.fputc)
    [Anonymous Symbol]                       0x0800395c   Section        0  main.o(.text.main)
    i.__0printf$1                            0x08003abc   Section        0  printf1.o(i.__0printf$1)
    i.__scatterload_copy                     0x08003adc   Section       14  handlers.o(i.__scatterload_copy)
    i.__scatterload_null                     0x08003aea   Section        2  handlers.o(i.__scatterload_null)
    i.__scatterload_zeroinit                 0x08003aec   Section       14  handlers.o(i.__scatterload_zeroinit)
    _printf_core                             0x08003afd   Thumb Code   336  printf1.o(i._printf_core)
    i._printf_core                           0x08003afc   Section        0  printf1.o(i._printf_core)
    i.puts                                   0x08003c50   Section        0  puts.o(i.puts)
    .L__const.HAL_RCC_GetSysClockFreq.aPredivFactorTable 0x08003c74   Data           2  stm32f1xx_hal_rcc.o(.rodata..L__const.HAL_RCC_GetSysClockFreq.aPredivFactorTable)
    .L__const.HAL_RCC_GetSysClockFreq.aPLLMULFactorTable 0x08003c8e   Data          16  stm32f1xx_hal_rcc.o(.rodata.cst16)
    .data                                    0x20000000   Section        4  stdout.o(.data)
    .L_MergedGlobals                         0x20000004   Data           8  stm32f1xx_hal.o(.data..L_MergedGlobals)
    [Anonymous Symbol]                       0x20000004   Section        0  stm32f1xx_hal.o(.data..L_MergedGlobals)
    _speed_                                  0x20000010   Data           4  chasis_control.o(.data._speed_)
    [Anonymous Symbol]                       0x20000010   Section        0  chasis_control.o(.data._speed_)
    .L_MergedGlobals                         0x20000028   Data          72  usart.o(.bss..L_MergedGlobals)
    [Anonymous Symbol]                       0x20000028   Section        0  usart.o(.bss..L_MergedGlobals)
    .L_MergedGlobals                         0x20000070   Data          30  ps2.o(.bss..L_MergedGlobals)
    [Anonymous Symbol]                       0x20000070   Section        0  ps2.o(.bss..L_MergedGlobals)
    .L_MergedGlobals                         0x20000090   Data          80  pid.o(.bss..L_MergedGlobals)
    tPidSpeedA                               0x20000090   Data          20  pid.o(.bss..L_MergedGlobals)
    [Anonymous Symbol]                       0x20000090   Section        0  pid.o(.bss..L_MergedGlobals)
    tPidSpeedB                               0x200000a4   Data          20  pid.o(.bss..L_MergedGlobals)
    tPidSpeedC                               0x200000b8   Data          20  pid.o(.bss..L_MergedGlobals)
    tPidSpeedD                               0x200000cc   Data          20  pid.o(.bss..L_MergedGlobals)
    .L_MergedGlobals                         0x200000e0   Data          16  chasis_control.o(.bss..L_MergedGlobals)
    motorA_pwm_PID_speed                     0x200000e0   Data           2  chasis_control.o(.bss..L_MergedGlobals)
    [Anonymous Symbol]                       0x200000e0   Section        0  chasis_control.o(.bss..L_MergedGlobals)
    motorB_pwm_PID_speed                     0x200000e2   Data           2  chasis_control.o(.bss..L_MergedGlobals)
    motorC_pwm_PID_speed                     0x200000e4   Data           2  chasis_control.o(.bss..L_MergedGlobals)
    motorD_pwm_PID_speed                     0x200000e6   Data           2  chasis_control.o(.bss..L_MergedGlobals)
    motorA_target_speed                      0x200000e8   Data           2  chasis_control.o(.bss..L_MergedGlobals)
    motorB_target_speed                      0x200000ea   Data           2  chasis_control.o(.bss..L_MergedGlobals)
    motorC_target_speed                      0x200000ec   Data           2  chasis_control.o(.bss..L_MergedGlobals)
    motorD_target_speed                      0x200000ee   Data           2  chasis_control.o(.bss..L_MergedGlobals)
    _angle_baffle                            0x200000f0   Data           4  bsp_servo.o(.bss._angle_baffle)
    [Anonymous Symbol]                       0x200000f0   Section        0  bsp_servo.o(.bss._angle_baffle)
    _angle_gate                              0x200000f4   Data           4  bsp_servo.o(.bss._angle_gate)
    [Anonymous Symbol]                       0x200000f4   Section        0  bsp_servo.o(.bss._angle_gate)
    s_EncodeValue                            0x20000230   Data          16  stm32f1xx_it.o(.bss.s_EncodeValue)
    [Anonymous Symbol]                       0x20000230   Section        0  stm32f1xx_it.o(.bss.s_EncodeValue)
    STACK                                    0x20000248   Section     1024  startup_stm32f103xe.o(STACK)

    Global Symbols

    Symbol Name                              Value     Ov Type        Size  Object(Section)

    BuildAttributes$$THM_ISAv4$P$D$K$B$S$PE$A:L22UL41UL21$X:L11$S22US41US21$IEEE1$IW$~IW$USESV6$~STKCKD$USESV7$~SHL$OTIME$ROPI$EBA8$MICROLIB$REQ8$PRES8$EABIv2 0x00000000   Number         0  anon$$obj.o ABSOLUTE
    _printf_a                                0x00000000   Number         0  printfstubs.o ABSOLUTE
    _printf_c                                0x00000000   Number         0  printfstubs.o ABSOLUTE
    _printf_charcount                        0x00000000   Number         0  printfstubs.o ABSOLUTE
    _printf_d                                0x00000000   Number         0  printfstubs.o ABSOLUTE
    _printf_e                                0x00000000   Number         0  printfstubs.o ABSOLUTE
    _printf_f                                0x00000000   Number         0  printfstubs.o ABSOLUTE
    _printf_flags                            0x00000000   Number         0  printfstubs.o ABSOLUTE
    _printf_fp_dec                           0x00000000   Number         0  printfstubs.o ABSOLUTE
    _printf_fp_hex                           0x00000000   Number         0  printfstubs.o ABSOLUTE
    _printf_g                                0x00000000   Number         0  printfstubs.o ABSOLUTE
    _printf_i                                0x00000000   Number         0  printfstubs.o ABSOLUTE
    _printf_int_dec                          0x00000000   Number         0  printfstubs.o ABSOLUTE
    _printf_l                                0x00000000   Number         0  printfstubs.o ABSOLUTE
    _printf_lc                               0x00000000   Number         0  printfstubs.o ABSOLUTE
    _printf_ll                               0x00000000   Number         0  printfstubs.o ABSOLUTE
    _printf_lld                              0x00000000   Number         0  printfstubs.o ABSOLUTE
    _printf_lli                              0x00000000   Number         0  printfstubs.o ABSOLUTE
    _printf_llo                              0x00000000   Number         0  printfstubs.o ABSOLUTE
    _printf_llu                              0x00000000   Number         0  printfstubs.o ABSOLUTE
    _printf_llx                              0x00000000   Number         0  printfstubs.o ABSOLUTE
    _printf_longlong_dec                     0x00000000   Number         0  printfstubs.o ABSOLUTE
    _printf_longlong_hex                     0x00000000   Number         0  printfstubs.o ABSOLUTE
    _printf_longlong_oct                     0x00000000   Number         0  printfstubs.o ABSOLUTE
    _printf_ls                               0x00000000   Number         0  printfstubs.o ABSOLUTE
    _printf_mbtowc                           0x00000000   Number         0  printfstubs.o ABSOLUTE
    _printf_n                                0x00000000   Number         0  printfstubs.o ABSOLUTE
    _printf_o                                0x00000000   Number         0  printfstubs.o ABSOLUTE
    _printf_p                                0x00000000   Number         0  printfstubs.o ABSOLUTE
    _printf_percent                          0x00000000   Number         0  printfstubs.o ABSOLUTE
    _printf_pre_padding                      0x00000000   Number         0  printfstubs.o ABSOLUTE
    _printf_return_value                     0x00000000   Number         0  printfstubs.o ABSOLUTE
    _printf_s                                0x00000000   Number         0  printfstubs.o ABSOLUTE
    _printf_sizespec                         0x00000000   Number         0  printfstubs.o ABSOLUTE
    _printf_str                              0x00000000   Number         0  printfstubs.o ABSOLUTE
    _printf_truncate_signed                  0x00000000   Number         0  printfstubs.o ABSOLUTE
    _printf_truncate_unsigned                0x00000000   Number         0  printfstubs.o ABSOLUTE
    _printf_u                                0x00000000   Number         0  printfstubs.o ABSOLUTE
    _printf_wc                               0x00000000   Number         0  printfstubs.o ABSOLUTE
    _printf_wctomb                           0x00000000   Number         0  printfstubs.o ABSOLUTE
    _printf_widthprec                        0x00000000   Number         0  printfstubs.o ABSOLUTE
    _printf_x                                0x00000000   Number         0  printfstubs.o ABSOLUTE
    __cpp_initialize__aeabi_                  - Undefined Weak Reference
    __cxa_finalize                            - Undefined Weak Reference
    __decompress                              - Undefined Weak Reference
    _clock_init                               - Undefined Weak Reference
    _microlib_exit                            - Undefined Weak Reference
    __Vectors_Size                           0x00000130   Number         0  startup_stm32f103xe.o ABSOLUTE
    __Vectors                                0x08000000   Data           4  startup_stm32f103xe.o(RESET)
    __Vectors_End                            0x08000130   Data           0  startup_stm32f103xe.o(RESET)
    __main                                   0x08000131   Thumb Code     0  entry.o(.ARM.Collect$$$$00000000)
    _main_stk                                0x08000131   Thumb Code     0  entry2.o(.ARM.Collect$$$$00000001)
    _main_scatterload                        0x08000135   Thumb Code     0  entry5.o(.ARM.Collect$$$$00000004)
    __main_after_scatterload                 0x08000139   Thumb Code     0  entry5.o(.ARM.Collect$$$$00000004)
    _main_clock                              0x08000139   Thumb Code     0  entry7b.o(.ARM.Collect$$$$00000008)
    _main_cpp_init                           0x08000139   Thumb Code     0  entry8b.o(.ARM.Collect$$$$0000000A)
    _main_init                               0x08000139   Thumb Code     0  entry9a.o(.ARM.Collect$$$$0000000B)
    __rt_final_cpp                           0x08000141   Thumb Code     0  entry10a.o(.ARM.Collect$$$$0000000D)
    __rt_final_exit                          0x08000141   Thumb Code     0  entry11a.o(.ARM.Collect$$$$0000000F)
    Reset_Handler                            0x08000145   Thumb Code     8  startup_stm32f103xe.o(.text)
    ADC1_2_IRQHandler                        0x0800015f   Thumb Code     0  startup_stm32f103xe.o(.text)
    ADC3_IRQHandler                          0x0800015f   Thumb Code     0  startup_stm32f103xe.o(.text)
    CAN1_RX1_IRQHandler                      0x0800015f   Thumb Code     0  startup_stm32f103xe.o(.text)
    CAN1_SCE_IRQHandler                      0x0800015f   Thumb Code     0  startup_stm32f103xe.o(.text)
    DMA1_Channel1_IRQHandler                 0x0800015f   Thumb Code     0  startup_stm32f103xe.o(.text)
    DMA1_Channel2_IRQHandler                 0x0800015f   Thumb Code     0  startup_stm32f103xe.o(.text)
    DMA1_Channel3_IRQHandler                 0x0800015f   Thumb Code     0  startup_stm32f103xe.o(.text)
    DMA1_Channel4_IRQHandler                 0x0800015f   Thumb Code     0  startup_stm32f103xe.o(.text)
    DMA1_Channel5_IRQHandler                 0x0800015f   Thumb Code     0  startup_stm32f103xe.o(.text)
    DMA1_Channel6_IRQHandler                 0x0800015f   Thumb Code     0  startup_stm32f103xe.o(.text)
    DMA1_Channel7_IRQHandler                 0x0800015f   Thumb Code     0  startup_stm32f103xe.o(.text)
    DMA2_Channel1_IRQHandler                 0x0800015f   Thumb Code     0  startup_stm32f103xe.o(.text)
    DMA2_Channel2_IRQHandler                 0x0800015f   Thumb Code     0  startup_stm32f103xe.o(.text)
    DMA2_Channel3_IRQHandler                 0x0800015f   Thumb Code     0  startup_stm32f103xe.o(.text)
    DMA2_Channel4_5_IRQHandler               0x0800015f   Thumb Code     0  startup_stm32f103xe.o(.text)
    EXTI0_IRQHandler                         0x0800015f   Thumb Code     0  startup_stm32f103xe.o(.text)
    EXTI15_10_IRQHandler                     0x0800015f   Thumb Code     0  startup_stm32f103xe.o(.text)
    EXTI1_IRQHandler                         0x0800015f   Thumb Code     0  startup_stm32f103xe.o(.text)
    EXTI2_IRQHandler                         0x0800015f   Thumb Code     0  startup_stm32f103xe.o(.text)
    EXTI3_IRQHandler                         0x0800015f   Thumb Code     0  startup_stm32f103xe.o(.text)
    EXTI4_IRQHandler                         0x0800015f   Thumb Code     0  startup_stm32f103xe.o(.text)
    EXTI9_5_IRQHandler                       0x0800015f   Thumb Code     0  startup_stm32f103xe.o(.text)
    FLASH_IRQHandler                         0x0800015f   Thumb Code     0  startup_stm32f103xe.o(.text)
    FSMC_IRQHandler                          0x0800015f   Thumb Code     0  startup_stm32f103xe.o(.text)
    I2C1_ER_IRQHandler                       0x0800015f   Thumb Code     0  startup_stm32f103xe.o(.text)
    I2C1_EV_IRQHandler                       0x0800015f   Thumb Code     0  startup_stm32f103xe.o(.text)
    I2C2_ER_IRQHandler                       0x0800015f   Thumb Code     0  startup_stm32f103xe.o(.text)
    I2C2_EV_IRQHandler                       0x0800015f   Thumb Code     0  startup_stm32f103xe.o(.text)
    PVD_IRQHandler                           0x0800015f   Thumb Code     0  startup_stm32f103xe.o(.text)
    RCC_IRQHandler                           0x0800015f   Thumb Code     0  startup_stm32f103xe.o(.text)
    RTC_Alarm_IRQHandler                     0x0800015f   Thumb Code     0  startup_stm32f103xe.o(.text)
    RTC_IRQHandler                           0x0800015f   Thumb Code     0  startup_stm32f103xe.o(.text)
    SDIO_IRQHandler                          0x0800015f   Thumb Code     0  startup_stm32f103xe.o(.text)
    SPI1_IRQHandler                          0x0800015f   Thumb Code     0  startup_stm32f103xe.o(.text)
    SPI2_IRQHandler                          0x0800015f   Thumb Code     0  startup_stm32f103xe.o(.text)
    SPI3_IRQHandler                          0x0800015f   Thumb Code     0  startup_stm32f103xe.o(.text)
    TAMPER_IRQHandler                        0x0800015f   Thumb Code     0  startup_stm32f103xe.o(.text)
    TIM1_BRK_IRQHandler                      0x0800015f   Thumb Code     0  startup_stm32f103xe.o(.text)
    TIM1_CC_IRQHandler                       0x0800015f   Thumb Code     0  startup_stm32f103xe.o(.text)
    TIM1_TRG_COM_IRQHandler                  0x0800015f   Thumb Code     0  startup_stm32f103xe.o(.text)
    TIM1_UP_IRQHandler                       0x0800015f   Thumb Code     0  startup_stm32f103xe.o(.text)
    TIM2_IRQHandler                          0x0800015f   Thumb Code     0  startup_stm32f103xe.o(.text)
    TIM3_IRQHandler                          0x0800015f   Thumb Code     0  startup_stm32f103xe.o(.text)
    TIM4_IRQHandler                          0x0800015f   Thumb Code     0  startup_stm32f103xe.o(.text)
    TIM6_IRQHandler                          0x0800015f   Thumb Code     0  startup_stm32f103xe.o(.text)
    TIM7_IRQHandler                          0x0800015f   Thumb Code     0  startup_stm32f103xe.o(.text)
    TIM8_BRK_IRQHandler                      0x0800015f   Thumb Code     0  startup_stm32f103xe.o(.text)
    TIM8_CC_IRQHandler                       0x0800015f   Thumb Code     0  startup_stm32f103xe.o(.text)
    TIM8_TRG_COM_IRQHandler                  0x0800015f   Thumb Code     0  startup_stm32f103xe.o(.text)
    TIM8_UP_IRQHandler                       0x0800015f   Thumb Code     0  startup_stm32f103xe.o(.text)
    UART4_IRQHandler                         0x0800015f   Thumb Code     0  startup_stm32f103xe.o(.text)
    UART5_IRQHandler                         0x0800015f   Thumb Code     0  startup_stm32f103xe.o(.text)
    USART2_IRQHandler                        0x0800015f   Thumb Code     0  startup_stm32f103xe.o(.text)
    USART3_IRQHandler                        0x0800015f   Thumb Code     0  startup_stm32f103xe.o(.text)
    USBWakeUp_IRQHandler                     0x0800015f   Thumb Code     0  startup_stm32f103xe.o(.text)
    USB_HP_CAN1_TX_IRQHandler                0x0800015f   Thumb Code     0  startup_stm32f103xe.o(.text)
    USB_LP_CAN1_RX0_IRQHandler               0x0800015f   Thumb Code     0  startup_stm32f103xe.o(.text)
    WWDG_IRQHandler                          0x0800015f   Thumb Code     0  startup_stm32f103xe.o(.text)
    __aeabi_dadd                             0x08000169   Thumb Code   322  dadd.o(.text)
    __aeabi_dsub                             0x080002ab   Thumb Code     6  dadd.o(.text)
    __aeabi_drsub                            0x080002b1   Thumb Code     6  dadd.o(.text)
    __aeabi_dmul                             0x080002b7   Thumb Code   228  dmul.o(.text)
    __aeabi_ddiv                             0x0800039b   Thumb Code   222  ddiv.o(.text)
    __aeabi_dcmplt                           0x08000479   Thumb Code    54  dcmplt.o(.text)
    __aeabi_i2d                              0x080004af   Thumb Code    34  dflti.o(.text)
    __aeabi_d2iz                             0x080004d1   Thumb Code    62  dfixi.o(.text)
    __aeabi_uidiv                            0x0800050f   Thumb Code     0  uidiv.o(.text)
    __aeabi_uidivmod                         0x0800050f   Thumb Code    44  uidiv.o(.text)
    __aeabi_llsl                             0x0800053b   Thumb Code    30  llshl.o(.text)
    _ll_shift_l                              0x0800053b   Thumb Code     0  llshl.o(.text)
    __aeabi_llsr                             0x08000559   Thumb Code    32  llushr.o(.text)
    _ll_ushift_r                             0x08000559   Thumb Code     0  llushr.o(.text)
    __aeabi_lasr                             0x08000579   Thumb Code    36  llsshr.o(.text)
    _ll_sshift_r                             0x08000579   Thumb Code     0  llsshr.o(.text)
    __I$use$fp                               0x0800059d   Thumb Code     0  iusefp.o(.text)
    _double_round                            0x0800059d   Thumb Code    30  depilogue.o(.text)
    _double_epilogue                         0x080005bb   Thumb Code   156  depilogue.o(.text)
    __scatterload                            0x08000659   Thumb Code    28  init.o(.text)
    __scatterload_rt2                        0x08000659   Thumb Code     0  init.o(.text)
    Angle_Control_PS2_Baffle                 0x0800067d   Thumb Code    82  bsp_servo.o(.text.Angle_Control_PS2_Baffle)
    Angle_Control_PS2_Gate                   0x080006d1   Thumb Code    82  bsp_servo.o(.text.Angle_Control_PS2_Gate)
    BusFault_Handler                         0x08000725   Thumb Code     2  stm32f1xx_it.o(.text.BusFault_Handler)
    Chasis_Control                           0x08000729   Thumb Code   672  chasis_control.o(.text.Chasis_Control)
    Chasis_Speed                             0x080009d9   Thumb Code    98  chasis_control.o(.text.Chasis_Speed)
    DebugMon_Handler                         0x08000a3d   Thumb Code     2  stm32f1xx_it.o(.text.DebugMon_Handler)
    Error_Handler                            0x08000a41   Thumb Code    10  main.o(.text.Error_Handler)
    GetSpeedInfo                             0x08000a4d   Thumb Code   108  bsp_encoder.o(.text.GetSpeedInfo)
    HAL_DMA_Abort                            0x08000ab9   Thumb Code    70  stm32f1xx_hal_dma.o(.text.HAL_DMA_Abort)
    HAL_DMA_Abort_IT                         0x08000b01   Thumb Code   294  stm32f1xx_hal_dma.o(.text.HAL_DMA_Abort_IT)
    HAL_Delay                                0x08000c29   Thumb Code    40  stm32f1xx_hal.o(.text.HAL_Delay)
    HAL_GPIO_Init                            0x08000c51   Thumb Code   506  stm32f1xx_hal_gpio.o(.text.HAL_GPIO_Init)
    HAL_GPIO_ReadPin                         0x08000e4d   Thumb Code    10  stm32f1xx_hal_gpio.o(.text.HAL_GPIO_ReadPin)
    HAL_GPIO_WritePin                        0x08000e59   Thumb Code    10  stm32f1xx_hal_gpio.o(.text.HAL_GPIO_WritePin)
    HAL_GetTick                              0x08000e65   Thumb Code    12  stm32f1xx_hal.o(.text.HAL_GetTick)
    HAL_IncTick                              0x08000e71   Thumb Code    26  stm32f1xx_hal.o(.text.HAL_IncTick)
    HAL_Init                                 0x08000e8d   Thumb Code    38  stm32f1xx_hal.o(.text.HAL_Init)
    HAL_InitTick                             0x08000eb5   Thumb Code    72  stm32f1xx_hal.o(.text.HAL_InitTick)
    HAL_MspInit                              0x08000efd   Thumb Code    66  stm32f1xx_hal_msp.o(.text.HAL_MspInit)
    HAL_NVIC_EnableIRQ                       0x08000f41   Thumb Code    38  stm32f1xx_hal_cortex.o(.text.HAL_NVIC_EnableIRQ)
    HAL_NVIC_SetPriority                     0x08000f69   Thumb Code    86  stm32f1xx_hal_cortex.o(.text.HAL_NVIC_SetPriority)
    HAL_NVIC_SetPriorityGrouping             0x08000fc1   Thumb Code    32  stm32f1xx_hal_cortex.o(.text.HAL_NVIC_SetPriorityGrouping)
    HAL_RCC_ClockConfig                      0x08000fe1   Thumb Code   446  stm32f1xx_hal_rcc.o(.text.HAL_RCC_ClockConfig)
    HAL_RCC_GetPCLK1Freq                     0x080011a1   Thumb Code    38  stm32f1xx_hal_rcc.o(.text.HAL_RCC_GetPCLK1Freq)
    HAL_RCC_GetPCLK2Freq                     0x080011c9   Thumb Code    38  stm32f1xx_hal_rcc.o(.text.HAL_RCC_GetPCLK2Freq)
    HAL_RCC_OscConfig                        0x080011f1   Thumb Code   948  stm32f1xx_hal_rcc.o(.text.HAL_RCC_OscConfig)
    HAL_SYSTICK_Config                       0x080015a5   Thumb Code    44  stm32f1xx_hal_cortex.o(.text.HAL_SYSTICK_Config)
    HAL_TIMEx_BreakCallback                  0x080015d1   Thumb Code     2  stm32f1xx_hal_tim_ex.o(.text.HAL_TIMEx_BreakCallback)
    HAL_TIMEx_CommutCallback                 0x080015d5   Thumb Code     2  stm32f1xx_hal_tim_ex.o(.text.HAL_TIMEx_CommutCallback)
    HAL_TIMEx_MasterConfigSynchronization    0x080015d9   Thumb Code   146  stm32f1xx_hal_tim_ex.o(.text.HAL_TIMEx_MasterConfigSynchronization)
    HAL_TIM_Base_Init                        0x0800166d   Thumb Code   294  stm32f1xx_hal_tim.o(.text.HAL_TIM_Base_Init)
    HAL_TIM_Base_MspInit                     0x08001795   Thumb Code   270  tim.o(.text.HAL_TIM_Base_MspInit)
    HAL_TIM_Base_Start_IT                    0x080018a5   Thumb Code   134  stm32f1xx_hal_tim.o(.text.HAL_TIM_Base_Start_IT)
    HAL_TIM_ConfigClockSource                0x0800192d   Thumb Code   402  stm32f1xx_hal_tim.o(.text.HAL_TIM_ConfigClockSource)
    HAL_TIM_IC_CaptureCallback               0x08001ac1   Thumb Code   398  stm32f1xx_it.o(.text.HAL_TIM_IC_CaptureCallback)
    HAL_TIM_IC_ConfigChannel                 0x08001c51   Thumb Code   390  stm32f1xx_hal_tim.o(.text.HAL_TIM_IC_ConfigChannel)
    HAL_TIM_IC_Init                          0x08001dd9   Thumb Code   294  stm32f1xx_hal_tim.o(.text.HAL_TIM_IC_Init)
    HAL_TIM_IC_MspInit                       0x08001f01   Thumb Code     2  stm32f1xx_hal_tim.o(.text.HAL_TIM_IC_MspInit)
    HAL_TIM_IC_Start_IT                      0x08001f05   Thumb Code   348  stm32f1xx_hal_tim.o(.text.HAL_TIM_IC_Start_IT)
    HAL_TIM_IRQHandler                       0x08002061   Thumb Code   368  stm32f1xx_hal_tim.o(.text.HAL_TIM_IRQHandler)
    HAL_TIM_OC_DelayElapsedCallback          0x080021d1   Thumb Code     2  stm32f1xx_hal_tim.o(.text.HAL_TIM_OC_DelayElapsedCallback)
    HAL_TIM_PWM_ConfigChannel                0x080021d5   Thumb Code   594  stm32f1xx_hal_tim.o(.text.HAL_TIM_PWM_ConfigChannel)
    HAL_TIM_PWM_Init                         0x08002429   Thumb Code   294  stm32f1xx_hal_tim.o(.text.HAL_TIM_PWM_Init)
    HAL_TIM_PWM_MspInit                      0x08002551   Thumb Code     2  stm32f1xx_hal_tim.o(.text.HAL_TIM_PWM_MspInit)
    HAL_TIM_PWM_PulseFinishedCallback        0x08002555   Thumb Code     2  stm32f1xx_hal_tim.o(.text.HAL_TIM_PWM_PulseFinishedCallback)
    HAL_TIM_PWM_Start                        0x08002559   Thumb Code   226  stm32f1xx_hal_tim.o(.text.HAL_TIM_PWM_Start)
    HAL_TIM_PeriodElapsedCallback            0x0800263d   Thumb Code    70  stm32f1xx_it.o(.text.HAL_TIM_PeriodElapsedCallback)
    HAL_TIM_TriggerCallback                  0x08002685   Thumb Code     2  stm32f1xx_hal_tim.o(.text.HAL_TIM_TriggerCallback)
    HAL_UARTEx_RxEventCallback               0x08002689   Thumb Code     2  stm32f1xx_hal_uart.o(.text.HAL_UARTEx_RxEventCallback)
    HAL_UART_ErrorCallback                   0x0800268d   Thumb Code     2  stm32f1xx_hal_uart.o(.text.HAL_UART_ErrorCallback)
    HAL_UART_IRQHandler                      0x08002691   Thumb Code   624  stm32f1xx_hal_uart.o(.text.HAL_UART_IRQHandler)
    HAL_UART_Init                            0x08002901   Thumb Code   224  stm32f1xx_hal_uart.o(.text.HAL_UART_Init)
    HAL_UART_MspInit                         0x080029e1   Thumb Code   138  usart.o(.text.HAL_UART_MspInit)
    HAL_UART_Receive_IT                      0x08002a6d   Thumb Code    86  stm32f1xx_hal_uart.o(.text.HAL_UART_Receive_IT)
    HAL_UART_RxCpltCallback                  0x08002ac5   Thumb Code   202  usart.o(.text.HAL_UART_RxCpltCallback)
    HAL_UART_Transmit                        0x08002b91   Thumb Code   420  stm32f1xx_hal_uart.o(.text.HAL_UART_Transmit)
    HAL_UART_TxCpltCallback                  0x08002d35   Thumb Code     2  stm32f1xx_hal_uart.o(.text.HAL_UART_TxCpltCallback)
    HardFault_Handler                        0x08002d39   Thumb Code     2  stm32f1xx_it.o(.text.HardFault_Handler)
    MX_GPIO_Init                             0x08002d3d   Thumb Code   226  gpio.o(.text.MX_GPIO_Init)
    MX_TIM3_Init                             0x08002e21   Thumb Code   450  tim.o(.text.MX_TIM3_Init)
    MX_TIM4_Init                             0x08002fe5   Thumb Code   454  tim.o(.text.MX_TIM4_Init)
    MX_TIM5_Init                             0x080031ad   Thumb Code   260  tim.o(.text.MX_TIM5_Init)
    MX_TIM6_Init                             0x080032b1   Thumb Code    80  tim.o(.text.MX_TIM6_Init)
    MX_USART1_UART_Init                      0x08003301   Thumb Code    72  usart.o(.text.MX_USART1_UART_Init)
    MemManage_Handler                        0x08003349   Thumb Code     2  stm32f1xx_it.o(.text.MemManage_Handler)
    MotoASetSpeed                            0x0800334d   Thumb Code    66  bsp_motor.o(.text.MotoASetSpeed)
    MotoBSetSpeed                            0x08003391   Thumb Code    66  bsp_motor.o(.text.MotoBSetSpeed)
    MotoCSetSpeed                            0x080033d5   Thumb Code    66  bsp_motor.o(.text.MotoCSetSpeed)
    MotoDSetSpeed                            0x08003419   Thumb Code    70  bsp_motor.o(.text.MotoDSetSpeed)
    NMI_Handler                              0x08003461   Thumb Code     2  stm32f1xx_it.o(.text.NMI_Handler)
    PID_Param_SetZero                        0x08003465   Thumb Code    28  pid.o(.text.PID_Param_SetZero)
    PS2_Decode                               0x08003481   Thumb Code   224  ps2.o(.text.PS2_Decode)
    PS2_ReadWrite_Byte                       0x08003561   Thumb Code   162  ps2.o(.text.PS2_ReadWrite_Byte)
    PS2_Read_Data                            0x08003605   Thumb Code   118  ps2.o(.text.PS2_Read_Data)
    PendSV_Handler                           0x0800367d   Thumb Code     2  stm32f1xx_it.o(.text.PendSV_Handler)
    SVC_Handler                              0x08003681   Thumb Code     2  stm32f1xx_it.o(.text.SVC_Handler)
    Servo_Control_Baffle                     0x08003685   Thumb Code   170  bsp_servo.o(.text.Servo_Control_Baffle)
    Servo_Control_Gate                       0x08003731   Thumb Code   170  bsp_servo.o(.text.Servo_Control_Gate)
    Speed_PID_Calculate                      0x080037dd   Thumb Code    18  chasis_control.o(.text.Speed_PID_Calculate)
    Speed_Synchronization                    0x080037f1   Thumb Code    28  chasis_control.o(.text.Speed_Synchronization)
    SysTick_Handler                          0x0800380d   Thumb Code     4  stm32f1xx_it.o(.text.SysTick_Handler)
    SystemInit                               0x08003811   Thumb Code     2  system_stm32f1xx.o(.text.SystemInit)
    TIM5_IRQHandler                          0x08003815   Thumb Code    12  stm32f1xx_it.o(.text.TIM5_IRQHandler)
    USART1_IRQHandler                        0x080038e5   Thumb Code    12  stm32f1xx_it.o(.text.USART1_IRQHandler)
    UsageFault_Handler                       0x080038f1   Thumb Code     2  stm32f1xx_it.o(.text.UsageFault_Handler)
    bsp_InitPid                              0x080038f5   Thumb Code    68  pid.o(.text.bsp_InitPid)
    fputc                                    0x08003939   Thumb Code    34  usart.o(.text.fputc)
    main                                     0x0800395d   Thumb Code   272  main.o(.text.main)
    __0printf$1                              0x08003abd   Thumb Code    22  printf1.o(i.__0printf$1)
    __1printf$1                              0x08003abd   Thumb Code     0  printf1.o(i.__0printf$1)
    __2printf                                0x08003abd   Thumb Code     0  printf1.o(i.__0printf$1)
    __scatterload_copy                       0x08003add   Thumb Code    14  handlers.o(i.__scatterload_copy)
    __scatterload_null                       0x08003aeb   Thumb Code     2  handlers.o(i.__scatterload_null)
    __scatterload_zeroinit                   0x08003aed   Thumb Code    14  handlers.o(i.__scatterload_zeroinit)
    puts                                     0x08003c51   Thumb Code    30  puts.o(i.puts)
    AHBPrescTable                            0x08003c76   Data          16  system_stm32f1xx.o(.rodata.AHBPrescTable)
    APBPrescTable                            0x08003c86   Data           8  system_stm32f1xx.o(.rodata.APBPrescTable)
    Region$$Table$$Base                      0x08003ca0   Number         0  anon$$obj.o(Region$$Table)
    Region$$Table$$Limit                     0x08003cc0   Number         0  anon$$obj.o(Region$$Table)
    __stdout                                 0x20000000   Data           4  stdout.o(.data)
    uwTickFreq                               0x20000004   Data           1  stm32f1xx_hal.o(.data..L_MergedGlobals)
    uwTickPrio                               0x20000008   Data           4  stm32f1xx_hal.o(.data..L_MergedGlobals)
    SystemCoreClock                          0x2000000c   Data           4  system_stm32f1xx.o(.data.SystemCoreClock)
    rx_array1                                0x20000014   Data          20  usart.o(.data.rx_array1)
    res                                      0x20000028   Data           1  usart.o(.bss..L_MergedGlobals)
    huart1                                   0x2000002c   Data          68  usart.o(.bss..L_MergedGlobals)
    PS2_RawData                              0x20000070   Data           9  ps2.o(.bss..L_MergedGlobals)
    PS2_Data                                 0x20000079   Data          21  ps2.o(.bss..L_MergedGlobals)
    g_EncoderValue                           0x200000f8   Data          16  bsp_encoder.o(.bss.g_EncoderValue)
    g_WheelSpeed                             0x20000108   Data           8  bsp_encoder.o(.bss.g_WheelSpeed)
    htim3                                    0x20000110   Data          72  tim.o(.bss.htim3)
    htim4                                    0x20000158   Data          72  tim.o(.bss.htim4)
    htim5                                    0x200001a0   Data          72  tim.o(.bss.htim5)
    htim6                                    0x200001e8   Data          72  tim.o(.bss.htim6)
    uwTick                                   0x20000240   Data           4  stm32f1xx_hal.o(.bss.uwTick)
    __initial_sp                             0x20000648   Data           0  startup_stm32f103xe.o(STACK)



==============================================================================

Memory Map of the image

  Image Entry point : 0x08000131

  Load Region LR_IROM1 (Base: 0x08000000, Size: 0x00003ce8, Max: 0x00040000, ABSOLUTE)

    Execution Region ER_IROM1 (Exec base: 0x08000000, Load base: 0x08000000, Size: 0x00003cc0, Max: 0x00040000, ABSOLUTE)

    Exec Addr    Load Addr    Size         Type   Attr      Idx    E Section Name        Object

    0x08000000   0x08000000   0x00000130   Data   RO            3    RESET               startup_stm32f103xe.o
    0x08000130   0x08000130   0x00000000   Code   RO         1073  * .ARM.Collect$$$$00000000  mc_w.l(entry.o)
    0x08000130   0x08000130   0x00000004   Code   RO         1369    .ARM.Collect$$$$00000001  mc_w.l(entry2.o)
    0x08000134   0x08000134   0x00000004   Code   RO         1372    .ARM.Collect$$$$00000004  mc_w.l(entry5.o)
    0x08000138   0x08000138   0x00000000   Code   RO         1374    .ARM.Collect$$$$00000008  mc_w.l(entry7b.o)
    0x08000138   0x08000138   0x00000000   Code   RO         1376    .ARM.Collect$$$$0000000A  mc_w.l(entry8b.o)
    0x08000138   0x08000138   0x00000008   Code   RO         1377    .ARM.Collect$$$$0000000B  mc_w.l(entry9a.o)
    0x08000140   0x08000140   0x00000000   Code   RO         1379    .ARM.Collect$$$$0000000D  mc_w.l(entry10a.o)
    0x08000140   0x08000140   0x00000000   Code   RO         1381    .ARM.Collect$$$$0000000F  mc_w.l(entry11a.o)
    0x08000140   0x08000140   0x00000004   Code   RO         1370    .ARM.Collect$$$$00002712  mc_w.l(entry2.o)
    0x08000144   0x08000144   0x00000024   Code   RO            4    .text               startup_stm32f103xe.o
    0x08000168   0x08000168   0x0000014e   Code   RO         1347    .text               mf_w.l(dadd.o)
    0x080002b6   0x080002b6   0x000000e4   Code   RO         1349    .text               mf_w.l(dmul.o)
    0x0800039a   0x0800039a   0x000000de   Code   RO         1351    .text               mf_w.l(ddiv.o)
    0x08000478   0x08000478   0x00000036   Code   RO         1359    .text               mf_w.l(dcmplt.o)
    0x080004ae   0x080004ae   0x00000022   Code   RO         1363    .text               mf_w.l(dflti.o)
    0x080004d0   0x080004d0   0x0000003e   Code   RO         1367    .text               mf_w.l(dfixi.o)
    0x0800050e   0x0800050e   0x0000002c   Code   RO         1393    .text               mc_w.l(uidiv.o)
    0x0800053a   0x0800053a   0x0000001e   Code   RO         1397    .text               mc_w.l(llshl.o)
    0x08000558   0x08000558   0x00000020   Code   RO         1399    .text               mc_w.l(llushr.o)
    0x08000578   0x08000578   0x00000024   Code   RO         1401    .text               mc_w.l(llsshr.o)
    0x0800059c   0x0800059c   0x00000000   Code   RO         1403    .text               mc_w.l(iusefp.o)
    0x0800059c   0x0800059c   0x000000ba   Code   RO         1406    .text               mf_w.l(depilogue.o)
    0x08000656   0x08000656   0x00000002   PAD
    0x08000658   0x08000658   0x00000024   Code   RO         1412    .text               mc_w.l(init.o)
    0x0800067c   0x0800067c   0x00000052   Code   RO          948    .text.Angle_Control_PS2_Baffle  bsp_servo.o
    0x080006ce   0x080006ce   0x00000002   PAD
    0x080006d0   0x080006d0   0x00000052   Code   RO          940    .text.Angle_Control_PS2_Gate  bsp_servo.o
    0x08000722   0x08000722   0x00000002   PAD
    0x08000724   0x08000724   0x00000002   Code   RO           94    .text.BusFault_Handler  stm32f1xx_it.o
    0x08000726   0x08000726   0x00000002   PAD
    0x08000728   0x08000728   0x000002b0   Code   RO         1057    .text.Chasis_Control  chasis_control.o
    0x080009d8   0x080009d8   0x00000062   Code   RO         1059    .text.Chasis_Speed  chasis_control.o
    0x08000a3a   0x08000a3a   0x00000002   PAD
    0x08000a3c   0x08000a3c   0x00000002   Code   RO          100    .text.DebugMon_Handler  stm32f1xx_it.o
    0x08000a3e   0x08000a3e   0x00000002   PAD
    0x08000a40   0x08000a40   0x0000000a   Code   RO           15    .text.Error_Handler  main.o
    0x08000a4a   0x08000a4a   0x00000002   PAD
    0x08000a4c   0x08000a4c   0x0000006c   Code   RO          961    .text.GetSpeedInfo  bsp_encoder.o
    0x08000ab8   0x08000ab8   0x00000046   Code   RO          608    .text.HAL_DMA_Abort  stm32f1xx_hal_dma.o
    0x08000afe   0x08000afe   0x00000002   PAD
    0x08000b00   0x08000b00   0x00000126   Code   RO          610    .text.HAL_DMA_Abort_IT  stm32f1xx_hal_dma.o
    0x08000c26   0x08000c26   0x00000002   PAD
    0x08000c28   0x08000c28   0x00000028   Code   RO          484    .text.HAL_Delay     stm32f1xx_hal.o
    0x08000c50   0x08000c50   0x000001fa   Code   RO          576    .text.HAL_GPIO_Init  stm32f1xx_hal_gpio.o
    0x08000e4a   0x08000e4a   0x00000002   PAD
    0x08000e4c   0x08000e4c   0x0000000a   Code   RO          580    .text.HAL_GPIO_ReadPin  stm32f1xx_hal_gpio.o
    0x08000e56   0x08000e56   0x00000002   PAD
    0x08000e58   0x08000e58   0x0000000a   Code   RO          582    .text.HAL_GPIO_WritePin  stm32f1xx_hal_gpio.o
    0x08000e62   0x08000e62   0x00000002   PAD
    0x08000e64   0x08000e64   0x0000000c   Code   RO          476    .text.HAL_GetTick   stm32f1xx_hal.o
    0x08000e70   0x08000e70   0x0000001a   Code   RO          474    .text.HAL_IncTick   stm32f1xx_hal.o
    0x08000e8a   0x08000e8a   0x00000002   PAD
    0x08000e8c   0x08000e8c   0x00000026   Code   RO          464    .text.HAL_Init      stm32f1xx_hal.o
    0x08000eb2   0x08000eb2   0x00000002   PAD
    0x08000eb4   0x08000eb4   0x00000048   Code   RO          466    .text.HAL_InitTick  stm32f1xx_hal.o
    0x08000efc   0x08000efc   0x00000042   Code   RO          123    .text.HAL_MspInit   stm32f1xx_hal_msp.o
    0x08000f3e   0x08000f3e   0x00000002   PAD
    0x08000f40   0x08000f40   0x00000026   Code   RO          636    .text.HAL_NVIC_EnableIRQ  stm32f1xx_hal_cortex.o
    0x08000f66   0x08000f66   0x00000002   PAD
    0x08000f68   0x08000f68   0x00000056   Code   RO          634    .text.HAL_NVIC_SetPriority  stm32f1xx_hal_cortex.o
    0x08000fbe   0x08000fbe   0x00000002   PAD
    0x08000fc0   0x08000fc0   0x00000020   Code   RO          632    .text.HAL_NVIC_SetPriorityGrouping  stm32f1xx_hal_cortex.o
    0x08000fe0   0x08000fe0   0x000001be   Code   RO          528    .text.HAL_RCC_ClockConfig  stm32f1xx_hal_rcc.o
    0x0800119e   0x0800119e   0x00000002   PAD
    0x080011a0   0x080011a0   0x00000026   Code   RO          540    .text.HAL_RCC_GetPCLK1Freq  stm32f1xx_hal_rcc.o
    0x080011c6   0x080011c6   0x00000002   PAD
    0x080011c8   0x080011c8   0x00000026   Code   RO          542    .text.HAL_RCC_GetPCLK2Freq  stm32f1xx_hal_rcc.o
    0x080011ee   0x080011ee   0x00000002   PAD
    0x080011f0   0x080011f0   0x000003b4   Code   RO          526    .text.HAL_RCC_OscConfig  stm32f1xx_hal_rcc.o
    0x080015a4   0x080015a4   0x0000002c   Code   RO          644    .text.HAL_SYSTICK_Config  stm32f1xx_hal_cortex.o
    0x080015d0   0x080015d0   0x00000002   Code   RO          450    .text.HAL_TIMEx_BreakCallback  stm32f1xx_hal_tim_ex.o
    0x080015d2   0x080015d2   0x00000002   PAD
    0x080015d4   0x080015d4   0x00000002   Code   RO          446    .text.HAL_TIMEx_CommutCallback  stm32f1xx_hal_tim_ex.o
    0x080015d6   0x080015d6   0x00000002   PAD
    0x080015d8   0x080015d8   0x00000092   Code   RO          440    .text.HAL_TIMEx_MasterConfigSynchronization  stm32f1xx_hal_tim_ex.o
    0x0800166a   0x0800166a   0x00000002   PAD
    0x0800166c   0x0800166c   0x00000126   Code   RO          146    .text.HAL_TIM_Base_Init  stm32f1xx_hal_tim.o
    0x08001792   0x08001792   0x00000002   PAD
    0x08001794   0x08001794   0x0000010e   Code   RO           44    .text.HAL_TIM_Base_MspInit  tim.o
    0x080018a2   0x080018a2   0x00000002   PAD
    0x080018a4   0x080018a4   0x00000086   Code   RO          160    .text.HAL_TIM_Base_Start_IT  stm32f1xx_hal_tim.o
    0x0800192a   0x0800192a   0x00000002   PAD
    0x0800192c   0x0800192c   0x00000192   Code   RO          326    .text.HAL_TIM_ConfigClockSource  stm32f1xx_hal_tim.o
    0x08001abe   0x08001abe   0x00000002   PAD
    0x08001ac0   0x08001ac0   0x0000018e   Code   RO          112    .text.HAL_TIM_IC_CaptureCallback  stm32f1xx_it.o
    0x08001c4e   0x08001c4e   0x00000002   PAD
    0x08001c50   0x08001c50   0x00000186   Code   RO          296    .text.HAL_TIM_IC_ConfigChannel  stm32f1xx_hal_tim.o
    0x08001dd6   0x08001dd6   0x00000002   PAD
    0x08001dd8   0x08001dd8   0x00000126   Code   RO          220    .text.HAL_TIM_IC_Init  stm32f1xx_hal_tim.o
    0x08001efe   0x08001efe   0x00000002   PAD
    0x08001f00   0x08001f00   0x00000002   Code   RO          222    .text.HAL_TIM_IC_MspInit  stm32f1xx_hal_tim.o
    0x08001f02   0x08001f02   0x00000002   PAD
    0x08001f04   0x08001f04   0x0000015c   Code   RO          232    .text.HAL_TIM_IC_Start_IT  stm32f1xx_hal_tim.o
    0x08002060   0x08002060   0x00000170   Code   RO          280    .text.HAL_TIM_IRQHandler  stm32f1xx_hal_tim.o
    0x080021d0   0x080021d0   0x00000002   Code   RO          284    .text.HAL_TIM_OC_DelayElapsedCallback  stm32f1xx_hal_tim.o
    0x080021d2   0x080021d2   0x00000002   PAD
    0x080021d4   0x080021d4   0x00000252   Code   RO          300    .text.HAL_TIM_PWM_ConfigChannel  stm32f1xx_hal_tim.o
    0x08002426   0x08002426   0x00000002   PAD
    0x08002428   0x08002428   0x00000126   Code   RO          200    .text.HAL_TIM_PWM_Init  stm32f1xx_hal_tim.o
    0x0800254e   0x0800254e   0x00000002   PAD
    0x08002550   0x08002550   0x00000002   Code   RO          202    .text.HAL_TIM_PWM_MspInit  stm32f1xx_hal_tim.o
    0x08002552   0x08002552   0x00000002   PAD
    0x08002554   0x08002554   0x00000002   Code   RO          286    .text.HAL_TIM_PWM_PulseFinishedCallback  stm32f1xx_hal_tim.o
    0x08002556   0x08002556   0x00000002   PAD
    0x08002558   0x08002558   0x000000e2   Code   RO          208    .text.HAL_TIM_PWM_Start  stm32f1xx_hal_tim.o
    0x0800263a   0x0800263a   0x00000002   PAD
    0x0800263c   0x0800263c   0x00000046   Code   RO          110    .text.HAL_TIM_PeriodElapsedCallback  stm32f1xx_it.o
    0x08002682   0x08002682   0x00000002   PAD
    0x08002684   0x08002684   0x00000002   Code   RO          290    .text.HAL_TIM_TriggerCallback  stm32f1xx_hal_tim.o
    0x08002686   0x08002686   0x00000002   PAD
    0x08002688   0x08002688   0x00000002   Code   RO          879    .text.HAL_UARTEx_RxEventCallback  stm32f1xx_hal_uart.o
    0x0800268a   0x0800268a   0x00000002   PAD
    0x0800268c   0x0800268c   0x00000002   Code   RO          877    .text.HAL_UART_ErrorCallback  stm32f1xx_hal_uart.o
    0x0800268e   0x0800268e   0x00000002   PAD
    0x08002690   0x08002690   0x00000270   Code   RO          871    .text.HAL_UART_IRQHandler  stm32f1xx_hal_uart.o
    0x08002900   0x08002900   0x000000e0   Code   RO          797    .text.HAL_UART_Init  stm32f1xx_hal_uart.o
    0x080029e0   0x080029e0   0x0000008a   Code   RO           66    .text.HAL_UART_MspInit  usart.o
    0x08002a6a   0x08002a6a   0x00000002   PAD
    0x08002a6c   0x08002a6c   0x00000056   Code   RO          817    .text.HAL_UART_Receive_IT  stm32f1xx_hal_uart.o
    0x08002ac2   0x08002ac2   0x00000002   PAD
    0x08002ac4   0x08002ac4   0x000000ca   Code   RO           76    .text.HAL_UART_RxCpltCallback  usart.o
    0x08002b8e   0x08002b8e   0x00000002   PAD
    0x08002b90   0x08002b90   0x000001a4   Code   RO          811    .text.HAL_UART_Transmit  stm32f1xx_hal_uart.o
    0x08002d34   0x08002d34   0x00000002   Code   RO          881    .text.HAL_UART_TxCpltCallback  stm32f1xx_hal_uart.o
    0x08002d36   0x08002d36   0x00000002   PAD
    0x08002d38   0x08002d38   0x00000002   Code   RO           90    .text.HardFault_Handler  stm32f1xx_it.o
    0x08002d3a   0x08002d3a   0x00000002   PAD
    0x08002d3c   0x08002d3c   0x000000e2   Code   RO           25    .text.MX_GPIO_Init  gpio.o
    0x08002e1e   0x08002e1e   0x00000002   PAD
    0x08002e20   0x08002e20   0x000001c2   Code   RO           34    .text.MX_TIM3_Init  tim.o
    0x08002fe2   0x08002fe2   0x00000002   PAD
    0x08002fe4   0x08002fe4   0x000001c6   Code   RO           38    .text.MX_TIM4_Init  tim.o
    0x080031aa   0x080031aa   0x00000002   PAD
    0x080031ac   0x080031ac   0x00000104   Code   RO           40    .text.MX_TIM5_Init  tim.o
    0x080032b0   0x080032b0   0x00000050   Code   RO           42    .text.MX_TIM6_Init  tim.o
    0x08003300   0x08003300   0x00000048   Code   RO           64    .text.MX_USART1_UART_Init  usart.o
    0x08003348   0x08003348   0x00000002   Code   RO           92    .text.MemManage_Handler  stm32f1xx_it.o
    0x0800334a   0x0800334a   0x00000002   PAD
    0x0800334c   0x0800334c   0x00000042   Code   RO          988    .text.MotoASetSpeed  bsp_motor.o
    0x0800338e   0x0800338e   0x00000002   PAD
    0x08003390   0x08003390   0x00000042   Code   RO          990    .text.MotoBSetSpeed  bsp_motor.o
    0x080033d2   0x080033d2   0x00000002   PAD
    0x080033d4   0x080033d4   0x00000042   Code   RO          992    .text.MotoCSetSpeed  bsp_motor.o
    0x08003416   0x08003416   0x00000002   PAD
    0x08003418   0x08003418   0x00000046   Code   RO          994    .text.MotoDSetSpeed  bsp_motor.o
    0x0800345e   0x0800345e   0x00000002   PAD
    0x08003460   0x08003460   0x00000002   Code   RO           88    .text.NMI_Handler   stm32f1xx_it.o
    0x08003462   0x08003462   0x00000002   PAD
    0x08003464   0x08003464   0x0000001c   Code   RO         1046    .text.PID_Param_SetZero  pid.o
    0x08003480   0x08003480   0x000000e0   Code   RO         1029    .text.PS2_Decode    ps2.o
    0x08003560   0x08003560   0x000000a2   Code   RO         1027    .text.PS2_ReadWrite_Byte  ps2.o
    0x08003602   0x08003602   0x00000002   PAD
    0x08003604   0x08003604   0x00000076   Code   RO         1031    .text.PS2_Read_Data  ps2.o
    0x0800367a   0x0800367a   0x00000002   PAD
    0x0800367c   0x0800367c   0x00000002   Code   RO          102    .text.PendSV_Handler  stm32f1xx_it.o
    0x0800367e   0x0800367e   0x00000002   PAD
    0x08003680   0x08003680   0x00000002   Code   RO           98    .text.SVC_Handler   stm32f1xx_it.o
    0x08003682   0x08003682   0x00000002   PAD
    0x08003684   0x08003684   0x000000aa   Code   RO          946    .text.Servo_Control_Baffle  bsp_servo.o
    0x0800372e   0x0800372e   0x00000002   PAD
    0x08003730   0x08003730   0x000000aa   Code   RO          938    .text.Servo_Control_Gate  bsp_servo.o
    0x080037da   0x080037da   0x00000002   PAD
    0x080037dc   0x080037dc   0x00000012   Code   RO         1063    .text.Speed_PID_Calculate  chasis_control.o
    0x080037ee   0x080037ee   0x00000002   PAD
    0x080037f0   0x080037f0   0x0000001c   Code   RO         1061    .text.Speed_Synchronization  chasis_control.o
    0x0800380c   0x0800380c   0x00000004   Code   RO          104    .text.SysTick_Handler  stm32f1xx_it.o
    0x08003810   0x08003810   0x00000002   Code   RO          915    .text.SystemInit    system_stm32f1xx.o
    0x08003812   0x08003812   0x00000002   PAD
    0x08003814   0x08003814   0x0000000c   Code   RO          108    .text.TIM5_IRQHandler  stm32f1xx_it.o
    0x08003820   0x08003820   0x0000000c   Code   RO          875    .text.UART_DMAAbortOnError  stm32f1xx_hal_uart.o
    0x0800382c   0x0800382c   0x000000b6   Code   RO          873    .text.UART_Receive_IT  stm32f1xx_hal_uart.o
    0x080038e2   0x080038e2   0x00000002   PAD
    0x080038e4   0x080038e4   0x0000000c   Code   RO          106    .text.USART1_IRQHandler  stm32f1xx_it.o
    0x080038f0   0x080038f0   0x00000002   Code   RO           96    .text.UsageFault_Handler  stm32f1xx_it.o
    0x080038f2   0x080038f2   0x00000002   PAD
    0x080038f4   0x080038f4   0x00000044   Code   RO         1042    .text.bsp_InitPid   pid.o
    0x08003938   0x08003938   0x00000022   Code   RO           70    .text.fputc         usart.o
    0x0800395a   0x0800395a   0x00000002   PAD
    0x0800395c   0x0800395c   0x00000160   Code   RO           11    .text.main          main.o
    0x08003abc   0x08003abc   0x00000020   Code   RO         1125    i.__0printf$1       mc_w.l(printf1.o)
    0x08003adc   0x08003adc   0x0000000e   Code   RO         1416    i.__scatterload_copy  mc_w.l(handlers.o)
    0x08003aea   0x08003aea   0x00000002   Code   RO         1417    i.__scatterload_null  mc_w.l(handlers.o)
    0x08003aec   0x08003aec   0x0000000e   Code   RO         1418    i.__scatterload_zeroinit  mc_w.l(handlers.o)
    0x08003afa   0x08003afa   0x00000002   PAD
    0x08003afc   0x08003afc   0x00000154   Code   RO         1132    i._printf_core      mc_w.l(printf1.o)
    0x08003c50   0x08003c50   0x00000024   Code   RO         1076    i.puts              mc_w.l(puts.o)
    0x08003c74   0x08003c74   0x00000002   Data   RO          553    .rodata..L__const.HAL_RCC_GetSysClockFreq.aPredivFactorTable  stm32f1xx_hal_rcc.o
    0x08003c76   0x08003c76   0x00000010   Data   RO          920    .rodata.AHBPrescTable  system_stm32f1xx.o
    0x08003c86   0x08003c86   0x00000008   Data   RO          921    .rodata.APBPrescTable  system_stm32f1xx.o
    0x08003c8e   0x08003c8e   0x00000010   Data   RO          552    .rodata.cst16       stm32f1xx_hal_rcc.o
    0x08003c9e   0x08003c9e   0x00000002   PAD
    0x08003ca0   0x08003ca0   0x00000020   Data   RO         1415    Region$$Table       anon$$obj.o


    Execution Region RW_IRAM1 (Exec base: 0x20000000, Load base: 0x08003cc0, Size: 0x00000648, Max: 0x0000c000, ABSOLUTE)

    Exec Addr    Load Addr    Size         Type   Attr      Idx    E Section Name        Object

    0x20000000   0x08003cc0   0x00000004   Data   RW         1383    .data               mc_w.l(stdout.o)
    0x20000004   0x08003cc4   0x00000008   Data   RW          515    .data..L_MergedGlobals  stm32f1xx_hal.o
    0x2000000c   0x08003ccc   0x00000004   Data   RW          919    .data.SystemCoreClock  system_stm32f1xx.o
    0x20000010   0x08003cd0   0x00000004   Data   RW         1065    .data._speed_       chasis_control.o
    0x20000014   0x08003cd4   0x00000014   Data   RW           78    .data.rx_array1     usart.o
    0x20000028        -       0x00000048   Zero   RW           79    .bss..L_MergedGlobals  usart.o
    0x20000070        -       0x0000001e   Zero   RW         1033    .bss..L_MergedGlobals  ps2.o
    0x2000008e   0x08003ce8   0x00000002   PAD
    0x20000090        -       0x00000050   Zero   RW         1048    .bss..L_MergedGlobals  pid.o
    0x200000e0        -       0x00000010   Zero   RW         1066    .bss..L_MergedGlobals  chasis_control.o
    0x200000f0        -       0x00000004   Zero   RW          951    .bss._angle_baffle  bsp_servo.o
    0x200000f4        -       0x00000004   Zero   RW          950    .bss._angle_gate    bsp_servo.o
    0x200000f8        -       0x00000010   Zero   RW          964    .bss.g_EncoderValue  bsp_encoder.o
    0x20000108        -       0x00000008   Zero   RW          963    .bss.g_WheelSpeed   bsp_encoder.o
    0x20000110        -       0x00000048   Zero   RW           52    .bss.htim3          tim.o
    0x20000158        -       0x00000048   Zero   RW           53    .bss.htim4          tim.o
    0x200001a0        -       0x00000048   Zero   RW           54    .bss.htim5          tim.o
    0x200001e8        -       0x00000048   Zero   RW           55    .bss.htim6          tim.o
    0x20000230        -       0x00000010   Zero   RW          114    .bss.s_EncodeValue  stm32f1xx_it.o
    0x20000240        -       0x00000004   Zero   RW          514    .bss.uwTick         stm32f1xx_hal.o
    0x20000244   0x08003ce8   0x00000004   PAD
    0x20000248        -       0x00000400   Zero   RW            1    STACK               startup_stm32f103xe.o


==============================================================================

Image component sizes


      Code (inc. data)   RO Data    RW Data    ZI Data      Debug   Object Name

       108          0          0          0         24       1319   bsp_encoder.o
       268          0          0          0          0       2813   bsp_motor.o
       504          0          0          0          8       2387   bsp_servo.o
       832         16          0          4         16       1950   chasis_control.o
       226          0          0          0          0       1616   gpio.o
       362         80          0          0          0       2855   main.o
        96          0          0          0         80       1878   pid.o
       504          0          0          0         30       4541   ps2.o
        36          8        304          0       1024        788   startup_stm32f103xe.o
       188          0          0          8          4       6075   stm32f1xx_hal.o
       200          0          0          0          0       8833   stm32f1xx_hal_cortex.o
       364          0          0          0          0       8520   stm32f1xx_hal_dma.o
       526         20          0          0          0       4556   stm32f1xx_hal_gpio.o
        66          0          0          0          0       1199   stm32f1xx_hal_msp.o
      1470          0         18          0          0       7666   stm32f1xx_hal_rcc.o
      3354          8          0          0          0      54546   stm32f1xx_hal_tim.o
       150          0          0          0          0      20577   stm32f1xx_hal_tim_ex.o
      1554          0          0          0          0      23627   stm32f1xx_hal_uart.o
       512          8          0          0         16       6539   stm32f1xx_it.o
         2          0         24          4          0       1625   system_stm32f1xx.o
      1514          4          0          0        288       9363   tim.o
       446          0          0         20         72       7502   usart.o

    ----------------------------------------------------------------------
     13412        144        380         36       1568     180775   Object Totals
         0          0         32          0          0          0   (incl. Generated)
       130          0          2          0          6          0   (incl. Padding)

    ----------------------------------------------------------------------

      Code (inc. data)   RO Data    RW Data    ZI Data      Debug   Library Member Name

         0          0          0          0          0          0   entry.o
         0          0          0          0          0          0   entry10a.o
         0          0          0          0          0          0   entry11a.o
         8          4          0          0          0          0   entry2.o
         4          0          0          0          0          0   entry5.o
         0          0          0          0          0          0   entry7b.o
         0          0          0          0          0          0   entry8b.o
         8          4          0          0          0          0   entry9a.o
        30          0          0          0          0          0   handlers.o
        36          8          0          0          0         68   init.o
         0          0          0          0          0          0   iusefp.o
        30          0          0          0          0         68   llshl.o
        36          0          0          0          0         68   llsshr.o
        32          0          0          0          0         68   llushr.o
       372         14          0          0          0        184   printf1.o
        36          6          0          0          0         80   puts.o
         0          0          0          4          0          0   stdout.o
        44          0          0          0          0         80   uidiv.o
       334          0          0          0          0        148   dadd.o
        54          0          0          0          0         80   dcmplt.o
       222          0          0          0          0        100   ddiv.o
       186          0          0          0          0        176   depilogue.o
        62          0          0          0          0         80   dfixi.o
        34          0          0          0          0         76   dflti.o
       228          0          0          0          0         96   dmul.o

    ----------------------------------------------------------------------
      1760         36          0          4          0       1372   Library Totals
         4          0          0          0          0          0   (incl. Padding)

    ----------------------------------------------------------------------

      Code (inc. data)   RO Data    RW Data    ZI Data      Debug   Library Name

       636         36          0          4          0        616   mc_w.l
      1120          0          0          0          0        756   mf_w.l

    ----------------------------------------------------------------------
      1760         36          0          4          0       1372   Library Totals

    ----------------------------------------------------------------------

==============================================================================


      Code (inc. data)   RO Data    RW Data    ZI Data      Debug   

     15172        180        380         40       1568     181223   Grand Totals
     15172        180        380         40       1568     181223   ELF Image Totals
     15172        180        380         40          0          0   ROM Totals

==============================================================================

    Total RO  Size (Code + RO Data)                15552 (  15.19kB)
    Total RW  Size (RW Data + ZI Data)              1608 (   1.57kB)
    Total ROM Size (Code + RO Data + RW Data)      15592 (  15.23kB)

==============================================================================

